Archive member included to satisfy reference by file (symbol)

/mnt/mydisk/Augusto/Programs/st/stm32cubeide_1.4.0/plugins/com.st.stm32cube.ide.mcu.externaltools.gnu-tools-for-stm32.7-2018-q2-update.linux64_1.4.0.202007081208/tools/bin/../lib/gcc/arm-none-eabi/7.3.1/../../../../arm-none-eabi/lib/thumb/v7-m/libc_nano.a(lib_a-atoi.o)
                              Core/Src/main.o (atoi)
/mnt/mydisk/Augusto/Programs/st/stm32cubeide_1.4.0/plugins/com.st.stm32cube.ide.mcu.externaltools.gnu-tools-for-stm32.7-2018-q2-update.linux64_1.4.0.202007081208/tools/bin/../lib/gcc/arm-none-eabi/7.3.1/../../../../arm-none-eabi/lib/thumb/v7-m/libc_nano.a(lib_a-errno.o)
                              Core/Src/syscalls.o (__errno)
/mnt/mydisk/Augusto/Programs/st/stm32cubeide_1.4.0/plugins/com.st.stm32cube.ide.mcu.externaltools.gnu-tools-for-stm32.7-2018-q2-update.linux64_1.4.0.202007081208/tools/bin/../lib/gcc/arm-none-eabi/7.3.1/../../../../arm-none-eabi/lib/thumb/v7-m/libc_nano.a(lib_a-exit.o)
                              /mnt/mydisk/Augusto/Programs/st/stm32cubeide_1.4.0/plugins/com.st.stm32cube.ide.mcu.externaltools.gnu-tools-for-stm32.7-2018-q2-update.linux64_1.4.0.202007081208/tools/bin/../lib/gcc/arm-none-eabi/7.3.1/../../../../arm-none-eabi/lib/thumb/v7-m/crt0.o (exit)
/mnt/mydisk/Augusto/Programs/st/stm32cubeide_1.4.0/plugins/com.st.stm32cube.ide.mcu.externaltools.gnu-tools-for-stm32.7-2018-q2-update.linux64_1.4.0.202007081208/tools/bin/../lib/gcc/arm-none-eabi/7.3.1/../../../../arm-none-eabi/lib/thumb/v7-m/libc_nano.a(lib_a-impure.o)
                              /mnt/mydisk/Augusto/Programs/st/stm32cubeide_1.4.0/plugins/com.st.stm32cube.ide.mcu.externaltools.gnu-tools-for-stm32.7-2018-q2-update.linux64_1.4.0.202007081208/tools/bin/../lib/gcc/arm-none-eabi/7.3.1/../../../../arm-none-eabi/lib/thumb/v7-m/libc_nano.a(lib_a-exit.o) (_global_impure_ptr)
/mnt/mydisk/Augusto/Programs/st/stm32cubeide_1.4.0/plugins/com.st.stm32cube.ide.mcu.externaltools.gnu-tools-for-stm32.7-2018-q2-update.linux64_1.4.0.202007081208/tools/bin/../lib/gcc/arm-none-eabi/7.3.1/../../../../arm-none-eabi/lib/thumb/v7-m/libc_nano.a(lib_a-init.o)
                              /mnt/mydisk/Augusto/Programs/st/stm32cubeide_1.4.0/plugins/com.st.stm32cube.ide.mcu.externaltools.gnu-tools-for-stm32.7-2018-q2-update.linux64_1.4.0.202007081208/tools/bin/../lib/gcc/arm-none-eabi/7.3.1/../../../../arm-none-eabi/lib/thumb/v7-m/crt0.o (__libc_init_array)
/mnt/mydisk/Augusto/Programs/st/stm32cubeide_1.4.0/plugins/com.st.stm32cube.ide.mcu.externaltools.gnu-tools-for-stm32.7-2018-q2-update.linux64_1.4.0.202007081208/tools/bin/../lib/gcc/arm-none-eabi/7.3.1/../../../../arm-none-eabi/lib/thumb/v7-m/libc_nano.a(lib_a-memcpy-stub.o)
                              Core/Src/main.o (memcpy)
/mnt/mydisk/Augusto/Programs/st/stm32cubeide_1.4.0/plugins/com.st.stm32cube.ide.mcu.externaltools.gnu-tools-for-stm32.7-2018-q2-update.linux64_1.4.0.202007081208/tools/bin/../lib/gcc/arm-none-eabi/7.3.1/../../../../arm-none-eabi/lib/thumb/v7-m/libc_nano.a(lib_a-memset.o)
                              /mnt/mydisk/Augusto/Programs/st/stm32cubeide_1.4.0/plugins/com.st.stm32cube.ide.mcu.externaltools.gnu-tools-for-stm32.7-2018-q2-update.linux64_1.4.0.202007081208/tools/bin/../lib/gcc/arm-none-eabi/7.3.1/../../../../arm-none-eabi/lib/thumb/v7-m/crt0.o (memset)
/mnt/mydisk/Augusto/Programs/st/stm32cubeide_1.4.0/plugins/com.st.stm32cube.ide.mcu.externaltools.gnu-tools-for-stm32.7-2018-q2-update.linux64_1.4.0.202007081208/tools/bin/../lib/gcc/arm-none-eabi/7.3.1/../../../../arm-none-eabi/lib/thumb/v7-m/libc_nano.a(lib_a-nano-vfprintf_float.o)
                              (_printf_float)
/mnt/mydisk/Augusto/Programs/st/stm32cubeide_1.4.0/plugins/com.st.stm32cube.ide.mcu.externaltools.gnu-tools-for-stm32.7-2018-q2-update.linux64_1.4.0.202007081208/tools/bin/../lib/gcc/arm-none-eabi/7.3.1/../../../../arm-none-eabi/lib/thumb/v7-m/libc_nano.a(lib_a-nano-vfprintf_i.o)
                              /mnt/mydisk/Augusto/Programs/st/stm32cubeide_1.4.0/plugins/com.st.stm32cube.ide.mcu.externaltools.gnu-tools-for-stm32.7-2018-q2-update.linux64_1.4.0.202007081208/tools/bin/../lib/gcc/arm-none-eabi/7.3.1/../../../../arm-none-eabi/lib/thumb/v7-m/libc_nano.a(lib_a-nano-vfprintf_float.o) (_printf_common)
/mnt/mydisk/Augusto/Programs/st/stm32cubeide_1.4.0/plugins/com.st.stm32cube.ide.mcu.externaltools.gnu-tools-for-stm32.7-2018-q2-update.linux64_1.4.0.202007081208/tools/bin/../lib/gcc/arm-none-eabi/7.3.1/../../../../arm-none-eabi/lib/thumb/v7-m/libc_nano.a(lib_a-sprintf.o)
                              Core/Src/main.o (sprintf)
/mnt/mydisk/Augusto/Programs/st/stm32cubeide_1.4.0/plugins/com.st.stm32cube.ide.mcu.externaltools.gnu-tools-for-stm32.7-2018-q2-update.linux64_1.4.0.202007081208/tools/bin/../lib/gcc/arm-none-eabi/7.3.1/../../../../arm-none-eabi/lib/thumb/v7-m/libc_nano.a(lib_a-strcat.o)
                              Core/Src/spider.o (strcat)
[...]
Memory Configuration

Name             Origin             Length             Attributes
RAM              0x0000000020000000 0x0000000000005000 xrw
FLASH            0x0000000008000000 0x0000000000010000 xr
*default*        0x0000000000000000 0xffffffffffffffff

Linker script and memory map

LOAD /mnt/mydisk/Augusto/Programs/st/stm32cubeide_1.4.0/plugins/com.st.stm32cube.ide.mcu.externaltools.gnu-tools-for-stm32.7-2018-q2-update.linux64_1.4.0.202007081208/tools/bin/../lib/gcc/arm-none-eabi/7.3.1/thumb/v7-m/crti.o
LOAD /mnt/mydisk/Augusto/Programs/st/stm32cubeide_1.4.0/plugins/com.st.stm32cube.ide.mcu.externaltools.gnu-tools-for-stm32.7-2018-q2-update.linux64_1.4.0.202007081208/tools/bin/../lib/gcc/arm-none-eabi/7.3.1/thumb/v7-m/crtbegin.o
LOAD /mnt/mydisk/Augusto/Programs/st/stm32cubeide_1.4.0/plugins/com.st.stm32cube.ide.mcu.externaltools.gnu-tools-for-stm32.7-2018-q2-update.linux64_1.4.0.202007081208/tools/bin/../lib/gcc/arm-none-eabi/7.3.1/../../../../arm-none-eabi/lib/thumb/v7-m/crt0.o
LOAD Core/Src/dma.o
LOAD Core/Src/gpio.o
LOAD Core/Src/i2c.o
LOAD Core/Src/main.o
LOAD Core/Src/pca9685.o
LOAD Core/Src/spider.o
LOAD Core/Src/stm32f1xx_hal_msp.o
LOAD Core/Src/stm32f1xx_it.o
LOAD Core/Src/syscalls.o
LOAD Core/Src/sysmem.o
LOAD Core/Src/system_stm32f1xx.o
LOAD Core/Src/tim.o
LOAD Core/Src/uart_dma.o
LOAD Core/Src/usart.o
LOAD Core/Startup/startup_stm32f103c8tx.o
LOAD Drivers/STM32F1xx_HAL_Driver/Src/stm32f1xx_hal.o
LOAD Drivers/STM32F1xx_HAL_Driver/Src/stm32f1xx_hal_cortex.o
LOAD Drivers/STM32F1xx_HAL_Driver/Src/stm32f1xx_hal_dma.o
LOAD Drivers/STM32F1xx_HAL_Driver/Src/stm32f1xx_hal_exti.o
LOAD Drivers/STM32F1xx_HAL_Driver/Src/stm32f1xx_hal_flash.o
LOAD Drivers/STM32F1xx_HAL_Driver/Src/stm32f1xx_hal_flash_ex.o
LOAD Drivers/STM32F1xx_HAL_Driver/Src/stm32f1xx_hal_gpio.o
LOAD Drivers/STM32F1xx_HAL_Driver/Src/stm32f1xx_hal_gpio_ex.o
LOAD Drivers/STM32F1xx_HAL_Driver/Src/stm32f1xx_hal_i2c.o
LOAD Drivers/STM32F1xx_HAL_Driver/Src/stm32f1xx_hal_pwr.o
LOAD Drivers/STM32F1xx_HAL_Driver/Src/stm32f1xx_hal_rcc.o
LOAD Drivers/STM32F1xx_HAL_Driver/Src/stm32f1xx_hal_rcc_ex.o
LOAD Drivers/STM32F1xx_HAL_Driver/Src/stm32f1xx_hal_tim.o
LOAD Drivers/STM32F1xx_HAL_Driver/Src/stm32f1xx_hal_tim_ex.o
LOAD Drivers/STM32F1xx_HAL_Driver/Src/stm32f1xx_hal_uart.o
START GROUP
LOAD /mnt/mydisk/Augusto/Programs/st/stm32cubeide_1.4.0/plugins/com.st.stm32cube.ide.mcu.externaltools.gnu-tools-for-stm32.7-2018-q2-update.linux64_1.4.0.202007081208/tools/bin/../lib/gcc/arm-none-eabi/7.3.1/../../../../arm-none-eabi/lib/thumb/v7-m/libc_nano.a
LOAD /mnt/mydisk/Augusto/Programs/st/stm32cubeide_1.4.0/plugins/com.st.stm32cube.ide.mcu.externaltools.gnu-tools-for-stm32.7-2018-q2-update.linux64_1.4.0.202007081208/tools/bin/../lib/gcc/arm-none-eabi/7.3.1/../../../../arm-none-eabi/lib/thumb/v7-m/libm.a
END GROUP
START GROUP
LOAD /mnt/mydisk/Augusto/Programs/st/stm32cubeide_1.4.0/plugins/com.st.stm32cube.ide.mcu.externaltools.gnu-tools-for-stm32.7-2018-q2-update.linux64_1.4.0.202007081208/tools/bin/../lib/gcc/arm-none-eabi/7.3.1/thumb/v7-m/libgcc.a
LOAD /mnt/mydisk/Augusto/Programs/st/stm32cubeide_1.4.0/plugins/com.st.stm32cube.ide.mcu.externaltools.gnu-tools-for-stm32.7-2018-q2-update.linux64_1.4.0.202007081208/tools/bin/../lib/gcc/arm-none-eabi/7.3.1/../../../../arm-none-eabi/lib/thumb/v7-m/libc_nano.a
END GROUP
START GROUP
LOAD /mnt/mydisk/Augusto/Programs/st/stm32cubeide_1.4.0/plugins/com.st.stm32cube.ide.mcu.externaltools.gnu-tools-for-stm32.7-2018-q2-update.linux64_1.4.0.202007081208/tools/bin/../lib/gcc/arm-none-eabi/7.3.1/thumb/v7-m/libgcc.a
LOAD /mnt/mydisk/Augusto/Programs/st/stm32cubeide_1.4.0/plugins/com.st.stm32cube.ide.mcu.externaltools.gnu-tools-for-stm32.7-2018-q2-update.linux64_1.4.0.202007081208/tools/bin/../lib/gcc/arm-none-eabi/7.3.1/../../../../arm-none-eabi/lib/thumb/v7-m/libc_nano.a
LOAD /mnt/mydisk/Augusto/Programs/st/stm32cubeide_1.4.0/plugins/com.st.stm32cube.ide.mcu.externaltools.gnu-tools-for-stm32.7-2018-q2-update.linux64_1.4.0.202007081208/tools/bin/../lib/gcc/arm-none-eabi/7.3.1/../../../../arm-none-eabi/lib/thumb/v7-m/libnosys.a
END GROUP
START GROUP
LOAD /mnt/mydisk/Augusto/Programs/st/stm32cubeide_1.4.0/plugins/com.st.stm32cube.ide.mcu.externaltools.gnu-tools-for-stm32.7-2018-q2-update.linux64_1.4.0.202007081208/tools/bin/../lib/gcc/arm-none-eabi/7.3.1/thumb/v7-m/libgcc.a
LOAD /mnt/mydisk/Augusto/Programs/st/stm32cubeide_1.4.0/plugins/com.st.stm32cube.ide.mcu.externaltools.gnu-tools-for-stm32.7-2018-q2-update.linux64_1.4.0.202007081208/tools/bin/../lib/gcc/arm-none-eabi/7.3.1/../../../../arm-none-eabi/lib/thumb/v7-m/libc_nano.a
LOAD /mnt/mydisk/Augusto/Programs/st/stm32cubeide_1.4.0/plugins/com.st.stm32cube.ide.mcu.externaltools.gnu-tools-for-stm32.7-2018-q2-update.linux64_1.4.0.202007081208/tools/bin/../lib/gcc/arm-none-eabi/7.3.1/../../../../arm-none-eabi/lib/thumb/v7-m/libnosys.a
END GROUP
LOAD /mnt/mydisk/Augusto/Programs/st/stm32cubeide_1.4.0/plugins/com.st.stm32cube.ide.mcu.externaltools.gnu-tools-for-stm32.7-2018-q2-update.linux64_1.4.0.202007081208/tools/bin/../lib/gcc/arm-none-eabi/7.3.1/thumb/v7-m/crtend.o
LOAD /mnt/mydisk/Augusto/Programs/st/stm32cubeide_1.4.0/plugins/com.st.stm32cube.ide.mcu.externaltools.gnu-tools-for-stm32.7-2018-q2-update.linux64_1.4.0.202007081208/tools/bin/../lib/gcc/arm-none-eabi/7.3.1/thumb/v7-m/crtn.o
                0x0000000020005000                _estack = (ORIGIN (RAM) + LENGTH (RAM))
                0x0000000000000200                _Min_Heap_Size = 0x200
                0x0000000000000400                _Min_Stack_Size = 0x400

.isr_vector     0x0000000008000000      0x10c
                0x0000000008000000                . = ALIGN (0x4)
 *(.isr_vector)
 .isr_vector    0x0000000008000000      0x10c Core/Startup/startup_stm32f103c8tx.o
                0x0000000008000000                g_pfnVectors
                0x000000000800010c                . = ALIGN (0x4)

.text           0x0000000008000110     0xc4e8
                0x0000000008000110                . = ALIGN (0x4)
 *(.text)
 .text          0x0000000008000110       0x40 /mnt/mydisk/Augusto/Programs/st/stm32cubeide_1.4.0/plugins/com.st.stm32cube.ide.mcu.externaltools.gnu-tools-for-stm32.7-2018-q2-update.linux64_1.4.0.202007081208/tools/bin/../lib/gcc/arm-none-eabi/7.3.1/thumb/v7-m/crtbegin.o
 .text          0x0000000008000150       0x10 /mnt/mydisk/Augusto/Programs/st/stm32cubeide_1.4.0/plugins/com.st.stm32cube.ide.mcu.externaltools.gnu-tools-for-stm32.7-2018-q2-update.linux64_1.4.0.202007081208/tools/bin/../lib/gcc/arm-none-eabi/7.3.1/../../../../arm-none-eabi/lib/thumb/v7-m/libc_nano.a(lib_a-strlen.o)
                0x0000000008000150                strlen
 .text          0x0000000008000160      0x378 /mnt/mydisk/Augusto/Programs/st/stm32cubeide_1.4.0/plugins/com.st.stm32cube.ide.mcu.externaltools.gnu-tools-for-stm32.7-2018-q2-update.linux64_1.4.0.202007081208/tools/bin/../lib/gcc/arm-none-eabi/7.3.1/thumb/v7-m/libgcc.a(_arm_addsubdf3.o)
                0x0000000008000160                __aeabi_drsub
                0x0000000008000168                __aeabi_dsub
                0x0000000008000168                __subdf3
                0x000000000800016c                __adddf3
                0x000000000800016c                __aeabi_dadd
                0x00000000080003e4                __aeabi_ui2d
                0x00000000080003e4                __floatunsidf
                0x0000000008000404                __floatsidf
                0x0000000008000404                __aeabi_i2d
                0x0000000008000428                __extendsfdf2
                0x0000000008000428                __aeabi_f2d
                0x000000000800046c                __aeabi_ul2d
                0x000000000800046c                __floatundidf
                0x000000000800047c                __floatdidf
                0x000000000800047c                __aeabi_l2d
 .text          0x00000000080004d8      0x424 /mnt/mydisk/Augusto/Programs/st/stm32cubeide_1.4.0/plugins/com.st.stm32cube.ide.mcu.externaltools.gnu-tools-for-stm32.7-2018-q2-update.linux64_1.4.0.202007081208/tools/bin/../lib/gcc/arm-none-eabi/7.3.1/thumb/v7-m/libgcc.a(_arm_muldivdf3.o)
                0x00000000080004d8                __aeabi_dmul
                0x00000000080004d8                __muldf3
                0x000000000800072c                __aeabi_ddiv
                0x000000000800072c                __divdf3
 .text          0x00000000080008fc      0x110 /mnt/mydisk/Augusto/Programs/st/stm32cubeide_1.4.0/plugins/com.st.stm32cube.ide.mcu.externaltools.gnu-tools-for-stm32.7-2018-q2-update.linux64_1.4.0.202007081208/tools/bin/../lib/gcc/arm-none-eabi/7.3.1/thumb/v7-m/libgcc.a(_arm_cmpdf2.o)
                0x00000000080008fc                __gtdf2
                0x00000000080008fc                __gedf2
                0x0000000008000904                __ltdf2
                0x0000000008000904                __ledf2
                0x000000000800090c                __cmpdf2
                0x000000000800090c                __eqdf2
                0x000000000800090c                __nedf2
                0x0000000008000988                __aeabi_cdrcmple
                0x0000000008000998                __aeabi_cdcmple
                0x0000000008000998                __aeabi_cdcmpeq
                0x00000000080009a8                __aeabi_dcmpeq
                0x00000000080009bc                __aeabi_dcmplt
                0x00000000080009d0                __aeabi_dcmple
                0x00000000080009e4                __aeabi_dcmpge
                0x00000000080009f8                __aeabi_dcmpgt
 .text          0x0000000008000a0c       0x2c /mnt/mydisk/Augusto/Programs/st/stm32cubeide_1.4.0/plugins/com.st.stm32cube.ide.mcu.externaltools.gnu-tools-for-stm32.7-2018-q2-update.linux64_1.4.0.202007081208/tools/bin/../lib/gcc/arm-none-eabi/7.3.1/thumb/v7-m/libgcc.a(_arm_unorddf2.o)
                0x0000000008000a0c                __aeabi_dcmpun
                0x0000000008000a0c                __unorddf2
 .text          0x0000000008000a38       0x50 /mnt/mydisk/Augusto/Programs/st/stm32cubeide_1.4.0/plugins/com.st.stm32cube.ide.mcu.externaltools.gnu-tools-for-stm32.7-2018-q2-update.linux64_1.4.0.202007081208/tools/bin/../lib/gcc/arm-none-eabi/7.3.1/thumb/v7-m/libgcc.a(_arm_fixdfsi.o)
                0x0000000008000a38                __fixdfsi
                0x0000000008000a38                __aeabi_d2iz
 .text          0x0000000008000a88       0x40 /mnt/mydisk/Augusto/Programs/st/stm32cubeide_1.4.0/plugins/com.st.stm32cube.ide.mcu.externaltools.gnu-tools-for-stm32.7-2018-q2-update.linux64_1.4.0.202007081208/tools/bin/../lib/gcc/arm-none-eabi/7.3.1/thumb/v7-m/libgcc.a(_arm_fixunsdfsi.o)
                0x0000000008000a88                __fixunsdfsi
                0x0000000008000a88                __aeabi_d2uiz
 .text          0x0000000008000ac8       0xa0 /mnt/mydisk/Augusto/Programs/st/stm32cubeide_1.4.0/plugins/com.st.stm32cube.ide.mcu.externaltools.gnu-tools-for-stm32.7-2018-q2-update.linux64_1.4.0.202007081208/tools/bin/../lib/gcc/arm-none-eabi/7.3.1/thumb/v7-m/libgcc.a(_arm_truncdfsf2.o)
                0x0000000008000ac8                __aeabi_d2f
                0x0000000008000ac8                __truncdfsf2
 .text          0x0000000008000b68      0x21c /mnt/mydisk/Augusto/Programs/st/stm32cubeide_1.4.0/plugins/com.st.stm32cube.ide.mcu.externaltools.gnu-tools-for-stm32.7-2018-q2-update.linux64_1.4.0.202007081208/tools/bin/../lib/gcc/arm-none-eabi/7.3.1/thumb/v7-m/libgcc.a(_arm_addsubsf3.o)
                0x0000000008000b68                __aeabi_frsub
                0x0000000008000b70                __subsf3
                0x0000000008000b70                __aeabi_fsub
                0x0000000008000b74                __aeabi_fadd
                0x0000000008000b74                __addsf3
                0x0000000008000cd4                __aeabi_ui2f
                0x0000000008000cd4                __floatunsisf
                0x0000000008000cdc                __aeabi_i2f
                0x0000000008000cdc                __floatsisf
                0x0000000008000cf8                __floatundisf
                0x0000000008000cf8                __aeabi_ul2f
                0x0000000008000d08                __floatdisf
                0x0000000008000d08                __aeabi_l2f
 .text          0x0000000008000d84      0x2a0 /mnt/mydisk/Augusto/Programs/st/stm32cubeide_1.4.0/plugins/com.st.stm32cube.ide.mcu.externaltools.gnu-tools-for-stm32.7-2018-q2-update.linux64_1.4.0.202007081208/tools/bin/../lib/gcc/arm-none-eabi/7.3.1/thumb/v7-m/libgcc.a(_arm_muldivsf3.o)
                0x0000000008000d84                __mulsf3
                0x0000000008000d84                __aeabi_fmul
                0x0000000008000eec                __divsf3
                0x0000000008000eec                __aeabi_fdiv
 .text          0x0000000008001024       0xec /mnt/mydisk/Augusto/Programs/st/stm32cubeide_1.4.0/plugins/com.st.stm32cube.ide.mcu.externaltools.gnu-tools-for-stm32.7-2018-q2-update.linux64_1.4.0.202007081208/tools/bin/../lib/gcc/arm-none-eabi/7.3.1/thumb/v7-m/libgcc.a(_arm_cmpsf2.o)
                0x0000000008001024                __gtsf2
                0x0000000008001024                __gesf2
                0x000000000800102c                __lesf2
                0x000000000800102c                __ltsf2
                0x0000000008001034                __nesf2
                0x0000000008001034                __eqsf2
                0x0000000008001034                __cmpsf2
                0x0000000008001094                __aeabi_cfrcmple
                0x000000000800109c                __aeabi_cfcmple
                0x000000000800109c                __aeabi_cfcmpeq
                0x00000000080010ac                __aeabi_fcmpeq
                0x00000000080010c0                __aeabi_fcmplt
                0x00000000080010d4                __aeabi_fcmple
                0x00000000080010e8                __aeabi_fcmpge
                0x00000000080010fc                __aeabi_fcmpgt
 .text          0x0000000008001110       0x4c /mnt/mydisk/Augusto/Programs/st/stm32cubeide_1.4.0/plugins/com.st.stm32cube.ide.mcu.externaltools.gnu-tools-for-stm32.7-2018-q2-update.linux64_1.4.0.202007081208/tools/bin/../lib/gcc/arm-none-eabi/7.3.1/thumb/v7-m/libgcc.a(_arm_fixsfsi.o)
                0x0000000008001110                __fixsfsi
                0x0000000008001110                __aeabi_f2iz
 .text          0x000000000800115c       0x40 /mnt/mydisk/Augusto/Programs/st/stm32cubeide_1.4.0/plugins/com.st.stm32cube.ide.mcu.externaltools.gnu-tools-for-stm32.7-2018-q2-update.linux64_1.4.0.202007081208/tools/bin/../lib/gcc/arm-none-eabi/7.3.1/thumb/v7-m/libgcc.a(_arm_fixunssfsi.o)
                0x000000000800115c                __aeabi_f2uiz
                0x000000000800115c                __fixunssfsi
 *(.text*)
 .text.MX_DMA_Init
                0x000000000800119c       0x4c Core/Src/dma.o
                0x000000000800119c                MX_DMA_Init
 .text.MX_GPIO_Init
                0x00000000080011e8       0xe0 Core/Src/gpio.o
                0x00000000080011e8                MX_GPIO_Init
 .text.MX_I2C1_Init
                0x00000000080012c8       0x5c Core/Src/i2c.o
                0x00000000080012c8                MX_I2C1_Init
 .text.HAL_I2C_MspInit
                0x0000000008001324       0x7c Core/Src/i2c.o
                0x0000000008001324                HAL_I2C_MspInit
 .text.main     0x00000000080013a0      0x138 Core/Src/main.o
                0x00000000080013a0                main
 .text.SystemClock_Config
                0x00000000080014d8       0x8a Core/Src/main.o
                0x00000000080014d8                SystemClock_Config
 .text.MX_NVIC_Init
                0x0000000008001562       0x28 Core/Src/main.o
 *fill*         0x000000000800158a        0x2 
 .text.getState
                0x000000000800158c       0x6c Core/Src/main.o
                0x000000000800158c                getState
 .text.InterpretCmd
                0x00000000080015f8      0x2c8 Core/Src/main.o
                0x00000000080015f8                InterpretCmd
 .text.HAL_UART_RxCpltCallback
                0x00000000080018c0      0x1c4 Core/Src/main.o
                0x00000000080018c0                HAL_UART_RxCpltCallback
 .text.HAL_TIM_PeriodElapsedCallback
                0x0000000008001a84       0x84 Core/Src/main.o
                0x0000000008001a84                HAL_TIM_PeriodElapsedCallback
 .text.HAL_GPIO_EXTI_Callback
                0x0000000008001b08       0x30 Core/Src/main.o
                0x0000000008001b08                HAL_GPIO_EXTI_Callback
 .text.Error_Handler
                0x0000000008001b38        0xc Core/Src/main.o
                0x0000000008001b38                Error_Handler
 .text.PCA9685_SetBit
                0x0000000008001b44       0xb4 Core/Src/pca9685.o
                0x0000000008001b44                PCA9685_SetBit
 .text.PCA9685_SoftwareReset
                0x0000000008001bf8       0x34 Core/Src/pca9685.o
                0x0000000008001bf8                PCA9685_SoftwareReset
 .text.PCA9685_SleepMode
                0x0000000008001c2c       0x20 Core/Src/pca9685.o
                0x0000000008001c2c                PCA9685_SleepMode
 .text.PCA9685_RestartMode
                0x0000000008001c4c       0x20 Core/Src/pca9685.o
                0x0000000008001c4c                PCA9685_RestartMode
 .text.PCA9685_AutoIncrement
                0x0000000008001c6c       0x20 Core/Src/pca9685.o
                0x0000000008001c6c                PCA9685_AutoIncrement
 *fill*         0x0000000008001c8c        0x4 
 .text.PCA9685_SetPWMFrequency
                0x0000000008001c90       0xf8 Core/Src/pca9685.o
                0x0000000008001c90                PCA9685_SetPWMFrequency
 .text.PCA9685_SetPWM
                0x0000000008001d88       0x74 Core/Src/pca9685.o
                0x0000000008001d88                PCA9685_SetPWM
 .text.PCA9685_SetPin
                0x0000000008001dfc       0xbc Core/Src/pca9685.o
                0x0000000008001dfc                PCA9685_SetPin
 .text.PCA9685_SetServoAngle
                0x0000000008001eb8       0x70 Core/Src/pca9685.o
                0x0000000008001eb8                PCA9685_SetServoAngle
 .text.PCA9685_Init
                0x0000000008001f28       0x40 Core/Src/pca9685.o
                0x0000000008001f28                PCA9685_Init
 .text.homing   0x0000000008001f68       0x18 Core/Src/spider.o
                0x0000000008001f68                homing
 .text.inverseCinematic
                0x0000000008001f80      0x2e8 Core/Src/spider.o
                0x0000000008001f80                inverseCinematic
 .text.setPosition
                0x0000000008002268       0x58 Core/Src/spider.o
                0x0000000008002268                setPosition
 .text.setStep  0x00000000080022c0      0x3b4 Core/Src/spider.o
                0x00000000080022c0                setStep
 .text.pos2Angle
                0x0000000008002674      0x190 Core/Src/spider.o
                0x0000000008002674                pos2Angle
 .text.servoMovement
                0x0000000008002804       0x6c Core/Src/spider.o
                0x0000000008002804                servoMovement
 .text.waitReach
                0x0000000008002870       0xc4 Core/Src/spider.o
                0x0000000008002870                waitReach
 .text.waitAllReach
                0x0000000008002934       0x26 Core/Src/spider.o
                0x0000000008002934                waitAllReach
 .text.setServo
                0x000000000800295a      0x134 Core/Src/spider.o
                0x000000000800295a                setServo
 .text.checkLimits
                0x0000000008002a8e       0x54 Core/Src/spider.o
                0x0000000008002a8e                checkLimits
 *fill*         0x0000000008002ae2        0x2 
 .text.forward_walk
                0x0000000008002ae4      0x1a0 Core/Src/spider.o
                0x0000000008002ae4                forward_walk
 .text.backward_walk
                0x0000000008002c84      0x1a0 Core/Src/spider.o
                0x0000000008002c84                backward_walk
 .text.turn_left
                0x0000000008002e24      0x1c8 Core/Src/spider.o
                0x0000000008002e24                turn_left
 .text.turn_right
                0x0000000008002fec      0x1d4 Core/Src/spider.o
                0x0000000008002fec                turn_right
 .text.sit      0x00000000080031c0       0x44 Core/Src/spider.o
                0x00000000080031c0                sit
 .text.stand    0x0000000008003204       0x44 Core/Src/spider.o
                0x0000000008003204                stand
 .text.right_walk
                0x0000000008003248       0x1c Core/Src/spider.o
                0x0000000008003248                right_walk
 .text.left_walk
                0x0000000008003264       0x1c Core/Src/spider.o
                0x0000000008003264                left_walk
 .text.stop     0x0000000008003280       0x64 Core/Src/spider.o
                0x0000000008003280                stop
 .text.servoControl
                0x00000000080032e4       0x30 Core/Src/spider.o
                0x00000000080032e4                servoControl
 .text.legControl
                0x0000000008003314      0x5c4 Core/Src/spider.o
                0x0000000008003314                legControl
 .text.printPosition
                0x00000000080038d8      0x108 Core/Src/spider.o
                0x00000000080038d8                printPosition
 .text.HAL_MspInit
                0x00000000080039e0       0x64 Core/Src/stm32f1xx_hal_msp.o
                0x00000000080039e0                HAL_MspInit
 .text.NMI_Handler
                0x0000000008003a44        0xc Core/Src/stm32f1xx_it.o
                0x0000000008003a44                NMI_Handler
 .text.HardFault_Handler
                0x0000000008003a50        0x6 Core/Src/stm32f1xx_it.o
                0x0000000008003a50                HardFault_Handler
 .text.MemManage_Handler
                0x0000000008003a56        0x6 Core/Src/stm32f1xx_it.o
                0x0000000008003a56                MemManage_Handler
 .text.BusFault_Handler
                0x0000000008003a5c        0x6 Core/Src/stm32f1xx_it.o
                0x0000000008003a5c                BusFault_Handler
 .text.UsageFault_Handler
                0x0000000008003a62        0x6 Core/Src/stm32f1xx_it.o
                0x0000000008003a62                UsageFault_Handler
 .text.SVC_Handler
                0x0000000008003a68        0xc Core/Src/stm32f1xx_it.o
                0x0000000008003a68                SVC_Handler
 .text.DebugMon_Handler
                0x0000000008003a74        0xc Core/Src/stm32f1xx_it.o
                0x0000000008003a74                DebugMon_Handler
 .text.PendSV_Handler
                0x0000000008003a80        0xc Core/Src/stm32f1xx_it.o
                0x0000000008003a80                PendSV_Handler
 .text.SysTick_Handler
                0x0000000008003a8c        0xc Core/Src/stm32f1xx_it.o
                0x0000000008003a8c                SysTick_Handler
 .text.DMA1_Channel4_IRQHandler
                0x0000000008003a98       0x14 Core/Src/stm32f1xx_it.o
                0x0000000008003a98                DMA1_Channel4_IRQHandler
 .text.DMA1_Channel5_IRQHandler
                0x0000000008003aac       0x14 Core/Src/stm32f1xx_it.o
                0x0000000008003aac                DMA1_Channel5_IRQHandler
 .text.TIM2_IRQHandler
                0x0000000008003ac0       0x14 Core/Src/stm32f1xx_it.o
                0x0000000008003ac0                TIM2_IRQHandler
 .text.TIM3_IRQHandler
                0x0000000008003ad4       0x14 Core/Src/stm32f1xx_it.o
                0x0000000008003ad4                TIM3_IRQHandler
 .text.I2C1_ER_IRQHandler
                0x0000000008003ae8       0x14 Core/Src/stm32f1xx_it.o
                0x0000000008003ae8                I2C1_ER_IRQHandler
 .text.USART1_IRQHandler
                0x0000000008003afc       0x28 Core/Src/stm32f1xx_it.o
                0x0000000008003afc                USART1_IRQHandler
 .text.EXTI15_10_IRQHandler
                0x0000000008003b24       0x10 Core/Src/stm32f1xx_it.o
                0x0000000008003b24                EXTI15_10_IRQHandler
 .text._sbrk    0x0000000008003b34       0x6c Core/Src/sysmem.o
                0x0000000008003b34                _sbrk
 .text.SystemInit
                0x0000000008003ba0        0xc Core/Src/system_stm32f1xx.o
                0x0000000008003ba0                SystemInit
 .text.MX_TIM2_Init
                0x0000000008003bac       0xe8 Core/Src/tim.o
                0x0000000008003bac                MX_TIM2_Init
 .text.MX_TIM3_Init
                0x0000000008003c94       0xe8 Core/Src/tim.o
                0x0000000008003c94                MX_TIM3_Init
 .text.HAL_TIM_Base_MspInit
                0x0000000008003d7c       0x80 Core/Src/tim.o
                0x0000000008003d7c                HAL_TIM_Base_MspInit
 .text.resetTimer
                0x0000000008003dfc       0x1a Core/Src/tim.o
                0x0000000008003dfc                resetTimer
 *fill*         0x0000000008003e16        0x2 
 .text.MX_USART1_UART_Init
                0x0000000008003e18       0x54 Core/Src/usart.o
                0x0000000008003e18                MX_USART1_UART_Init
 .text.HAL_UART_MspInit
                0x0000000008003e6c      0x140 Core/Src/usart.o
                0x0000000008003e6c                HAL_UART_MspInit
 .text.Reset_Handler
                0x0000000008003fac       0x48 Core/Startup/startup_stm32f103c8tx.o
                0x0000000008003fac                Reset_Handler
 .text.Default_Handler
                0x0000000008003ff4        0x2 Core/Startup/startup_stm32f103c8tx.o
                0x0000000008003ff4                RTC_Alarm_IRQHandler
                0x0000000008003ff4                EXTI2_IRQHandler
                0x0000000008003ff4                TIM1_CC_IRQHandler
                0x0000000008003ff4                PVD_IRQHandler
                0x0000000008003ff4                EXTI3_IRQHandler
                0x0000000008003ff4                EXTI0_IRQHandler
                0x0000000008003ff4                I2C2_EV_IRQHandler
                0x0000000008003ff4                ADC1_2_IRQHandler
                0x0000000008003ff4                SPI1_IRQHandler
                0x0000000008003ff4                TAMPER_IRQHandler
                0x0000000008003ff4                USART3_IRQHandler
                0x0000000008003ff4                RTC_IRQHandler
                0x0000000008003ff4                DMA1_Channel7_IRQHandler
                0x0000000008003ff4                CAN1_RX1_IRQHandler
                0x0000000008003ff4                TIM4_IRQHandler
                0x0000000008003ff4                I2C1_EV_IRQHandler
                0x0000000008003ff4                DMA1_Channel6_IRQHandler
                0x0000000008003ff4                RCC_IRQHandler
                0x0000000008003ff4                TIM1_TRG_COM_IRQHandler
                0x0000000008003ff4                DMA1_Channel1_IRQHandler
                0x0000000008003ff4                Default_Handler
                0x0000000008003ff4                EXTI9_5_IRQHandler
                0x0000000008003ff4                SPI2_IRQHandler
                0x0000000008003ff4                EXTI4_IRQHandler
                0x0000000008003ff4                USB_LP_CAN1_RX0_IRQHandler
                0x0000000008003ff4                USB_HP_CAN1_TX_IRQHandler
                0x0000000008003ff4                DMA1_Channel3_IRQHandler
                0x0000000008003ff4                TIM1_UP_IRQHandler
                0x0000000008003ff4                WWDG_IRQHandler
                0x0000000008003ff4                TIM1_BRK_IRQHandler
                0x0000000008003ff4                EXTI1_IRQHandler
                0x0000000008003ff4                USART2_IRQHandler
                0x0000000008003ff4                I2C2_ER_IRQHandler
                0x0000000008003ff4                DMA1_Channel2_IRQHandler
                0x0000000008003ff4                CAN1_SCE_IRQHandler
                0x0000000008003ff4                FLASH_IRQHandler
                0x0000000008003ff4                USBWakeUp_IRQHandler
 *fill*         0x0000000008003ff6        0x2 
 .text.HAL_Init
                0x0000000008003ff8       0x2c Drivers/STM32F1xx_HAL_Driver/Src/stm32f1xx_hal.o
                0x0000000008003ff8                HAL_Init
 .text.HAL_InitTick
                0x0000000008004024       0x60 Drivers/STM32F1xx_HAL_Driver/Src/stm32f1xx_hal.o
                0x0000000008004024                HAL_InitTick
 .text.HAL_IncTick
                0x0000000008004084       0x24 Drivers/STM32F1xx_HAL_Driver/Src/stm32f1xx_hal.o
                0x0000000008004084                HAL_IncTick
 .text.HAL_GetTick
                0x00000000080040a8       0x14 Drivers/STM32F1xx_HAL_Driver/Src/stm32f1xx_hal.o
                0x00000000080040a8                HAL_GetTick
 .text.HAL_Delay
                0x00000000080040bc       0x44 Drivers/STM32F1xx_HAL_Driver/Src/stm32f1xx_hal.o
                0x00000000080040bc                HAL_Delay
 .text.__NVIC_SetPriorityGrouping
                0x0000000008004100       0x48 Drivers/STM32F1xx_HAL_Driver/Src/stm32f1xx_hal_cortex.o
 .text.__NVIC_GetPriorityGrouping
                0x0000000008004148       0x1c Drivers/STM32F1xx_HAL_Driver/Src/stm32f1xx_hal_cortex.o
 .text.__NVIC_EnableIRQ
                0x0000000008004164       0x38 Drivers/STM32F1xx_HAL_Driver/Src/stm32f1xx_hal_cortex.o
 .text.__NVIC_SetPriority
                0x000000000800419c       0x54 Drivers/STM32F1xx_HAL_Driver/Src/stm32f1xx_hal_cortex.o
 .text.NVIC_EncodePriority
                0x00000000080041f0       0x64 Drivers/STM32F1xx_HAL_Driver/Src/stm32f1xx_hal_cortex.o
 .text.SysTick_Config
                0x0000000008004254       0x44 Drivers/STM32F1xx_HAL_Driver/Src/stm32f1xx_hal_cortex.o
 .text.HAL_NVIC_SetPriorityGrouping
                0x0000000008004298       0x16 Drivers/STM32F1xx_HAL_Driver/Src/stm32f1xx_hal_cortex.o
                0x0000000008004298                HAL_NVIC_SetPriorityGrouping
 .text.HAL_NVIC_SetPriority
                0x00000000080042ae       0x38 Drivers/STM32F1xx_HAL_Driver/Src/stm32f1xx_hal_cortex.o
                0x00000000080042ae                HAL_NVIC_SetPriority
 .text.HAL_NVIC_EnableIRQ
                0x00000000080042e6       0x1c Drivers/STM32F1xx_HAL_Driver/Src/stm32f1xx_hal_cortex.o
                0x00000000080042e6                HAL_NVIC_EnableIRQ
 .text.HAL_SYSTICK_Config
                0x0000000008004302       0x18 Drivers/STM32F1xx_HAL_Driver/Src/stm32f1xx_hal_cortex.o
                0x0000000008004302                HAL_SYSTICK_Config
 *fill*         0x000000000800431a        0x2 
 .text.HAL_DMA_Init
                0x000000000800431c       0xb4 Drivers/STM32F1xx_HAL_Driver/Src/stm32f1xx_hal_dma.o
                0x000000000800431c                HAL_DMA_Init
 .text.HAL_DMA_Start_IT
                0x00000000080043d0       0xbe Drivers/STM32F1xx_HAL_Driver/Src/stm32f1xx_hal_dma.o
                0x00000000080043d0                HAL_DMA_Start_IT
 *fill*         0x000000000800448e        0x2 
 .text.HAL_DMA_Abort_IT
                0x0000000008004490       0xec Drivers/STM32F1xx_HAL_Driver/Src/stm32f1xx_hal_dma.o
                0x0000000008004490                HAL_DMA_Abort_IT
 .text.HAL_DMA_IRQHandler
                0x000000000800457c      0x20c Drivers/STM32F1xx_HAL_Driver/Src/stm32f1xx_hal_dma.o
                0x000000000800457c                HAL_DMA_IRQHandler
 .text.DMA_SetConfig
                0x0000000008004788       0x5a Drivers/STM32F1xx_HAL_Driver/Src/stm32f1xx_hal_dma.o
 *fill*         0x00000000080047e2        0x2 
 .text.HAL_GPIO_Init
                0x00000000080047e4      0x2b4 Drivers/STM32F1xx_HAL_Driver/Src/stm32f1xx_hal_gpio.o
                0x00000000080047e4                HAL_GPIO_Init
 .text.HAL_GPIO_WritePin
                0x0000000008004a98       0x30 Drivers/STM32F1xx_HAL_Driver/Src/stm32f1xx_hal_gpio.o
                0x0000000008004a98                HAL_GPIO_WritePin
 .text.HAL_GPIO_TogglePin
                0x0000000008004ac8       0x32 Drivers/STM32F1xx_HAL_Driver/Src/stm32f1xx_hal_gpio.o
                0x0000000008004ac8                HAL_GPIO_TogglePin
 *fill*         0x0000000008004afa        0x2 
 .text.HAL_GPIO_EXTI_IRQHandler
                0x0000000008004afc       0x30 Drivers/STM32F1xx_HAL_Driver/Src/stm32f1xx_hal_gpio.o
                0x0000000008004afc                HAL_GPIO_EXTI_IRQHandler
 .text.HAL_I2C_Init
                0x0000000008004b2c      0x270 Drivers/STM32F1xx_HAL_Driver/Src/stm32f1xx_hal_i2c.o
                0x0000000008004b2c                HAL_I2C_Init
 .text.HAL_I2C_Master_Transmit
                0x0000000008004d9c      0x1fc Drivers/STM32F1xx_HAL_Driver/Src/stm32f1xx_hal_i2c.o
                0x0000000008004d9c                HAL_I2C_Master_Transmit
 .text.HAL_I2C_Mem_Write
                0x0000000008004f98      0x1f4 Drivers/STM32F1xx_HAL_Driver/Src/stm32f1xx_hal_i2c.o
                0x0000000008004f98                HAL_I2C_Mem_Write
 .text.HAL_I2C_Mem_Read
                0x000000000800518c      0x4c4 Drivers/STM32F1xx_HAL_Driver/Src/stm32f1xx_hal_i2c.o
                0x000000000800518c                HAL_I2C_Mem_Read
 .text.HAL_I2C_ER_IRQHandler
                0x0000000008005650      0x15e Drivers/STM32F1xx_HAL_Driver/Src/stm32f1xx_hal_i2c.o
                0x0000000008005650                HAL_I2C_ER_IRQHandler
 .text.HAL_I2C_SlaveTxCpltCallback
                0x00000000080057ae       0x12 Drivers/STM32F1xx_HAL_Driver/Src/stm32f1xx_hal_i2c.o
                0x00000000080057ae                HAL_I2C_SlaveTxCpltCallback
 .text.HAL_I2C_ListenCpltCallback
                0x00000000080057c0       0x12 Drivers/STM32F1xx_HAL_Driver/Src/stm32f1xx_hal_i2c.o
                0x00000000080057c0                HAL_I2C_ListenCpltCallback
 .text.HAL_I2C_ErrorCallback
                0x00000000080057d2       0x12 Drivers/STM32F1xx_HAL_Driver/Src/stm32f1xx_hal_i2c.o
                0x00000000080057d2                HAL_I2C_ErrorCallback
 .text.HAL_I2C_AbortCpltCallback
                0x00000000080057e4       0x12 Drivers/STM32F1xx_HAL_Driver/Src/stm32f1xx_hal_i2c.o
                0x00000000080057e4                HAL_I2C_AbortCpltCallback
 *fill*         0x00000000080057f6        0x2 
 .text.I2C_Slave_AF
                0x00000000080057f8       0xe0 Drivers/STM32F1xx_HAL_Driver/Src/stm32f1xx_hal_i2c.o
 .text.I2C_ITError
                0x00000000080058d8      0x264 Drivers/STM32F1xx_HAL_Driver/Src/stm32f1xx_hal_i2c.o
 .text.I2C_MasterRequestWrite
                0x0000000008005b3c      0x104 Drivers/STM32F1xx_HAL_Driver/Src/stm32f1xx_hal_i2c.o
 .text.I2C_RequestMemoryWrite
                0x0000000008005c40      0x12c Drivers/STM32F1xx_HAL_Driver/Src/stm32f1xx_hal_i2c.o
 .text.I2C_RequestMemoryRead
                0x0000000008005d6c      0x1d0 Drivers/STM32F1xx_HAL_Driver/Src/stm32f1xx_hal_i2c.o
 .text.I2C_DMAAbort
                0x0000000008005f3c      0x150 Drivers/STM32F1xx_HAL_Driver/Src/stm32f1xx_hal_i2c.o
 .text.I2C_WaitOnFlagUntilTimeout
                0x000000000800608c       0xae Drivers/STM32F1xx_HAL_Driver/Src/stm32f1xx_hal_i2c.o
 .text.I2C_WaitOnMasterAddressFlagUntilTimeout
                0x000000000800613a       0xfe Drivers/STM32F1xx_HAL_Driver/Src/stm32f1xx_hal_i2c.o
 .text.I2C_WaitOnTXEFlagUntilTimeout
                0x0000000008006238       0x82 Drivers/STM32F1xx_HAL_Driver/Src/stm32f1xx_hal_i2c.o
 .text.I2C_WaitOnBTFFlagUntilTimeout
                0x00000000080062ba       0x82 Drivers/STM32F1xx_HAL_Driver/Src/stm32f1xx_hal_i2c.o
 .text.I2C_WaitOnRXNEFlagUntilTimeout
                0x000000000800633c       0xac Drivers/STM32F1xx_HAL_Driver/Src/stm32f1xx_hal_i2c.o
 .text.I2C_IsAcknowledgeFailed
                0x00000000080063e8       0x5c Drivers/STM32F1xx_HAL_Driver/Src/stm32f1xx_hal_i2c.o
 .text.HAL_RCC_OscConfig
                0x0000000008006444      0x500 Drivers/STM32F1xx_HAL_Driver/Src/stm32f1xx_hal_rcc.o
                0x0000000008006444                HAL_RCC_OscConfig
 .text.HAL_RCC_ClockConfig
                0x0000000008006944      0x1d4 Drivers/STM32F1xx_HAL_Driver/Src/stm32f1xx_hal_rcc.o
                0x0000000008006944                HAL_RCC_ClockConfig
 .text.HAL_RCC_GetSysClockFreq
                0x0000000008006b18       0xc4 Drivers/STM32F1xx_HAL_Driver/Src/stm32f1xx_hal_rcc.o
                0x0000000008006b18                HAL_RCC_GetSysClockFreq
 .text.HAL_RCC_GetHCLKFreq
                0x0000000008006bdc       0x14 Drivers/STM32F1xx_HAL_Driver/Src/stm32f1xx_hal_rcc.o
                0x0000000008006bdc                HAL_RCC_GetHCLKFreq
 .text.HAL_RCC_GetPCLK1Freq
                0x0000000008006bf0       0x28 Drivers/STM32F1xx_HAL_Driver/Src/stm32f1xx_hal_rcc.o
                0x0000000008006bf0                HAL_RCC_GetPCLK1Freq
 .text.HAL_RCC_GetPCLK2Freq
                0x0000000008006c18       0x28 Drivers/STM32F1xx_HAL_Driver/Src/stm32f1xx_hal_rcc.o
                0x0000000008006c18                HAL_RCC_GetPCLK2Freq
 .text.RCC_Delay
                0x0000000008006c40       0x3c Drivers/STM32F1xx_HAL_Driver/Src/stm32f1xx_hal_rcc.o
 .text.HAL_TIM_Base_Init
                0x0000000008006c7c       0x9e Drivers/STM32F1xx_HAL_Driver/Src/stm32f1xx_hal_tim.o
                0x0000000008006c7c                HAL_TIM_Base_Init
 *fill*         0x0000000008006d1a        0x2 
 .text.HAL_TIM_Base_Start_IT
                0x0000000008006d1c       0xa4 Drivers/STM32F1xx_HAL_Driver/Src/stm32f1xx_hal_tim.o
                0x0000000008006d1c                HAL_TIM_Base_Start_IT
 .text.HAL_TIM_OC_Init
                0x0000000008006dc0       0x9e Drivers/STM32F1xx_HAL_Driver/Src/stm32f1xx_hal_tim.o
                0x0000000008006dc0                HAL_TIM_OC_Init
 .text.HAL_TIM_OC_MspInit
                0x0000000008006e5e       0x12 Drivers/STM32F1xx_HAL_Driver/Src/stm32f1xx_hal_tim.o
                0x0000000008006e5e                HAL_TIM_OC_MspInit
 .text.HAL_TIM_IRQHandler
                0x0000000008006e70      0x210 Drivers/STM32F1xx_HAL_Driver/Src/stm32f1xx_hal_tim.o
                0x0000000008006e70                HAL_TIM_IRQHandler
 .text.HAL_TIM_OC_ConfigChannel
                0x0000000008007080       0xb0 Drivers/STM32F1xx_HAL_Driver/Src/stm32f1xx_hal_tim.o
                0x0000000008007080                HAL_TIM_OC_ConfigChannel
 .text.HAL_TIM_ConfigClockSource
                0x0000000008007130      0x16e Drivers/STM32F1xx_HAL_Driver/Src/stm32f1xx_hal_tim.o
                0x0000000008007130                HAL_TIM_ConfigClockSource
 .text.HAL_TIM_OC_DelayElapsedCallback
                0x000000000800729e       0x12 Drivers/STM32F1xx_HAL_Driver/Src/stm32f1xx_hal_tim.o
                0x000000000800729e                HAL_TIM_OC_DelayElapsedCallback
 .text.HAL_TIM_IC_CaptureCallback
                0x00000000080072b0       0x12 Drivers/STM32F1xx_HAL_Driver/Src/stm32f1xx_hal_tim.o
                0x00000000080072b0                HAL_TIM_IC_CaptureCallback
 .text.HAL_TIM_PWM_PulseFinishedCallback
                0x00000000080072c2       0x12 Drivers/STM32F1xx_HAL_Driver/Src/stm32f1xx_hal_tim.o
                0x00000000080072c2                HAL_TIM_PWM_PulseFinishedCallback
 .text.HAL_TIM_TriggerCallback
                0x00000000080072d4       0x12 Drivers/STM32F1xx_HAL_Driver/Src/stm32f1xx_hal_tim.o
                0x00000000080072d4                HAL_TIM_TriggerCallback
 *fill*         0x00000000080072e6        0x2 
 .text.TIM_Base_SetConfig
                0x00000000080072e8       0xc4 Drivers/STM32F1xx_HAL_Driver/Src/stm32f1xx_hal_tim.o
                0x00000000080072e8                TIM_Base_SetConfig
 .text.TIM_OC1_SetConfig
                0x00000000080073ac       0xcc Drivers/STM32F1xx_HAL_Driver/Src/stm32f1xx_hal_tim.o
 .text.TIM_OC2_SetConfig
                0x0000000008007478       0xd4 Drivers/STM32F1xx_HAL_Driver/Src/stm32f1xx_hal_tim.o
                0x0000000008007478                TIM_OC2_SetConfig
 .text.TIM_OC3_SetConfig
                0x000000000800754c       0xd4 Drivers/STM32F1xx_HAL_Driver/Src/stm32f1xx_hal_tim.o
 .text.TIM_OC4_SetConfig
                0x0000000008007620       0x9c Drivers/STM32F1xx_HAL_Driver/Src/stm32f1xx_hal_tim.o
 .text.TIM_TI1_ConfigInputStage
                0x00000000080076bc       0x5c Drivers/STM32F1xx_HAL_Driver/Src/stm32f1xx_hal_tim.o
 .text.TIM_TI2_ConfigInputStage
                0x0000000008007718       0x5e Drivers/STM32F1xx_HAL_Driver/Src/stm32f1xx_hal_tim.o
 .text.TIM_ITRx_SetConfig
                0x0000000008007776       0x34 Drivers/STM32F1xx_HAL_Driver/Src/stm32f1xx_hal_tim.o
 .text.TIM_ETR_SetConfig
                0x00000000080077aa       0x3e Drivers/STM32F1xx_HAL_Driver/Src/stm32f1xx_hal_tim.o
                0x00000000080077aa                TIM_ETR_SetConfig
 .text.HAL_TIMEx_MasterConfigSynchronization
                0x00000000080077e8       0xbc Drivers/STM32F1xx_HAL_Driver/Src/stm32f1xx_hal_tim_ex.o
                0x00000000080077e8                HAL_TIMEx_MasterConfigSynchronization
 .text.HAL_TIMEx_CommutCallback
                0x00000000080078a4       0x12 Drivers/STM32F1xx_HAL_Driver/Src/stm32f1xx_hal_tim_ex.o
                0x00000000080078a4                HAL_TIMEx_CommutCallback
 .text.HAL_TIMEx_BreakCallback
                0x00000000080078b6       0x12 Drivers/STM32F1xx_HAL_Driver/Src/stm32f1xx_hal_tim_ex.o
                0x00000000080078b6                HAL_TIMEx_BreakCallback
 .text.HAL_UART_Init
                0x00000000080078c8       0x9a Drivers/STM32F1xx_HAL_Driver/Src/stm32f1xx_hal_uart.o
                0x00000000080078c8                HAL_UART_Init
 *fill*         0x0000000008007962        0x2 
 .text.HAL_UART_Transmit_DMA
                0x0000000008007964       0xd8 Drivers/STM32F1xx_HAL_Driver/Src/stm32f1xx_hal_uart.o
                0x0000000008007964                HAL_UART_Transmit_DMA
 .text.HAL_UART_Receive_DMA
                0x0000000008007a3c      0x100 Drivers/STM32F1xx_HAL_Driver/Src/stm32f1xx_hal_uart.o
                0x0000000008007a3c                HAL_UART_Receive_DMA
 .text.HAL_UART_IRQHandler
                0x0000000008007b3c      0x200 Drivers/STM32F1xx_HAL_Driver/Src/stm32f1xx_hal_uart.o
                0x0000000008007b3c                HAL_UART_IRQHandler
 .text.HAL_UART_TxCpltCallback
                0x0000000008007d3c       0x12 Drivers/STM32F1xx_HAL_Driver/Src/stm32f1xx_hal_uart.o
                0x0000000008007d3c                HAL_UART_TxCpltCallback
 .text.HAL_UART_TxHalfCpltCallback
                0x0000000008007d4e       0x12 Drivers/STM32F1xx_HAL_Driver/Src/stm32f1xx_hal_uart.o
                0x0000000008007d4e                HAL_UART_TxHalfCpltCallback
 .text.HAL_UART_RxHalfCpltCallback
                0x0000000008007d60       0x12 Drivers/STM32F1xx_HAL_Driver/Src/stm32f1xx_hal_uart.o
                0x0000000008007d60                HAL_UART_RxHalfCpltCallback
 .text.HAL_UART_ErrorCallback
                0x0000000008007d72       0x12 Drivers/STM32F1xx_HAL_Driver/Src/stm32f1xx_hal_uart.o
                0x0000000008007d72                HAL_UART_ErrorCallback
 .text.UART_DMATransmitCplt
                0x0000000008007d84       0x52 Drivers/STM32F1xx_HAL_Driver/Src/stm32f1xx_hal_uart.o
 .text.UART_DMATxHalfCplt
                0x0000000008007dd6       0x1c Drivers/STM32F1xx_HAL_Driver/Src/stm32f1xx_hal_uart.o
 .text.UART_DMAReceiveCplt
                0x0000000008007df2       0x68 Drivers/STM32F1xx_HAL_Driver/Src/stm32f1xx_hal_uart.o
 .text.UART_DMARxHalfCplt
                0x0000000008007e5a       0x1c Drivers/STM32F1xx_HAL_Driver/Src/stm32f1xx_hal_uart.o
 .text.UART_DMAError
                0x0000000008007e76       0x94 Drivers/STM32F1xx_HAL_Driver/Src/stm32f1xx_hal_uart.o
 .text.UART_EndTxTransfer
                0x0000000008007f0a       0x2a Drivers/STM32F1xx_HAL_Driver/Src/stm32f1xx_hal_uart.o
 .text.UART_EndRxTransfer
                0x0000000008007f34       0x3a Drivers/STM32F1xx_HAL_Driver/Src/stm32f1xx_hal_uart.o
 .text.UART_DMAAbortOnError
                0x0000000008007f6e       0x28 Drivers/STM32F1xx_HAL_Driver/Src/stm32f1xx_hal_uart.o
 .text.UART_Transmit_IT
                0x0000000008007f96       0x9e Drivers/STM32F1xx_HAL_Driver/Src/stm32f1xx_hal_uart.o
 .text.UART_EndTransmit_IT
                0x0000000008008034       0x30 Drivers/STM32F1xx_HAL_Driver/Src/stm32f1xx_hal_uart.o
 .text.UART_Receive_IT
                0x0000000008008064      0x100 Drivers/STM32F1xx_HAL_Driver/Src/stm32f1xx_hal_uart.o
 .text.UART_SetConfig
                0x0000000008008164      0x11c Drivers/STM32F1xx_HAL_Driver/Src/stm32f1xx_hal_uart.o
 .text.atoi     0x0000000008008280        0x8 /mnt/mydisk/Augusto/Programs/st/stm32cubeide_1.4.0/plugins/com.st.stm32cube.ide.mcu.externaltools.gnu-tools-for-stm32.7-2018-q2-update.linux64_1.4.0.202007081208/tools/bin/../lib/gcc/arm-none-eabi/7.3.1/../../../../arm-none-eabi/lib/thumb/v7-m/libc_nano.a(lib_a-atoi.o)
                0x0000000008008280                atoi
 .text.__errno  0x0000000008008288        0xc /mnt/mydisk/Augusto/Programs/st/stm32cubeide_1.4.0/plugins/com.st.stm32cube.ide.mcu.externaltools.gnu-tools-for-stm32.7-2018-q2-update.linux64_1.4.0.202007081208/tools/bin/../lib/gcc/arm-none-eabi/7.3.1/../../../../arm-none-eabi/lib/thumb/v7-m/libc_nano.a(lib_a-errno.o)
                0x0000000008008288                __errno
 .text.__libc_init_array
                0x0000000008008294       0x48 /mnt/mydisk/Augusto/Programs/st/stm32cubeide_1.4.0/plugins/com.st.stm32cube.ide.mcu.externaltools.gnu-tools-for-stm32.7-2018-q2-update.linux64_1.4.0.202007081208/tools/bin/../lib/gcc/arm-none-eabi/7.3.1/../../../../arm-none-eabi/lib/thumb/v7-m/libc_nano.a(lib_a-init.o)
                0x0000000008008294                __libc_init_array
 .text.memcpy   0x00000000080082dc       0x16 /mnt/mydisk/Augusto/Programs/st/stm32cubeide_1.4.0/plugins/com.st.stm32cube.ide.mcu.externaltools.gnu-tools-for-stm32.7-2018-q2-update.linux64_1.4.0.202007081208/tools/bin/../lib/gcc/arm-none-eabi/7.3.1/../../../../arm-none-eabi/lib/thumb/v7-m/libc_nano.a(lib_a-memcpy-stub.o)
                0x00000000080082dc                memcpy
 .text.memset   0x00000000080082f2       0x10 /mnt/mydisk/Augusto/Programs/st/stm32cubeide_1.4.0/plugins/com.st.stm32cube.ide.mcu.externaltools.gnu-tools-for-stm32.7-2018-q2-update.linux64_1.4.0.202007081208/tools/bin/../lib/gcc/arm-none-eabi/7.3.1/../../../../arm-none-eabi/lib/thumb/v7-m/libc_nano.a(lib_a-memset.o)
                0x00000000080082f2                memset
 .text.__cvt    0x0000000008008302       0xb8 /mnt/mydisk/Augusto/Programs/st/stm32cubeide_1.4.0/plugins/com.st.stm32cube.ide.mcu.externaltools.gnu-tools-for-stm32.7-2018-q2-update.linux64_1.4.0.202007081208/tools/bin/../lib/gcc/arm-none-eabi/7.3.1/../../../../arm-none-eabi/lib/thumb/v7-m/libc_nano.a(lib_a-nano-vfprintf_float.o)
                0x0000000008008302                __cvt
 .text.__exponent
                0x00000000080083ba       0x6a /mnt/mydisk/Augusto/Programs/st/stm32cubeide_1.4.0/plugins/com.st.stm32cube.ide.mcu.externaltools.gnu-tools-for-stm32.7-2018-q2-update.linux64_1.4.0.202007081208/tools/bin/../lib/gcc/arm-none-eabi/7.3.1/../../../../arm-none-eabi/lib/thumb/v7-m/libc_nano.a(lib_a-nano-vfprintf_float.o)
                0x00000000080083ba                __exponent
 .text._printf_float
                0x0000000008008424      0x46c /mnt/mydisk/Augusto/Programs/st/stm32cubeide_1.4.0/plugins/com.st.stm32cube.ide.mcu.externaltools.gnu-tools-for-stm32.7-2018-q2-update.linux64_1.4.0.202007081208/tools/bin/../lib/gcc/arm-none-eabi/7.3.1/../../../../arm-none-eabi/lib/thumb/v7-m/libc_nano.a(lib_a-nano-vfprintf_float.o)
                0x0000000008008424                _printf_float
 .text._printf_common
                0x0000000008008890       0xec /mnt/mydisk/Augusto/Programs/st/stm32cubeide_1.4.0/plugins/com.st.stm32cube.ide.mcu.externaltools.gnu-tools-for-stm32.7-2018-q2-update.linux64_1.4.0.202007081208/tools/bin/../lib/gcc/arm-none-eabi/7.3.1/../../../../arm-none-eabi/lib/thumb/v7-m/libc_nano.a(lib_a-nano-vfprintf_i.o)
                0x0000000008008890                _printf_common
 .text._printf_i
                0x000000000800897c      0x224 /mnt/mydisk/Augusto/Programs/st/stm32cubeide_1.4.0/plugins/com.st.stm32cube.ide.mcu.externaltools.gnu-tools-for-stm32.7-2018-q2-update.linux64_1.4.0.202007081208/tools/bin/../lib/gcc/arm-none-eabi/7.3.1/../../../../arm-none-eabi/lib/thumb/v7-m/libc_nano.a(lib_a-nano-vfprintf_i.o)
                0x000000000800897c                _printf_i
 .text.sprintf  0x0000000008008ba0       0x40 /mnt/mydisk/Augusto/Programs/st/stm32cubeide_1.4.0/plugins/com.st.stm32cube.ide.mcu.externaltools.gnu-tools-for-stm32.7-2018-q2-update.linux64_1.4.0.202007081208/tools/bin/../lib/gcc/arm-none-eabi/7.3.1/../../../../arm-none-eabi/lib/thumb/v7-m/libc_nano.a(lib_a-sprintf.o)
                0x0000000008008ba0                sprintf
                0x0000000008008ba0                siprintf
 .text.strcat   0x0000000008008be0       0x1e /mnt/mydisk/Augusto/Programs/st/stm32cubeide_1.4.0/plugins/com.st.stm32cube.ide.mcu.externaltools.gnu-tools-for-stm32.7-2018-q2-update.linux64_1.4.0.202007081208/tools/bin/../lib/gcc/arm-none-eabi/7.3.1/../../../../arm-none-eabi/lib/thumb/v7-m/libc_nano.a(lib_a-strcat.o)
                0x0000000008008be0                strcat
 .text._strtol_l.isra.0
                0x0000000008008bfe       0xf6 /mnt/mydisk/Augusto/Programs/st/stm32cubeide_1.4.0/plugins/com.st.stm32cube.ide.mcu.externaltools.gnu-tools-for-stm32.7-2018-q2-update.linux64_1.4.0.202007081208/tools/bin/../lib/gcc/arm-none-eabi/7.3.1/../../../../arm-none-eabi/lib/thumb/v7-m/libc_nano.a(lib_a-strtol.o)
 .text.strtol   0x0000000008008cf4       0x2c /mnt/mydisk/Augusto/Programs/st/stm32cubeide_1.4.0/plugins/com.st.stm32cube.ide.mcu.externaltools.gnu-tools-for-stm32.7-2018-q2-update.linux64_1.4.0.202007081208/tools/bin/../lib/gcc/arm-none-eabi/7.3.1/../../../../arm-none-eabi/lib/thumb/v7-m/libc_nano.a(lib_a-strtol.o)
                0x0000000008008cf4                strtol
 .text.quorem   0x0000000008008d20      0x11c /mnt/mydisk/Augusto/Programs/st/stm32cubeide_1.4.0/plugins/com.st.stm32cube.ide.mcu.externaltools.gnu-tools-for-stm32.7-2018-q2-update.linux64_1.4.0.202007081208/tools/bin/../lib/gcc/arm-none-eabi/7.3.1/../../../../arm-none-eabi/lib/thumb/v7-m/libc_nano.a(lib_a-dtoa.o)
 *fill*         0x0000000008008e3c        0x4 
 .text._dtoa_r  0x0000000008008e40      0xb68 /mnt/mydisk/Augusto/Programs/st/stm32cubeide_1.4.0/plugins/com.st.stm32cube.ide.mcu.externaltools.gnu-tools-for-stm32.7-2018-q2-update.linux64_1.4.0.202007081208/tools/bin/../lib/gcc/arm-none-eabi/7.3.1/../../../../arm-none-eabi/lib/thumb/v7-m/libc_nano.a(lib_a-dtoa.o)
                0x0000000008008e40                _dtoa_r
 .text.__locale_ctype_ptr_l
                0x00000000080099a8        0x6 /mnt/mydisk/Augusto/Programs/st/stm32cubeide_1.4.0/plugins/com.st.stm32cube.ide.mcu.externaltools.gnu-tools-for-stm32.7-2018-q2-update.linux64_1.4.0.202007081208/tools/bin/../lib/gcc/arm-none-eabi/7.3.1/../../../../arm-none-eabi/lib/thumb/v7-m/libc_nano.a(lib_a-locale.o)
                0x00000000080099a8                __locale_ctype_ptr_l
 *fill*         0x00000000080099ae        0x2 
 .text._localeconv_r
                0x00000000080099b0       0x1c /mnt/mydisk/Augusto/Programs/st/stm32cubeide_1.4.0/plugins/com.st.stm32cube.ide.mcu.externaltools.gnu-tools-for-stm32.7-2018-q2-update.linux64_1.4.0.202007081208/tools/bin/../lib/gcc/arm-none-eabi/7.3.1/../../../../arm-none-eabi/lib/thumb/v7-m/libc_nano.a(lib_a-localeconv.o)
                0x00000000080099b0                _localeconv_r
 .text.malloc   0x00000000080099cc       0x10 /mnt/mydisk/Augusto/Programs/st/stm32cubeide_1.4.0/plugins/com.st.stm32cube.ide.mcu.externaltools.gnu-tools-for-stm32.7-2018-q2-update.linux64_1.4.0.202007081208/tools/bin/../lib/gcc/arm-none-eabi/7.3.1/../../../../arm-none-eabi/lib/thumb/v7-m/libc_nano.a(lib_a-malloc.o)
                0x00000000080099cc                malloc
 .text.__ascii_mbtowc
                0x00000000080099dc       0x24 /mnt/mydisk/Augusto/Programs/st/stm32cubeide_1.4.0/plugins/com.st.stm32cube.ide.mcu.externaltools.gnu-tools-for-stm32.7-2018-q2-update.linux64_1.4.0.202007081208/tools/bin/../lib/gcc/arm-none-eabi/7.3.1/../../../../arm-none-eabi/lib/thumb/v7-m/libc_nano.a(lib_a-mbtowc_r.o)
                0x00000000080099dc                __ascii_mbtowc
 .text.memchr   0x0000000008009a00       0x1c /mnt/mydisk/Augusto/Programs/st/stm32cubeide_1.4.0/plugins/com.st.stm32cube.ide.mcu.externaltools.gnu-tools-for-stm32.7-2018-q2-update.linux64_1.4.0.202007081208/tools/bin/../lib/gcc/arm-none-eabi/7.3.1/../../../../arm-none-eabi/lib/thumb/v7-m/libc_nano.a(lib_a-memchr-stub.o)
                0x0000000008009a00                memchr
 .text._Balloc  0x0000000008009a1c       0x68 /mnt/mydisk/Augusto/Programs/st/stm32cubeide_1.4.0/plugins/com.st.stm32cube.ide.mcu.externaltools.gnu-tools-for-stm32.7-2018-q2-update.linux64_1.4.0.202007081208/tools/bin/../lib/gcc/arm-none-eabi/7.3.1/../../../../arm-none-eabi/lib/thumb/v7-m/libc_nano.a(lib_a-mprec.o)
                0x0000000008009a1c                _Balloc
 .text._Bfree   0x0000000008009a84       0x2e /mnt/mydisk/Augusto/Programs/st/stm32cubeide_1.4.0/plugins/com.st.stm32cube.ide.mcu.externaltools.gnu-tools-for-stm32.7-2018-q2-update.linux64_1.4.0.202007081208/tools/bin/../lib/gcc/arm-none-eabi/7.3.1/../../../../arm-none-eabi/lib/thumb/v7-m/libc_nano.a(lib_a-mprec.o)
                0x0000000008009a84                _Bfree
 .text.__multadd
                0x0000000008009ab2       0x76 /mnt/mydisk/Augusto/Programs/st/stm32cubeide_1.4.0/plugins/com.st.stm32cube.ide.mcu.externaltools.gnu-tools-for-stm32.7-2018-q2-update.linux64_1.4.0.202007081208/tools/bin/../lib/gcc/arm-none-eabi/7.3.1/../../../../arm-none-eabi/lib/thumb/v7-m/libc_nano.a(lib_a-mprec.o)
                0x0000000008009ab2                __multadd
 .text.__hi0bits
                0x0000000008009b28       0x3e /mnt/mydisk/Augusto/Programs/st/stm32cubeide_1.4.0/plugins/com.st.stm32cube.ide.mcu.externaltools.gnu-tools-for-stm32.7-2018-q2-update.linux64_1.4.0.202007081208/tools/bin/../lib/gcc/arm-none-eabi/7.3.1/../../../../arm-none-eabi/lib/thumb/v7-m/libc_nano.a(lib_a-mprec.o)
                0x0000000008009b28                __hi0bits
 .text.__lo0bits
                0x0000000008009b66       0x5e /mnt/mydisk/Augusto/Programs/st/stm32cubeide_1.4.0/plugins/com.st.stm32cube.ide.mcu.externaltools.gnu-tools-for-stm32.7-2018-q2-update.linux64_1.4.0.202007081208/tools/bin/../lib/gcc/arm-none-eabi/7.3.1/../../../../arm-none-eabi/lib/thumb/v7-m/libc_nano.a(lib_a-mprec.o)
                0x0000000008009b66                __lo0bits
 .text.__i2b    0x0000000008009bc4       0x12 /mnt/mydisk/Augusto/Programs/st/stm32cubeide_1.4.0/plugins/com.st.stm32cube.ide.mcu.externaltools.gnu-tools-for-stm32.7-2018-q2-update.linux64_1.4.0.202007081208/tools/bin/../lib/gcc/arm-none-eabi/7.3.1/../../../../arm-none-eabi/lib/thumb/v7-m/libc_nano.a(lib_a-mprec.o)
                0x0000000008009bc4                __i2b
 .text.__multiply
                0x0000000008009bd6      0x12a /mnt/mydisk/Augusto/Programs/st/stm32cubeide_1.4.0/plugins/com.st.stm32cube.ide.mcu.externaltools.gnu-tools-for-stm32.7-2018-q2-update.linux64_1.4.0.202007081208/tools/bin/../lib/gcc/arm-none-eabi/7.3.1/../../../../arm-none-eabi/lib/thumb/v7-m/libc_nano.a(lib_a-mprec.o)
                0x0000000008009bd6                __multiply
 .text.__pow5mult
                0x0000000008009d00       0x9c /mnt/mydisk/Augusto/Programs/st/stm32cubeide_1.4.0/plugins/com.st.stm32cube.ide.mcu.externaltools.gnu-tools-for-stm32.7-2018-q2-update.linux64_1.4.0.202007081208/tools/bin/../lib/gcc/arm-none-eabi/7.3.1/../../../../arm-none-eabi/lib/thumb/v7-m/libc_nano.a(lib_a-mprec.o)
                0x0000000008009d00                __pow5mult
 .text.__lshift
                0x0000000008009d9c       0xa8 /mnt/mydisk/Augusto/Programs/st/stm32cubeide_1.4.0/plugins/com.st.stm32cube.ide.mcu.externaltools.gnu-tools-for-stm32.7-2018-q2-update.linux64_1.4.0.202007081208/tools/bin/../lib/gcc/arm-none-eabi/7.3.1/../../../../arm-none-eabi/lib/thumb/v7-m/libc_nano.a(lib_a-mprec.o)
                0x0000000008009d9c                __lshift
 .text.__mcmp   0x0000000008009e44       0x34 /mnt/mydisk/Augusto/Programs/st/stm32cubeide_1.4.0/plugins/com.st.stm32cube.ide.mcu.externaltools.gnu-tools-for-stm32.7-2018-q2-update.linux64_1.4.0.202007081208/tools/bin/../lib/gcc/arm-none-eabi/7.3.1/../../../../arm-none-eabi/lib/thumb/v7-m/libc_nano.a(lib_a-mprec.o)
                0x0000000008009e44                __mcmp
 .text.__mdiff  0x0000000008009e78       0xbc /mnt/mydisk/Augusto/Programs/st/stm32cubeide_1.4.0/plugins/com.st.stm32cube.ide.mcu.externaltools.gnu-tools-for-stm32.7-2018-q2-update.linux64_1.4.0.202007081208/tools/bin/../lib/gcc/arm-none-eabi/7.3.1/../../../../arm-none-eabi/lib/thumb/v7-m/libc_nano.a(lib_a-mprec.o)
                0x0000000008009e78                __mdiff
 .text.__d2b    0x0000000008009f34       0x9e /mnt/mydisk/Augusto/Programs/st/stm32cubeide_1.4.0/plugins/com.st.stm32cube.ide.mcu.externaltools.gnu-tools-for-stm32.7-2018-q2-update.linux64_1.4.0.202007081208/tools/bin/../lib/gcc/arm-none-eabi/7.3.1/../../../../arm-none-eabi/lib/thumb/v7-m/libc_nano.a(lib_a-mprec.o)
                0x0000000008009f34                __d2b
 .text._calloc_r
                0x0000000008009fd2       0x1c /mnt/mydisk/Augusto/Programs/st/stm32cubeide_1.4.0/plugins/com.st.stm32cube.ide.mcu.externaltools.gnu-tools-for-stm32.7-2018-q2-update.linux64_1.4.0.202007081208/tools/bin/../lib/gcc/arm-none-eabi/7.3.1/../../../../arm-none-eabi/lib/thumb/v7-m/libc_nano.a(lib_a-nano-callocr.o)
                0x0000000008009fd2                _calloc_r
 *fill*         0x0000000008009fee        0x2 
 .text._free_r  0x0000000008009ff0       0x98 /mnt/mydisk/Augusto/Programs/st/stm32cubeide_1.4.0/plugins/com.st.stm32cube.ide.mcu.externaltools.gnu-tools-for-stm32.7-2018-q2-update.linux64_1.4.0.202007081208/tools/bin/../lib/gcc/arm-none-eabi/7.3.1/../../../../arm-none-eabi/lib/thumb/v7-m/libc_nano.a(lib_a-nano-freer.o)
                0x0000000008009ff0                _free_r
 .text._malloc_r
                0x000000000800a088       0xb4 /mnt/mydisk/Augusto/Programs/st/stm32cubeide_1.4.0/plugins/com.st.stm32cube.ide.mcu.externaltools.gnu-tools-for-stm32.7-2018-q2-update.linux64_1.4.0.202007081208/tools/bin/../lib/gcc/arm-none-eabi/7.3.1/../../../../arm-none-eabi/lib/thumb/v7-m/libc_nano.a(lib_a-nano-mallocr.o)
                0x000000000800a088                _malloc_r
 .text.__ssputs_r
                0x000000000800a13c       0xb4 /mnt/mydisk/Augusto/Programs/st/stm32cubeide_1.4.0/plugins/com.st.stm32cube.ide.mcu.externaltools.gnu-tools-for-stm32.7-2018-q2-update.linux64_1.4.0.202007081208/tools/bin/../lib/gcc/arm-none-eabi/7.3.1/../../../../arm-none-eabi/lib/thumb/v7-m/libc_nano.a(lib_a-nano-svfprintf.o)
                0x000000000800a13c                __ssputs_r
 .text._svfprintf_r
                0x000000000800a1f0      0x1f0 /mnt/mydisk/Augusto/Programs/st/stm32cubeide_1.4.0/plugins/com.st.stm32cube.ide.mcu.externaltools.gnu-tools-for-stm32.7-2018-q2-update.linux64_1.4.0.202007081208/tools/bin/../lib/gcc/arm-none-eabi/7.3.1/../../../../arm-none-eabi/lib/thumb/v7-m/libc_nano.a(lib_a-nano-svfprintf.o)
                0x000000000800a1f0                _svfprintf_r
                0x000000000800a1f0                _svfiprintf_r
 .text._sbrk_r  0x000000000800a3e0       0x20 /mnt/mydisk/Augusto/Programs/st/stm32cubeide_1.4.0/plugins/com.st.stm32cube.ide.mcu.externaltools.gnu-tools-for-stm32.7-2018-q2-update.linux64_1.4.0.202007081208/tools/bin/../lib/gcc/arm-none-eabi/7.3.1/../../../../arm-none-eabi/lib/thumb/v7-m/libc_nano.a(lib_a-sbrkr.o)
                0x000000000800a3e0                _sbrk_r
 .text.__ascii_wctomb
                0x000000000800a400       0x1a /mnt/mydisk/Augusto/Programs/st/stm32cubeide_1.4.0/plugins/com.st.stm32cube.ide.mcu.externaltools.gnu-tools-for-stm32.7-2018-q2-update.linux64_1.4.0.202007081208/tools/bin/../lib/gcc/arm-none-eabi/7.3.1/../../../../arm-none-eabi/lib/thumb/v7-m/libc_nano.a(lib_a-wctomb_r.o)
                0x000000000800a400                __ascii_wctomb
 .text.memmove  0x000000000800a41a       0x32 /mnt/mydisk/Augusto/Programs/st/stm32cubeide_1.4.0/plugins/com.st.stm32cube.ide.mcu.externaltools.gnu-tools-for-stm32.7-2018-q2-update.linux64_1.4.0.202007081208/tools/bin/../lib/gcc/arm-none-eabi/7.3.1/../../../../arm-none-eabi/lib/thumb/v7-m/libc_nano.a(lib_a-memmove.o)
                0x000000000800a41a                memmove
 .text.__malloc_lock
                0x000000000800a44c        0x2 /mnt/mydisk/Augusto/Programs/st/stm32cubeide_1.4.0/plugins/com.st.stm32cube.ide.mcu.externaltools.gnu-tools-for-stm32.7-2018-q2-update.linux64_1.4.0.202007081208/tools/bin/../lib/gcc/arm-none-eabi/7.3.1/../../../../arm-none-eabi/lib/thumb/v7-m/libc_nano.a(lib_a-mlock.o)
                0x000000000800a44c                __malloc_lock
 .text.__malloc_unlock
                0x000000000800a44e        0x2 /mnt/mydisk/Augusto/Programs/st/stm32cubeide_1.4.0/plugins/com.st.stm32cube.ide.mcu.externaltools.gnu-tools-for-stm32.7-2018-q2-update.linux64_1.4.0.202007081208/tools/bin/../lib/gcc/arm-none-eabi/7.3.1/../../../../arm-none-eabi/lib/thumb/v7-m/libc_nano.a(lib_a-mlock.o)
                0x000000000800a44e                __malloc_unlock
 .text._realloc_r
                0x000000000800a450       0x4c /mnt/mydisk/Augusto/Programs/st/stm32cubeide_1.4.0/plugins/com.st.stm32cube.ide.mcu.externaltools.gnu-tools-for-stm32.7-2018-q2-update.linux64_1.4.0.202007081208/tools/bin/../lib/gcc/arm-none-eabi/7.3.1/../../../../arm-none-eabi/lib/thumb/v7-m/libc_nano.a(lib_a-nano-reallocr.o)
                0x000000000800a450                _realloc_r
 .text._malloc_usable_size_r
                0x000000000800a49c       0x10 /mnt/mydisk/Augusto/Programs/st/stm32cubeide_1.4.0/plugins/com.st.stm32cube.ide.mcu.externaltools.gnu-tools-for-stm32.7-2018-q2-update.linux64_1.4.0.202007081208/tools/bin/../lib/gcc/arm-none-eabi/7.3.1/../../../../arm-none-eabi/lib/thumb/v7-m/libc_nano.a(lib_a-nano-msizer.o)
                0x000000000800a49c                _malloc_usable_size_r
 *fill*         0x000000000800a4ac        0x4 
 .text.floor    0x000000000800a4b0      0x108 /mnt/mydisk/Augusto/Programs/st/stm32cubeide_1.4.0/plugins/com.st.stm32cube.ide.mcu.externaltools.gnu-tools-for-stm32.7-2018-q2-update.linux64_1.4.0.202007081208/tools/bin/../lib/gcc/arm-none-eabi/7.3.1/../../../../arm-none-eabi/lib/thumb/v7-m/libm.a(lib_a-s_floor.o)
                0x000000000800a4b0                floor
 .text.round    0x000000000800a5b8       0x8c /mnt/mydisk/Augusto/Programs/st/stm32cubeide_1.4.0/plugins/com.st.stm32cube.ide.mcu.externaltools.gnu-tools-for-stm32.7-2018-q2-update.linux64_1.4.0.202007081208/tools/bin/../lib/gcc/arm-none-eabi/7.3.1/../../../../arm-none-eabi/lib/thumb/v7-m/libm.a(lib_a-s_round.o)
                0x000000000800a5b8                round
 .text.sin      0x000000000800a644       0x74 /mnt/mydisk/Augusto/Programs/st/stm32cubeide_1.4.0/plugins/com.st.stm32cube.ide.mcu.externaltools.gnu-tools-for-stm32.7-2018-q2-update.linux64_1.4.0.202007081208/tools/bin/../lib/gcc/arm-none-eabi/7.3.1/../../../../arm-none-eabi/lib/thumb/v7-m/libm.a(lib_a-s_sin.o)
                0x000000000800a644                sin
 .text.acos     0x000000000800a6b8       0xa8 /mnt/mydisk/Augusto/Programs/st/stm32cubeide_1.4.0/plugins/com.st.stm32cube.ide.mcu.externaltools.gnu-tools-for-stm32.7-2018-q2-update.linux64_1.4.0.202007081208/tools/bin/../lib/gcc/arm-none-eabi/7.3.1/../../../../arm-none-eabi/lib/thumb/v7-m/libm.a(lib_a-w_acos.o)
                0x000000000800a6b8                acos
 .text.asin     0x000000000800a760       0xa8 /mnt/mydisk/Augusto/Programs/st/stm32cubeide_1.4.0/plugins/com.st.stm32cube.ide.mcu.externaltools.gnu-tools-for-stm32.7-2018-q2-update.linux64_1.4.0.202007081208/tools/bin/../lib/gcc/arm-none-eabi/7.3.1/../../../../arm-none-eabi/lib/thumb/v7-m/libm.a(lib_a-w_asin.o)
                0x000000000800a760                asin
 .text.atan2    0x000000000800a808        0x4 /mnt/mydisk/Augusto/Programs/st/stm32cubeide_1.4.0/plugins/com.st.stm32cube.ide.mcu.externaltools.gnu-tools-for-stm32.7-2018-q2-update.linux64_1.4.0.202007081208/tools/bin/../lib/gcc/arm-none-eabi/7.3.1/../../../../arm-none-eabi/lib/thumb/v7-m/libm.a(lib_a-w_atan2.o)
                0x000000000800a808                atan2
 .text.sqrt     0x000000000800a80c       0xa8 /mnt/mydisk/Augusto/Programs/st/stm32cubeide_1.4.0/plugins/com.st.stm32cube.ide.mcu.externaltools.gnu-tools-for-stm32.7-2018-q2-update.linux64_1.4.0.202007081208/tools/bin/../lib/gcc/arm-none-eabi/7.3.1/../../../../arm-none-eabi/lib/thumb/v7-m/libm.a(lib_a-w_sqrt.o)
                0x000000000800a80c                sqrt
 *fill*         0x000000000800a8b4        0x4 
 .text.__ieee754_acos
                0x000000000800a8b8      0x498 /mnt/mydisk/Augusto/Programs/st/stm32cubeide_1.4.0/plugins/com.st.stm32cube.ide.mcu.externaltools.gnu-tools-for-stm32.7-2018-q2-update.linux64_1.4.0.202007081208/tools/bin/../lib/gcc/arm-none-eabi/7.3.1/../../../../arm-none-eabi/lib/thumb/v7-m/libm.a(lib_a-e_acos.o)
                0x000000000800a8b8                __ieee754_acos
 .text.__ieee754_asin
                0x000000000800ad50      0x3f8 /mnt/mydisk/Augusto/Programs/st/stm32cubeide_1.4.0/plugins/com.st.stm32cube.ide.mcu.externaltools.gnu-tools-for-stm32.7-2018-q2-update.linux64_1.4.0.202007081208/tools/bin/../lib/gcc/arm-none-eabi/7.3.1/../../../../arm-none-eabi/lib/thumb/v7-m/libm.a(lib_a-e_asin.o)
                0x000000000800ad50                __ieee754_asin
 .text.__ieee754_atan2
                0x000000000800b148      0x1bc /mnt/mydisk/Augusto/Programs/st/stm32cubeide_1.4.0/plugins/com.st.stm32cube.ide.mcu.externaltools.gnu-tools-for-stm32.7-2018-q2-update.linux64_1.4.0.202007081208/tools/bin/../lib/gcc/arm-none-eabi/7.3.1/../../../../arm-none-eabi/lib/thumb/v7-m/libm.a(lib_a-e_atan2.o)
                0x000000000800b148                __ieee754_atan2
 *fill*         0x000000000800b304        0x4 
 .text.__ieee754_rem_pio2
                0x000000000800b308      0x3e0 /mnt/mydisk/Augusto/Programs/st/stm32cubeide_1.4.0/plugins/com.st.stm32cube.ide.mcu.externaltools.gnu-tools-for-stm32.7-2018-q2-update.linux64_1.4.0.202007081208/tools/bin/../lib/gcc/arm-none-eabi/7.3.1/../../../../arm-none-eabi/lib/thumb/v7-m/libm.a(lib_a-e_rem_pio2.o)
                0x000000000800b308                __ieee754_rem_pio2
 .text.__ieee754_sqrt
                0x000000000800b6e8      0x158 /mnt/mydisk/Augusto/Programs/st/stm32cubeide_1.4.0/plugins/com.st.stm32cube.ide.mcu.externaltools.gnu-tools-for-stm32.7-2018-q2-update.linux64_1.4.0.202007081208/tools/bin/../lib/gcc/arm-none-eabi/7.3.1/../../../../arm-none-eabi/lib/thumb/v7-m/libm.a(lib_a-e_sqrt.o)
                0x000000000800b6e8                __ieee754_sqrt
 .text.__kernel_cos
                0x000000000800b840      0x17c /mnt/mydisk/Augusto/Programs/st/stm32cubeide_1.4.0/plugins/com.st.stm32cube.ide.mcu.externaltools.gnu-tools-for-stm32.7-2018-q2-update.linux64_1.4.0.202007081208/tools/bin/../lib/gcc/arm-none-eabi/7.3.1/../../../../arm-none-eabi/lib/thumb/v7-m/libm.a(lib_a-k_cos.o)
                0x000000000800b840                __kernel_cos
 .text.__kernel_rem_pio2
                0x000000000800b9bc      0x694 /mnt/mydisk/Augusto/Programs/st/stm32cubeide_1.4.0/plugins/com.st.stm32cube.ide.mcu.externaltools.gnu-tools-for-stm32.7-2018-q2-update.linux64_1.4.0.202007081208/tools/bin/../lib/gcc/arm-none-eabi/7.3.1/../../../../arm-none-eabi/lib/thumb/v7-m/libm.a(lib_a-k_rem_pio2.o)
                0x000000000800b9bc                __kernel_rem_pio2
 .text.__kernel_sin
                0x000000000800c050      0x16c /mnt/mydisk/Augusto/Programs/st/stm32cubeide_1.4.0/plugins/com.st.stm32cube.ide.mcu.externaltools.gnu-tools-for-stm32.7-2018-q2-update.linux64_1.4.0.202007081208/tools/bin/../lib/gcc/arm-none-eabi/7.3.1/../../../../arm-none-eabi/lib/thumb/v7-m/libm.a(lib_a-k_sin.o)
                0x000000000800c050                __kernel_sin
 *fill*         0x000000000800c1bc        0x4 
 .text.atan     0x000000000800c1c0      0x314 /mnt/mydisk/Augusto/Programs/st/stm32cubeide_1.4.0/plugins/com.st.stm32cube.ide.mcu.externaltools.gnu-tools-for-stm32.7-2018-q2-update.linux64_1.4.0.202007081208/tools/bin/../lib/gcc/arm-none-eabi/7.3.1/../../../../arm-none-eabi/lib/thumb/v7-m/libm.a(lib_a-s_atan.o)
                0x000000000800c1c0                atan
 .text.fabs     0x000000000800c4d4        0x8 /mnt/mydisk/Augusto/Programs/st/stm32cubeide_1.4.0/plugins/com.st.stm32cube.ide.mcu.externaltools.gnu-tools-for-stm32.7-2018-q2-update.linux64_1.4.0.202007081208/tools/bin/../lib/gcc/arm-none-eabi/7.3.1/../../../../arm-none-eabi/lib/thumb/v7-m/libm.a(lib_a-s_fabs.o)
                0x000000000800c4d4                fabs
 .text.matherr  0x000000000800c4dc        0x4 /mnt/mydisk/Augusto/Programs/st/stm32cubeide_1.4.0/plugins/com.st.stm32cube.ide.mcu.externaltools.gnu-tools-for-stm32.7-2018-q2-update.linux64_1.4.0.202007081208/tools/bin/../lib/gcc/arm-none-eabi/7.3.1/../../../../arm-none-eabi/lib/thumb/v7-m/libm.a(lib_a-s_matherr.o)
                0x000000000800c4dc                matherr
 .text.nan      0x000000000800c4e0        0xc /mnt/mydisk/Augusto/Programs/st/stm32cubeide_1.4.0/plugins/com.st.stm32cube.ide.mcu.externaltools.gnu-tools-for-stm32.7-2018-q2-update.linux64_1.4.0.202007081208/tools/bin/../lib/gcc/arm-none-eabi/7.3.1/../../../../arm-none-eabi/lib/thumb/v7-m/libm.a(lib_a-s_nan.o)
                0x000000000800c4e0                nan
 *fill*         0x000000000800c4ec        0x4 
 .text.scalbn   0x000000000800c4f0       0xdc /mnt/mydisk/Augusto/Programs/st/stm32cubeide_1.4.0/plugins/com.st.stm32cube.ide.mcu.externaltools.gnu-tools-for-stm32.7-2018-q2-update.linux64_1.4.0.202007081208/tools/bin/../lib/gcc/arm-none-eabi/7.3.1/../../../../arm-none-eabi/lib/thumb/v7-m/libm.a(lib_a-s_scalbn.o)
                0x000000000800c4f0                scalbn
 .text.copysign
                0x000000000800c5cc       0x12 /mnt/mydisk/Augusto/Programs/st/stm32cubeide_1.4.0/plugins/com.st.stm32cube.ide.mcu.externaltools.gnu-tools-for-stm32.7-2018-q2-update.linux64_1.4.0.202007081208/tools/bin/../lib/gcc/arm-none-eabi/7.3.1/../../../../arm-none-eabi/lib/thumb/v7-m/libm.a(lib_a-s_copysign.o)
                0x000000000800c5cc                copysign
 *(.glue_7)
 .glue_7        0x000000000800c5de        0x0 linker stubs
 *(.glue_7t)
 .glue_7t       0x000000000800c5de        0x0 linker stubs
 *(.eh_frame)
 *fill*         0x000000000800c5de        0x2 
 .eh_frame      0x000000000800c5e0        0x0 /mnt/mydisk/Augusto/Programs/st/stm32cubeide_1.4.0/plugins/com.st.stm32cube.ide.mcu.externaltools.gnu-tools-for-stm32.7-2018-q2-update.linux64_1.4.0.202007081208/tools/bin/../lib/gcc/arm-none-eabi/7.3.1/thumb/v7-m/crtbegin.o
 *(.init)
 .init          0x000000000800c5e0        0x4 /mnt/mydisk/Augusto/Programs/st/stm32cubeide_1.4.0/plugins/com.st.stm32cube.ide.mcu.externaltools.gnu-tools-for-stm32.7-2018-q2-update.linux64_1.4.0.202007081208/tools/bin/../lib/gcc/arm-none-eabi/7.3.1/thumb/v7-m/crti.o
                0x000000000800c5e0                _init
 .init          0x000000000800c5e4        0x8 /mnt/mydisk/Augusto/Programs/st/stm32cubeide_1.4.0/plugins/com.st.stm32cube.ide.mcu.externaltools.gnu-tools-for-stm32.7-2018-q2-update.linux64_1.4.0.202007081208/tools/bin/../lib/gcc/arm-none-eabi/7.3.1/thumb/v7-m/crtn.o
 *(.fini)
 .fini          0x000000000800c5ec        0x4 /mnt/mydisk/Augusto/Programs/st/stm32cubeide_1.4.0/plugins/com.st.stm32cube.ide.mcu.externaltools.gnu-tools-for-stm32.7-2018-q2-update.linux64_1.4.0.202007081208/tools/bin/../lib/gcc/arm-none-eabi/7.3.1/thumb/v7-m/crti.o
                0x000000000800c5ec                _fini
 .fini          0x000000000800c5f0        0x8 /mnt/mydisk/Augusto/Programs/st/stm32cubeide_1.4.0/plugins/com.st.stm32cube.ide.mcu.externaltools.gnu-tools-for-stm32.7-2018-q2-update.linux64_1.4.0.202007081208/tools/bin/../lib/gcc/arm-none-eabi/7.3.1/thumb/v7-m/crtn.o
                0x000000000800c5f8                . = ALIGN (0x4)
                0x000000000800c5f8                _etext = .

.vfp11_veneer   0x000000000800c5f8        0x0
 .vfp11_veneer  0x000000000800c5f8        0x0 linker stubs

.v4_bx          0x000000000800c5f8        0x0
 .v4_bx         0x000000000800c5f8        0x0 linker stubs

.iplt           0x000000000800c5f8        0x0
 .iplt          0x000000000800c5f8        0x0 /mnt/mydisk/Augusto/Programs/st/stm32cubeide_1.4.0/plugins/com.st.stm32cube.ide.mcu.externaltools.gnu-tools-for-stm32.7-2018-q2-update.linux64_1.4.0.202007081208/tools/bin/../lib/gcc/arm-none-eabi/7.3.1/thumb/v7-m/crtbegin.o

.rodata         0x000000000800c5f8      0x6e0
                0x000000000800c5f8                . = ALIGN (0x4)
 *(.rodata)
 .rodata        0x000000000800c5f8      0x208 Core/Src/main.o
 .rodata        0x000000000800c800       0x24 Core/Src/spider.o
 .rodata        0x000000000800c824       0x12 Drivers/STM32F1xx_HAL_Driver/Src/stm32f1xx_hal_rcc.o
 *(.rodata*)
 *fill*         0x000000000800c836        0x2 
 .rodata.AHBPrescTable
                0x000000000800c838       0x10 Core/Src/system_stm32f1xx.o
                0x000000000800c838                AHBPrescTable
 .rodata.APBPrescTable
                0x000000000800c848        0x8 Core/Src/system_stm32f1xx.o
                0x000000000800c848                APBPrescTable
 .rodata._printf_float.str1.1
                0x000000000800c850       0x12 /mnt/mydisk/Augusto/Programs/st/stm32cubeide_1.4.0/plugins/com.st.stm32cube.ide.mcu.externaltools.gnu-tools-for-stm32.7-2018-q2-update.linux64_1.4.0.202007081208/tools/bin/../lib/gcc/arm-none-eabi/7.3.1/../../../../arm-none-eabi/lib/thumb/v7-m/libc_nano.a(lib_a-nano-vfprintf_float.o)
 .rodata._printf_i.str1.1
                0x000000000800c862       0x22 /mnt/mydisk/Augusto/Programs/st/stm32cubeide_1.4.0/plugins/com.st.stm32cube.ide.mcu.externaltools.gnu-tools-for-stm32.7-2018-q2-update.linux64_1.4.0.202007081208/tools/bin/../lib/gcc/arm-none-eabi/7.3.1/../../../../arm-none-eabi/lib/thumb/v7-m/libc_nano.a(lib_a-nano-vfprintf_i.o)
 .rodata._dtoa_r.str1.1
                0x000000000800c884        0xd /mnt/mydisk/Augusto/Programs/st/stm32cubeide_1.4.0/plugins/com.st.stm32cube.ide.mcu.externaltools.gnu-tools-for-stm32.7-2018-q2-update.linux64_1.4.0.202007081208/tools/bin/../lib/gcc/arm-none-eabi/7.3.1/../../../../arm-none-eabi/lib/thumb/v7-m/libc_nano.a(lib_a-dtoa.o)
                                          0xf (size before relaxing)
 .rodata._setlocale_r.str1.1
                0x000000000800c891        0x8 /mnt/mydisk/Augusto/Programs/st/stm32cubeide_1.4.0/plugins/com.st.stm32cube.ide.mcu.externaltools.gnu-tools-for-stm32.7-2018-q2-update.linux64_1.4.0.202007081208/tools/bin/../lib/gcc/arm-none-eabi/7.3.1/../../../../arm-none-eabi/lib/thumb/v7-m/libc_nano.a(lib_a-locale.o)
                                          0x9 (size before relaxing)
 .rodata.str1.1
                0x000000000800c899        0x2 /mnt/mydisk/Augusto/Programs/st/stm32cubeide_1.4.0/plugins/com.st.stm32cube.ide.mcu.externaltools.gnu-tools-for-stm32.7-2018-q2-update.linux64_1.4.0.202007081208/tools/bin/../lib/gcc/arm-none-eabi/7.3.1/../../../../arm-none-eabi/lib/thumb/v7-m/libc_nano.a(lib_a-locale.o)
 *fill*         0x000000000800c89b        0x5 
 .rodata.__mprec_bigtens
                0x000000000800c8a0       0x28 /mnt/mydisk/Augusto/Programs/st/stm32cubeide_1.4.0/plugins/com.st.stm32cube.ide.mcu.externaltools.gnu-tools-for-stm32.7-2018-q2-update.linux64_1.4.0.202007081208/tools/bin/../lib/gcc/arm-none-eabi/7.3.1/../../../../arm-none-eabi/lib/thumb/v7-m/libc_nano.a(lib_a-mprec.o)
                0x000000000800c8a0                __mprec_bigtens
 .rodata.__mprec_tens
                0x000000000800c8c8       0xc8 /mnt/mydisk/Augusto/Programs/st/stm32cubeide_1.4.0/plugins/com.st.stm32cube.ide.mcu.externaltools.gnu-tools-for-stm32.7-2018-q2-update.linux64_1.4.0.202007081208/tools/bin/../lib/gcc/arm-none-eabi/7.3.1/../../../../arm-none-eabi/lib/thumb/v7-m/libc_nano.a(lib_a-mprec.o)
                0x000000000800c8c8                __mprec_tens
 .rodata.p05.6084
                0x000000000800c990        0xc /mnt/mydisk/Augusto/Programs/st/stm32cubeide_1.4.0/plugins/com.st.stm32cube.ide.mcu.externaltools.gnu-tools-for-stm32.7-2018-q2-update.linux64_1.4.0.202007081208/tools/bin/../lib/gcc/arm-none-eabi/7.3.1/../../../../arm-none-eabi/lib/thumb/v7-m/libc_nano.a(lib_a-mprec.o)
 .rodata._svfprintf_r.str1.1
                0x000000000800c99c       0x11 /mnt/mydisk/Augusto/Programs/st/stm32cubeide_1.4.0/plugins/com.st.stm32cube.ide.mcu.externaltools.gnu-tools-for-stm32.7-2018-q2-update.linux64_1.4.0.202007081208/tools/bin/../lib/gcc/arm-none-eabi/7.3.1/../../../../arm-none-eabi/lib/thumb/v7-m/libc_nano.a(lib_a-nano-svfprintf.o)
 .rodata._ctype_
                0x000000000800c9ad      0x101 /mnt/mydisk/Augusto/Programs/st/stm32cubeide_1.4.0/plugins/com.st.stm32cube.ide.mcu.externaltools.gnu-tools-for-stm32.7-2018-q2-update.linux64_1.4.0.202007081208/tools/bin/../lib/gcc/arm-none-eabi/7.3.1/../../../../arm-none-eabi/lib/thumb/v7-m/libc_nano.a(lib_a-ctype_.o)
                0x000000000800c9ad                _ctype_
 .rodata.acos.str1.1
                0x000000000800caae        0x5 /mnt/mydisk/Augusto/Programs/st/stm32cubeide_1.4.0/plugins/com.st.stm32cube.ide.mcu.externaltools.gnu-tools-for-stm32.7-2018-q2-update.linux64_1.4.0.202007081208/tools/bin/../lib/gcc/arm-none-eabi/7.3.1/../../../../arm-none-eabi/lib/thumb/v7-m/libm.a(lib_a-w_acos.o)
                                          0x6 (size before relaxing)
 .rodata.asin.str1.1
                0x000000000800cab3        0x5 /mnt/mydisk/Augusto/Programs/st/stm32cubeide_1.4.0/plugins/com.st.stm32cube.ide.mcu.externaltools.gnu-tools-for-stm32.7-2018-q2-update.linux64_1.4.0.202007081208/tools/bin/../lib/gcc/arm-none-eabi/7.3.1/../../../../arm-none-eabi/lib/thumb/v7-m/libm.a(lib_a-w_asin.o)
                                          0x6 (size before relaxing)
 .rodata.sqrt.str1.1
                0x000000000800cab8        0x5 /mnt/mydisk/Augusto/Programs/st/stm32cubeide_1.4.0/plugins/com.st.stm32cube.ide.mcu.externaltools.gnu-tools-for-stm32.7-2018-q2-update.linux64_1.4.0.202007081208/tools/bin/../lib/gcc/arm-none-eabi/7.3.1/../../../../arm-none-eabi/lib/thumb/v7-m/libm.a(lib_a-w_sqrt.o)
 *fill*         0x000000000800cabd        0x3 
 .rodata.npio2_hw
                0x000000000800cac0       0x80 /mnt/mydisk/Augusto/Programs/st/stm32cubeide_1.4.0/plugins/com.st.stm32cube.ide.mcu.externaltools.gnu-tools-for-stm32.7-2018-q2-update.linux64_1.4.0.202007081208/tools/bin/../lib/gcc/arm-none-eabi/7.3.1/../../../../arm-none-eabi/lib/thumb/v7-m/libm.a(lib_a-e_rem_pio2.o)
 .rodata.two_over_pi
                0x000000000800cb40      0x108 /mnt/mydisk/Augusto/Programs/st/stm32cubeide_1.4.0/plugins/com.st.stm32cube.ide.mcu.externaltools.gnu-tools-for-stm32.7-2018-q2-update.linux64_1.4.0.202007081208/tools/bin/../lib/gcc/arm-none-eabi/7.3.1/../../../../arm-none-eabi/lib/thumb/v7-m/libm.a(lib_a-e_rem_pio2.o)
 .rodata.PIo2   0x000000000800cc48       0x40 /mnt/mydisk/Augusto/Programs/st/stm32cubeide_1.4.0/plugins/com.st.stm32cube.ide.mcu.externaltools.gnu-tools-for-stm32.7-2018-q2-update.linux64_1.4.0.202007081208/tools/bin/../lib/gcc/arm-none-eabi/7.3.1/../../../../arm-none-eabi/lib/thumb/v7-m/libm.a(lib_a-k_rem_pio2.o)
 .rodata.init_jk
                0x000000000800cc88       0x10 /mnt/mydisk/Augusto/Programs/st/stm32cubeide_1.4.0/plugins/com.st.stm32cube.ide.mcu.externaltools.gnu-tools-for-stm32.7-2018-q2-update.linux64_1.4.0.202007081208/tools/bin/../lib/gcc/arm-none-eabi/7.3.1/../../../../arm-none-eabi/lib/thumb/v7-m/libm.a(lib_a-k_rem_pio2.o)
 .rodata.atanhi
                0x000000000800cc98       0x20 /mnt/mydisk/Augusto/Programs/st/stm32cubeide_1.4.0/plugins/com.st.stm32cube.ide.mcu.externaltools.gnu-tools-for-stm32.7-2018-q2-update.linux64_1.4.0.202007081208/tools/bin/../lib/gcc/arm-none-eabi/7.3.1/../../../../arm-none-eabi/lib/thumb/v7-m/libm.a(lib_a-s_atan.o)
 .rodata.atanlo
                0x000000000800ccb8       0x20 /mnt/mydisk/Augusto/Programs/st/stm32cubeide_1.4.0/plugins/com.st.stm32cube.ide.mcu.externaltools.gnu-tools-for-stm32.7-2018-q2-update.linux64_1.4.0.202007081208/tools/bin/../lib/gcc/arm-none-eabi/7.3.1/../../../../arm-none-eabi/lib/thumb/v7-m/libm.a(lib_a-s_atan.o)
                0x000000000800ccd8                . = ALIGN (0x4)

.rel.dyn        0x000000000800ccd8        0x0
 .rel.iplt      0x000000000800ccd8        0x0 /mnt/mydisk/Augusto/Programs/st/stm32cubeide_1.4.0/plugins/com.st.stm32cube.ide.mcu.externaltools.gnu-tools-for-stm32.7-2018-q2-update.linux64_1.4.0.202007081208/tools/bin/../lib/gcc/arm-none-eabi/7.3.1/thumb/v7-m/crtbegin.o

.ARM.extab      0x000000000800ccd8        0x0
                0x000000000800ccd8                . = ALIGN (0x4)
 *(.ARM.extab* .gnu.linkonce.armextab.*)
                0x000000000800ccd8                . = ALIGN (0x4)

.ARM            0x000000000800ccd8        0x0
                0x000000000800ccd8                . = ALIGN (0x4)
                0x000000000800ccd8                __exidx_start = .
 *(.ARM.exidx*)
                0x000000000800ccd8                __exidx_end = .
                0x000000000800ccd8                . = ALIGN (0x4)

.preinit_array  0x000000000800ccd8        0x0
                0x000000000800ccd8                . = ALIGN (0x4)
                0x000000000800ccd8                PROVIDE (__preinit_array_start = .)
 *(.preinit_array*)
                0x000000000800ccd8                PROVIDE (__preinit_array_end = .)
                0x000000000800ccd8                . = ALIGN (0x4)

.init_array     0x000000000800ccd8        0x4
                0x000000000800ccd8                . = ALIGN (0x4)
                0x000000000800ccd8                PROVIDE (__init_array_start = .)
 *(SORT_BY_NAME(.init_array.*))
 *(.init_array*)
 .init_array    0x000000000800ccd8        0x4 /mnt/mydisk/Augusto/Programs/st/stm32cubeide_1.4.0/plugins/com.st.stm32cube.ide.mcu.externaltools.gnu-tools-for-stm32.7-2018-q2-update.linux64_1.4.0.202007081208/tools/bin/../lib/gcc/arm-none-eabi/7.3.1/thumb/v7-m/crtbegin.o
                0x000000000800ccdc                PROVIDE (__init_array_end = .)
                0x000000000800ccdc                . = ALIGN (0x4)

.fini_array     0x000000000800ccdc        0x4
                0x000000000800ccdc                . = ALIGN (0x4)
                [!provide]                        PROVIDE (__fini_array_start = .)
 *(SORT_BY_NAME(.fini_array.*))
 *(.fini_array*)
 .fini_array    0x000000000800ccdc        0x4 /mnt/mydisk/Augusto/Programs/st/stm32cubeide_1.4.0/plugins/com.st.stm32cube.ide.mcu.externaltools.gnu-tools-for-stm32.7-2018-q2-update.linux64_1.4.0.202007081208/tools/bin/../lib/gcc/arm-none-eabi/7.3.1/thumb/v7-m/crtbegin.o
                [!provide]                        PROVIDE (__fini_array_end = .)
                0x000000000800cce0                . = ALIGN (0x4)
                0x000000000800cce0                _sidata = LOADADDR (.data)

.data           0x0000000020000000      0x210 load address 0x000000000800cce0
                0x0000000020000000                . = ALIGN (0x4)
                0x0000000020000000                _sdata = .
 *(.data)
 *(.data*)
 .data.refPos   0x0000000020000000       0x30 Core/Src/main.o
                0x0000000020000000                refPos
 .data.SystemCoreClock
                0x0000000020000030        0x4 Core/Src/system_stm32f1xx.o
                0x0000000020000030                SystemCoreClock
 .data.uwTickPrio
                0x0000000020000034        0x4 Drivers/STM32F1xx_HAL_Driver/Src/stm32f1xx_hal.o
                0x0000000020000034                uwTickPrio
 .data.uwTickFreq
                0x0000000020000038        0x1 Drivers/STM32F1xx_HAL_Driver/Src/stm32f1xx_hal.o
                0x0000000020000038                uwTickFreq
 *fill*         0x0000000020000039        0x3 
 .data._impure_ptr
                0x000000002000003c        0x4 /mnt/mydisk/Augusto/Programs/st/stm32cubeide_1.4.0/plugins/com.st.stm32cube.ide.mcu.externaltools.gnu-tools-for-stm32.7-2018-q2-update.linux64_1.4.0.202007081208/tools/bin/../lib/gcc/arm-none-eabi/7.3.1/../../../../arm-none-eabi/lib/thumb/v7-m/libc_nano.a(lib_a-impure.o)
                0x000000002000003c                _impure_ptr
 .data.impure_data
                0x0000000020000040       0x60 /mnt/mydisk/Augusto/Programs/st/stm32cubeide_1.4.0/plugins/com.st.stm32cube.ide.mcu.externaltools.gnu-tools-for-stm32.7-2018-q2-update.linux64_1.4.0.202007081208/tools/bin/../lib/gcc/arm-none-eabi/7.3.1/../../../../arm-none-eabi/lib/thumb/v7-m/libc_nano.a(lib_a-impure.o)
 .data.__global_locale
                0x00000000200000a0      0x16c /mnt/mydisk/Augusto/Programs/st/stm32cubeide_1.4.0/plugins/com.st.stm32cube.ide.mcu.externaltools.gnu-tools-for-stm32.7-2018-q2-update.linux64_1.4.0.202007081208/tools/bin/../lib/gcc/arm-none-eabi/7.3.1/../../../../arm-none-eabi/lib/thumb/v7-m/libc_nano.a(lib_a-locale.o)
                0x00000000200000a0                __global_locale
 .data.__fdlib_version
                0x000000002000020c        0x1 /mnt/mydisk/Augusto/Programs/st/stm32cubeide_1.4.0/plugins/com.st.stm32cube.ide.mcu.externaltools.gnu-tools-for-stm32.7-2018-q2-update.linux64_1.4.0.202007081208/tools/bin/../lib/gcc/arm-none-eabi/7.3.1/../../../../arm-none-eabi/lib/thumb/v7-m/libm.a(lib_a-s_lib_ver.o)
                0x000000002000020c                __fdlib_version
                0x0000000020000210                . = ALIGN (0x4)
 *fill*         0x000000002000020d        0x3 
                0x0000000020000210                _edata = .

.igot.plt       0x0000000020000210        0x0 load address 0x000000000800cef0
 .igot.plt      0x0000000020000210        0x0 /mnt/mydisk/Augusto/Programs/st/stm32cubeide_1.4.0/plugins/com.st.stm32cube.ide.mcu.externaltools.gnu-tools-for-stm32.7-2018-q2-update.linux64_1.4.0.202007081208/tools/bin/../lib/gcc/arm-none-eabi/7.3.1/thumb/v7-m/crtbegin.o
                0x0000000020000210                . = ALIGN (0x4)

.bss            0x0000000020000210      0x2d0 load address 0x000000000800cef0
                0x0000000020000210                _sbss = .
                0x0000000020000210                __bss_start__ = _sbss
 *(.bss)
 .bss           0x0000000020000210       0x1c /mnt/mydisk/Augusto/Programs/st/stm32cubeide_1.4.0/plugins/com.st.stm32cube.ide.mcu.externaltools.gnu-tools-for-stm32.7-2018-q2-update.linux64_1.4.0.202007081208/tools/bin/../lib/gcc/arm-none-eabi/7.3.1/thumb/v7-m/crtbegin.o
 *(.bss*)
 .bss.RxRollover
                0x000000002000022c        0x1 Core/Src/main.o
                0x000000002000022c                RxRollover
 .bss.RxCounter
                0x000000002000022d        0x1 Core/Src/main.o
                0x000000002000022d                RxCounter
 .bss.RxBfrPos  0x000000002000022e        0x1 Core/Src/main.o
                0x000000002000022e                RxBfrPos
 .bss.flagRx    0x000000002000022f        0x1 Core/Src/main.o
                0x000000002000022f                flagRx
 .bss.indRx     0x0000000020000230        0x1 Core/Src/main.o
                0x0000000020000230                indRx
 *fill*         0x0000000020000231        0x3 
 .bss.alpha.8999
                0x0000000020000234        0x4 Core/Src/spider.o
 .bss.beta.9000
                0x0000000020000238        0x4 Core/Src/spider.o
 .bss.gamma.9001
                0x000000002000023c        0x4 Core/Src/spider.o
 .bss.__sbrk_heap_end
                0x0000000020000240        0x4 Core/Src/sysmem.o
 .bss.__malloc_free_list
                0x0000000020000244        0x4 /mnt/mydisk/Augusto/Programs/st/stm32cubeide_1.4.0/plugins/com.st.stm32cube.ide.mcu.externaltools.gnu-tools-for-stm32.7-2018-q2-update.linux64_1.4.0.202007081208/tools/bin/../lib/gcc/arm-none-eabi/7.3.1/../../../../arm-none-eabi/lib/thumb/v7-m/libc_nano.a(lib_a-nano-mallocr.o)
                0x0000000020000244                __malloc_free_list
 .bss.__malloc_sbrk_start
                0x0000000020000248        0x4 /mnt/mydisk/Augusto/Programs/st/stm32cubeide_1.4.0/plugins/com.st.stm32cube.ide.mcu.externaltools.gnu-tools-for-stm32.7-2018-q2-update.linux64_1.4.0.202007081208/tools/bin/../lib/gcc/arm-none-eabi/7.3.1/../../../../arm-none-eabi/lib/thumb/v7-m/libc_nano.a(lib_a-nano-mallocr.o)
                0x0000000020000248                __malloc_sbrk_start
 *(COMMON)
 COMMON         0x000000002000024c       0x54 Core/Src/i2c.o
                0x000000002000024c                hi2c1
 COMMON         0x00000000200002a0       0xdc Core/Src/main.o
                0x00000000200002a0                expectedPos
                0x00000000200002d0                anglePos
                0x00000000200002e8                REF
                0x00000000200002ec                command
                0x0000000020000314                state
                0x0000000020000318                USART_RxStream
                0x0000000020000322                speed
                0x0000000020000324                actualPos
                0x0000000020000354                USART_TxStream
 COMMON         0x000000002000037c        0x4 Core/Src/pca9685.o
                0x000000002000037c                pca9685_i2c
 COMMON         0x0000000020000380       0x90 Core/Src/tim.o
                0x0000000020000380                htim3
                0x00000000200003c8                htim2
 COMMON         0x0000000020000410       0xc8 Core/Src/usart.o
                0x0000000020000410                hdma_usart1_tx
                0x0000000020000454                hdma_usart1_rx
                0x0000000020000498                huart1
 COMMON         0x00000000200004d8        0x4 Drivers/STM32F1xx_HAL_Driver/Src/stm32f1xx_hal.o
                0x00000000200004d8                uwTick
 COMMON         0x00000000200004dc        0x4 /mnt/mydisk/Augusto/Programs/st/stm32cubeide_1.4.0/plugins/com.st.stm32cube.ide.mcu.externaltools.gnu-tools-for-stm32.7-2018-q2-update.linux64_1.4.0.202007081208/tools/bin/../lib/gcc/arm-none-eabi/7.3.1/../../../../arm-none-eabi/lib/thumb/v7-m/libc_nano.a(lib_a-reent.o)
                0x00000000200004dc                errno
                0x00000000200004e0                . = ALIGN (0x4)
                0x00000000200004e0                _ebss = .
                0x00000000200004e0                __bss_end__ = _ebss

._user_heap_stack
                0x00000000200004e0      0x600 load address 0x000000000800cef0
                0x00000000200004e0                . = ALIGN (0x8)
                [!provide]                        PROVIDE (end = .)
                0x00000000200004e0                PROVIDE (_end = .)
                0x00000000200006e0                . = (. + _Min_Heap_Size)
 *fill*         0x00000000200004e0      0x200 
                0x0000000020000ae0                . = (. + _Min_Stack_Size)
 *fill*         0x00000000200006e0      0x400 
                0x0000000020000ae0                . = ALIGN (0x8)

/DISCARD/
 libc.a(*)
 libm.a(*)
 libgcc.a(*)

.ARM.attributes
                0x0000000000000000       0x29
 *(.ARM.attributes)
 .ARM.attributes
                0x0000000000000000       0x1d /mnt/mydisk/Augusto/Programs/st/stm32cubeide_1.4.0/plugins/com.st.stm32cube.ide.mcu.externaltools.gnu-tools-for-stm32.7-2018-q2-update.linux64_1.4.0.202007081208/tools/bin/../lib/gcc/arm-none-eabi/7.3.1/thumb/v7-m/crti.o
 .ARM.attributes
                0x000000000000001d       0x2d /mnt/mydisk/Augusto/Programs/st/stm32cubeide_1.4.0/plugins/com.st.stm32cube.ide.mcu.externaltools.gnu-tools-for-stm32.7-2018-q2-update.linux64_1.4.0.202007081208/tools/bin/../lib/gcc/arm-none-eabi/7.3.1/thumb/v7-m/crtbegin.o
 .ARM.attributes
                0x000000000000004a       0x33 Core/Src/dma.o
 .ARM.attributes
                0x000000000000007d       0x33 Core/Src/gpio.o
 .ARM.attributes
                0x00000000000000b0       0x33 Core/Src/i2c.o
 .ARM.attributes
                0x00000000000000e3       0x33 Core/Src/main.o
 .ARM.attributes
                0x0000000000000116       0x33 Core/Src/pca9685.o
 .ARM.attributes
                0x0000000000000149       0x33 Core/Src/spider.o
 .ARM.attributes
                0x000000000000017c       0x33 Core/Src/stm32f1xx_hal_msp.o
 .ARM.attributes
                0x00000000000001af       0x33 Core/Src/stm32f1xx_it.o
 .ARM.attributes
                0x00000000000001e2       0x33 Core/Src/sysmem.o
 .ARM.attributes
                0x0000000000000215       0x33 Core/Src/system_stm32f1xx.o
 .ARM.attributes
                0x0000000000000248       0x33 Core/Src/tim.o
 .ARM.attributes
                0x000000000000027b       0x33 Core/Src/usart.o
 .ARM.attributes
                0x00000000000002ae       0x21 Core/Startup/startup_stm32f103c8tx.o
 .ARM.attributes
                0x00000000000002cf       0x33 Drivers/STM32F1xx_HAL_Driver/Src/stm32f1xx_hal.o
 .ARM.attributes
                0x0000000000000302       0x33 Drivers/STM32F1xx_HAL_Driver/Src/stm32f1xx_hal_cortex.o
 .ARM.attributes
                0x0000000000000335       0x33 Drivers/STM32F1xx_HAL_Driver/Src/stm32f1xx_hal_dma.o
 .ARM.attributes
                0x0000000000000368       0x33 Drivers/STM32F1xx_HAL_Driver/Src/stm32f1xx_hal_gpio.o
 .ARM.attributes
                0x000000000000039b       0x33 Drivers/STM32F1xx_HAL_Driver/Src/stm32f1xx_hal_i2c.o
 .ARM.attributes
                0x00000000000003ce       0x33 Drivers/STM32F1xx_HAL_Driver/Src/stm32f1xx_hal_rcc.o
 .ARM.attributes
                0x0000000000000401       0x33 Drivers/STM32F1xx_HAL_Driver/Src/stm32f1xx_hal_tim.o
 .ARM.attributes
                0x0000000000000434       0x33 Drivers/STM32F1xx_HAL_Driver/Src/stm32f1xx_hal_tim_ex.o
 .ARM.attributes
                0x0000000000000467       0x33 Drivers/STM32F1xx_HAL_Driver/Src/stm32f1xx_hal_uart.o
 .ARM.attributes
                0x000000000000049a       0x2d /mnt/mydisk/Augusto/Programs/st/stm32cubeide_1.4.0/plugins/com.st.stm32cube.ide.mcu.externaltools.gnu-tools-for-stm32.7-2018-q2-update.linux64_1.4.0.202007081208/tools/bin/../lib/gcc/arm-none-eabi/7.3.1/../../../../arm-none-eabi/lib/thumb/v7-m/libc_nano.a(lib_a-atoi.o)
 .ARM.attributes