spider.c:14:6:homing	16	static
spider.c:19:6:inverseCinematic	72	static
spider.c:43:6:setPosition	24	static
spider.c:50:6:setStep	32	static
spider.c:86:6:pos2Angle	64	static
spider.c:115:6:servoMovement	64	static
spider.c:129:6:waitReach	16	static
spider.c:142:6:waitAllReach	16	static
spider.c:151:6:setServo	32	static
spider.c:185:6:checkLimits	24	static
spider.c:195:6:forward_walk	8	static
spider.c:252:6:backward_walk	8	static
spider.c:309:6:turn_left	8	static
spider.c:372:6:turn_right	8	static
spider.c:439:6:sit	16	static
spider.c:450:6:stand	16	static
spider.c:461:6:right_walk	16	static
spider.c:482:6:left_walk	16	static
spider.c:487:6:stop	16	static
spider.c:500:6:servoControl	16	static
spider.c:506:6:legControl	24	static
spider.c:650:10:getAngle	16	static
spider.c:655:6:printPosition	376	static
