Archive member included to satisfy reference by file (symbol)

/mnt/mydisk/Augusto/Programs/st/stm32cubeide_1.4.0/plugins/com.st.stm32cube.ide.mcu.externaltools.gnu-tools-for-stm32.7-2018-q2-update.linux64_1.4.0.202007081208/tools/bin/../lib/gcc/arm-none-eabi/7.3.1/../../../../arm-none-eabi/lib/thumb/v7-m/libc_nano.a(lib_a-atoi.o)
                              Core/Src/main.o (atoi)
/mnt/mydisk/Augusto/Programs/st/stm32cubeide_1.4.0/plugins/com.st.stm32cube.ide.mcu.externaltools.gnu-tools-for-stm32.7-2018-q2-update.linux64_1.4.0.202007081208/tools/bin/../lib/gcc/arm-none-eabi/7.3.1/../../../../arm-none-eabi/lib/thumb/v7-m/libc_nano.a(lib_a-errno.o)
                              Core/Src/syscalls.o (__errno)
/mnt/mydisk/Augusto/Programs/st/stm32cubeide_1.4.0/plugins/com.st.stm32cube.ide.mcu.externaltools.gnu-tools-for-stm32.7-2018-q2-update.linux64_1.4.0.202007081208/tools/bin/../lib/gcc/arm-none-eabi/7.3.1/../../../../arm-none-eabi/lib/thumb/v7-m/libc_nano.a(lib_a-exit.o)
                              /mnt/mydisk/Augusto/Programs/st/stm32cubeide_1.4.0/plugins/com.st.stm32cube.ide.mcu.externaltools.gnu-tools-for-stm32.7-2018-q2-update.linux64_1.4.0.202007081208/tools/bin/../lib/gcc/arm-none-eabi/7.3.1/../../../../arm-none-eabi/lib/thumb/v7-m/crt0.o (exit)
/mnt/mydisk/Augusto/Programs/st/stm32cubeide_1.4.0/plugins/com.st.stm32cube.ide.mcu.externaltools.gnu-tools-for-stm32.7-2018-q2-update.linux64_1.4.0.202007081208/tools/bin/../lib/gcc/arm-none-eabi/7.3.1/../../../../arm-none-eabi/lib/thumb/v7-m/libc_nano.a(lib_a-impure.o)
                              /mnt/mydisk/Augusto/Programs/st/stm32cubeide_1.4.0/plugins/com.st.stm32cube.ide.mcu.externaltools.gnu-tools-for-stm32.7-2018-q2-update.linux64_1.4.0.202007081208/tools/bin/../lib/gcc/arm-none-eabi/7.3.1/../../../../arm-none-eabi/lib/thumb/v7-m/libc_nano.a(lib_a-exit.o) (_global_impure_ptr)
/mnt/mydisk/Augusto/Programs/st/stm32cubeide_1.4.0/plugins/com.st.stm32cube.ide.mcu.externaltools.gnu-tools-for-stm32.7-2018-q2-update.linux64_1.4.0.202007081208/tools/bin/../lib/gcc/arm-none-eabi/7.3.1/../../../../arm-none-eabi/lib/thumb/v7-m/libc_nano.a(lib_a-init.o)
                              /mnt/mydisk/Augusto/Programs/st/stm32cubeide_1.4.0/plugins/com.st.stm32cube.ide.mcu.externaltools.gnu-tools-for-stm32.7-2018-q2-update.linux64_1.4.0.202007081208/tools/bin/../lib/gcc/arm-none-eabi/7.3.1/../../../../arm-none-eabi/lib/thumb/v7-m/crt0.o (__libc_init_array)
/mnt/mydisk/Augusto/Programs/st/stm32cubeide_1.4.0/plugins/com.st.stm32cube.ide.mcu.externaltools.gnu-tools-for-stm32.7-2018-q2-update.linux64_1.4.0.202007081208/tools/bin/../lib/gcc/arm-none-eabi/7.3.1/../../../../arm-none-eabi/lib/thumb/v7-m/libc_nano.a(lib_a-memset.o)
                              /mnt/mydisk/Augusto/Programs/st/stm32cubeide_1.4.0/plugins/com.st.stm32cube.ide.mcu.externaltools.gnu-tools-for-stm32.7-2018-q2-update.linux64_1.4.0.202007081208/tools/bin/../lib/gcc/arm-none-eabi/7.3.1/../../../../arm-none-eabi/lib/thumb/v7-m/crt0.o (memset)
/mnt/mydisk/Augusto/Programs/st/stm32cubeide_1.4.0/plugins/com.st.stm32cube.ide.mcu.externaltools.gnu-tools-for-stm32.7-2018-q2-update.linux64_1.4.0.202007081208/tools/bin/../lib/gcc/arm-none-eabi/7.3.1/../../../../arm-none-eabi/lib/thumb/v7-m/libc_nano.a(lib_a-strlen.o)
                              Core/Src/usart.o (strlen)
/mnt/mydisk/Augusto/Programs/st/stm32cubeide_1.4.0/plugins/com.st.stm32cube.ide.mcu.externaltools.gnu-tools-for-stm32.7-2018-q2-update.linux64_1.4.0.202007081208/tools/bin/../lib/gcc/arm-none-eabi/7.3.1/../../../../arm-none-eabi/lib/thumb/v7-m/libc_nano.a(lib_a-strtol.o)
                              /mnt/mydisk/Augusto/Programs/st/stm32cubeide_1.4.0/plugins/com.st.stm32cube.ide.mcu.externaltools.gnu-tools-for-stm32.7-2018-q2-update.linux64_1.4.0.202007081208/tools/bin/../lib/gcc/arm-none-eabi/7.3.1/../../../../arm-none-eabi/lib/thumb/v7-m/libc_nano.a(lib_a-atoi.o) (_strtol_r)
/mnt/mydisk/Augusto/Programs/st/stm32cubeide_1.4.0/plugins/com.st.stm32cube.ide.mcu.externaltools.gnu-tools-for-stm32.7-2018-q2-update.linux64_1.4.0.202007081208/tools/bin/../lib/gcc/arm-none-eabi/7.3.1/../../../../arm-none-eabi/lib/thumb/v7-m/libc_nano.a(lib_a-locale.o)
                              /mnt/mydisk/Augusto/Programs/st/stm32cubeide_1.4.0/plugins/com.st.stm32cube.ide.mcu.externaltools.gnu-tools-for-stm32.7-2018-q2-update.linux64_1.4.0.202007081208/tools/bin/../lib/gcc/arm-none-eabi/7.3.1/../../../../arm-none-eabi/lib/thumb/v7-m/libc_nano.a(lib_a-strtol.o) (__locale_ctype_ptr_l)
/mnt/mydisk/Augusto/Programs/st/stm32cubeide_1.4.0/plugins/com.st.stm32cube.ide.mcu.externaltools.gnu-tools-for-stm32.7-2018-q2-update.linux64_1.4.0.202007081208/tools/bin/../lib/gcc/arm-none-eabi/7.3.1/../../../../arm-none-eabi/lib/thumb/v7-m/libc_nano.a(lib_a-mbtowc_r.o)
[...]
Memory Configuration

Name             Origin             Length             Attributes
RAM              0x0000000020000000 0x0000000000005000 xrw
FLASH            0x0000000008000000 0x0000000000010000 xr
*default*        0x0000000000000000 0xffffffffffffffff

Linker script and memory map

LOAD /mnt/mydisk/Augusto/Programs/st/stm32cubeide_1.4.0/plugins/com.st.stm32cube.ide.mcu.externaltools.gnu-tools-for-stm32.7-2018-q2-update.linux64_1.4.0.202007081208/tools/bin/../lib/gcc/arm-none-eabi/7.3.1/thumb/v7-m/crti.o
LOAD /mnt/mydisk/Augusto/Programs/st/stm32cubeide_1.4.0/plugins/com.st.stm32cube.ide.mcu.externaltools.gnu-tools-for-stm32.7-2018-q2-update.linux64_1.4.0.202007081208/tools/bin/../lib/gcc/arm-none-eabi/7.3.1/thumb/v7-m/crtbegin.o
LOAD /mnt/mydisk/Augusto/Programs/st/stm32cubeide_1.4.0/plugins/com.st.stm32cube.ide.mcu.externaltools.gnu-tools-for-stm32.7-2018-q2-update.linux64_1.4.0.202007081208/tools/bin/../lib/gcc/arm-none-eabi/7.3.1/../../../../arm-none-eabi/lib/thumb/v7-m/crt0.o
LOAD Core/Src/dma.o
LOAD Core/Src/gpio.o
LOAD Core/Src/i2c.o
LOAD Core/Src/main.o
LOAD Core/Src/pca9685.o
LOAD Core/Src/spider.o
LOAD Core/Src/stm32f1xx_hal_msp.o
LOAD Core/Src/stm32f1xx_it.o
LOAD Core/Src/syscalls.o
LOAD Core/Src/sysmem.o
LOAD Core/Src/system_stm32f1xx.o
LOAD Core/Src/tim.o
LOAD Core/Src/uart_dma.o
LOAD Core/Src/usart.o
LOAD Core/Startup/startup_stm32f103c8tx.o
LOAD Drivers/STM32F1xx_HAL_Driver/Src/stm32f1xx_hal.o
LOAD Drivers/STM32F1xx_HAL_Driver/Src/stm32f1xx_hal_cortex.o
LOAD Drivers/STM32F1xx_HAL_Driver/Src/stm32f1xx_hal_dma.o
LOAD Drivers/STM32F1xx_HAL_Driver/Src/stm32f1xx_hal_exti.o
LOAD Drivers/STM32F1xx_HAL_Driver/Src/stm32f1xx_hal_flash.o
LOAD Drivers/STM32F1xx_HAL_Driver/Src/stm32f1xx_hal_flash_ex.o
LOAD Drivers/STM32F1xx_HAL_Driver/Src/stm32f1xx_hal_gpio.o
LOAD Drivers/STM32F1xx_HAL_Driver/Src/stm32f1xx_hal_gpio_ex.o
LOAD Drivers/STM32F1xx_HAL_Driver/Src/stm32f1xx_hal_i2c.o
LOAD Drivers/STM32F1xx_HAL_Driver/Src/stm32f1xx_hal_pwr.o
LOAD Drivers/STM32F1xx_HAL_Driver/Src/stm32f1xx_hal_rcc.o
LOAD Drivers/STM32F1xx_HAL_Driver/Src/stm32f1xx_hal_rcc_ex.o
LOAD Drivers/STM32F1xx_HAL_Driver/Src/stm32f1xx_hal_tim.o
LOAD Drivers/STM32F1xx_HAL_Driver/Src/stm32f1xx_hal_tim_ex.o
LOAD Drivers/STM32F1xx_HAL_Driver/Src/stm32f1xx_hal_uart.o
START GROUP
LOAD /mnt/mydisk/Augusto/Programs/st/stm32cubeide_1.4.0/plugins/com.st.stm32cube.ide.mcu.externaltools.gnu-tools-for-stm32.7-2018-q2-update.linux64_1.4.0.202007081208/tools/bin/../lib/gcc/arm-none-eabi/7.3.1/../../../../arm-none-eabi/lib/thumb/v7-m/libc_nano.a
LOAD /mnt/mydisk/Augusto/Programs/st/stm32cubeide_1.4.0/plugins/com.st.stm32cube.ide.mcu.externaltools.gnu-tools-for-stm32.7-2018-q2-update.linux64_1.4.0.202007081208/tools/bin/../lib/gcc/arm-none-eabi/7.3.1/../../../../arm-none-eabi/lib/thumb/v7-m/libm.a
END GROUP
START GROUP
LOAD /mnt/mydisk/Augusto/Programs/st/stm32cubeide_1.4.0/plugins/com.st.stm32cube.ide.mcu.externaltools.gnu-tools-for-stm32.7-2018-q2-update.linux64_1.4.0.202007081208/tools/bin/../lib/gcc/arm-none-eabi/7.3.1/thumb/v7-m/libgcc.a
LOAD /mnt/mydisk/Augusto/Programs/st/stm32cubeide_1.4.0/plugins/com.st.stm32cube.ide.mcu.externaltools.gnu-tools-for-stm32.7-2018-q2-update.linux64_1.4.0.202007081208/tools/bin/../lib/gcc/arm-none-eabi/7.3.1/../../../../arm-none-eabi/lib/thumb/v7-m/libc_nano.a
END GROUP
START GROUP
LOAD /mnt/mydisk/Augusto/Programs/st/stm32cubeide_1.4.0/plugins/com.st.stm32cube.ide.mcu.externaltools.gnu-tools-for-stm32.7-2018-q2-update.linux64_1.4.0.202007081208/tools/bin/../lib/gcc/arm-none-eabi/7.3.1/thumb/v7-m/libgcc.a
LOAD /mnt/mydisk/Augusto/Programs/st/stm32cubeide_1.4.0/plugins/com.st.stm32cube.ide.mcu.externaltools.gnu-tools-for-stm32.7-2018-q2-update.linux64_1.4.0.202007081208/tools/bin/../lib/gcc/arm-none-eabi/7.3.1/../../../../arm-none-eabi/lib/thumb/v7-m/libc_nano.a
LOAD /mnt/mydisk/Augusto/Programs/st/stm32cubeide_1.4.0/plugins/com.st.stm32cube.ide.mcu.externaltools.gnu-tools-for-stm32.7-2018-q2-update.linux64_1.4.0.202007081208/tools/bin/../lib/gcc/arm-none-eabi/7.3.1/../../../../arm-none-eabi/lib/thumb/v7-m/libnosys.a
END GROUP
START GROUP
LOAD /mnt/mydisk/Augusto/Programs/st/stm32cubeide_1.4.0/plugins/com.st.stm32cube.ide.mcu.externaltools.gnu-tools-for-stm32.7-2018-q2-update.linux64_1.4.0.202007081208/tools/bin/../lib/gcc/arm-none-eabi/7.3.1/thumb/v7-m/libgcc.a
LOAD /mnt/mydisk/Augusto/Programs/st/stm32cubeide_1.4.0/plugins/com.st.stm32cube.ide.mcu.externaltools.gnu-tools-for-stm32.7-2018-q2-update.linux64_1.4.0.202007081208/tools/bin/../lib/gcc/arm-none-eabi/7.3.1/../../../../arm-none-eabi/lib/thumb/v7-m/libc_nano.a
LOAD /mnt/mydisk/Augusto/Programs/st/stm32cubeide_1.4.0/plugins/com.st.stm32cube.ide.mcu.externaltools.gnu-tools-for-stm32.7-2018-q2-update.linux64_1.4.0.202007081208/tools/bin/../lib/gcc/arm-none-eabi/7.3.1/../../../../arm-none-eabi/lib/thumb/v7-m/libnosys.a
END GROUP
LOAD /mnt/mydisk/Augusto/Programs/st/stm32cubeide_1.4.0/plugins/com.st.stm32cube.ide.mcu.externaltools.gnu-tools-for-stm32.7-2018-q2-update.linux64_1.4.0.202007081208/tools/bin/../lib/gcc/arm-none-eabi/7.3.1/thumb/v7-m/crtend.o
LOAD /mnt/mydisk/Augusto/Programs/st/stm32cubeide_1.4.0/plugins/com.st.stm32cube.ide.mcu.externaltools.gnu-tools-for-stm32.7-2018-q2-update.linux64_1.4.0.202007081208/tools/bin/../lib/gcc/arm-none-eabi/7.3.1/thumb/v7-m/crtn.o
                0x0000000020005000                _estack = (ORIGIN (RAM) + LENGTH (RAM))
                0x0000000000000200                _Min_Heap_Size = 0x200
                0x0000000000000400                _Min_Stack_Size = 0x400

.isr_vector     0x0000000008000000      0x10c
                0x0000000008000000                . = ALIGN (0x4)
 *(.isr_vector)
 .isr_vector    0x0000000008000000      0x10c Core/Startup/startup_stm32f103c8tx.o
                0x0000000008000000                g_pfnVectors
                0x000000000800010c                . = ALIGN (0x4)

.text           0x0000000008000110     0x8ff0
                0x0000000008000110                . = ALIGN (0x4)
 *(.text)
 .text          0x0000000008000110       0x40 /mnt/mydisk/Augusto/Programs/st/stm32cubeide_1.4.0/plugins/com.st.stm32cube.ide.mcu.externaltools.gnu-tools-for-stm32.7-2018-q2-update.linux64_1.4.0.202007081208/tools/bin/../lib/gcc/arm-none-eabi/7.3.1/thumb/v7-m/crtbegin.o
 .text          0x0000000008000150      0x378 /mnt/mydisk/Augusto/Programs/st/stm32cubeide_1.4.0/plugins/com.st.stm32cube.ide.mcu.externaltools.gnu-tools-for-stm32.7-2018-q2-update.linux64_1.4.0.202007081208/tools/bin/../lib/gcc/arm-none-eabi/7.3.1/thumb/v7-m/libgcc.a(_arm_addsubdf3.o)
                0x0000000008000150                __aeabi_drsub
                0x0000000008000158                __aeabi_dsub
                0x0000000008000158                __subdf3
                0x000000000800015c                __adddf3
                0x000000000800015c                __aeabi_dadd
                0x00000000080003d4                __aeabi_ui2d
                0x00000000080003d4                __floatunsidf
                0x00000000080003f4                __floatsidf
                0x00000000080003f4                __aeabi_i2d
                0x0000000008000418                __extendsfdf2
                0x0000000008000418                __aeabi_f2d
                0x000000000800045c                __aeabi_ul2d
                0x000000000800045c                __floatundidf
                0x000000000800046c                __floatdidf
                0x000000000800046c                __aeabi_l2d
 .text          0x00000000080004c8      0x424 /mnt/mydisk/Augusto/Programs/st/stm32cubeide_1.4.0/plugins/com.st.stm32cube.ide.mcu.externaltools.gnu-tools-for-stm32.7-2018-q2-update.linux64_1.4.0.202007081208/tools/bin/../lib/gcc/arm-none-eabi/7.3.1/thumb/v7-m/libgcc.a(_arm_muldivdf3.o)
                0x00000000080004c8                __aeabi_dmul
                0x00000000080004c8                __muldf3
                0x000000000800071c                __aeabi_ddiv
                0x000000000800071c                __divdf3
 .text          0x00000000080008ec      0x110 /mnt/mydisk/Augusto/Programs/st/stm32cubeide_1.4.0/plugins/com.st.stm32cube.ide.mcu.externaltools.gnu-tools-for-stm32.7-2018-q2-update.linux64_1.4.0.202007081208/tools/bin/../lib/gcc/arm-none-eabi/7.3.1/thumb/v7-m/libgcc.a(_arm_cmpdf2.o)
                0x00000000080008ec                __gtdf2
                0x00000000080008ec                __gedf2
                0x00000000080008f4                __ltdf2
                0x00000000080008f4                __ledf2
                0x00000000080008fc                __cmpdf2
                0x00000000080008fc                __eqdf2
                0x00000000080008fc                __nedf2
                0x0000000008000978                __aeabi_cdrcmple
                0x0000000008000988                __aeabi_cdcmple
                0x0000000008000988                __aeabi_cdcmpeq
                0x0000000008000998                __aeabi_dcmpeq
                0x00000000080009ac                __aeabi_dcmplt
                0x00000000080009c0                __aeabi_dcmple
                0x00000000080009d4                __aeabi_dcmpge
                0x00000000080009e8                __aeabi_dcmpgt
 .text          0x00000000080009fc       0x2c /mnt/mydisk/Augusto/Programs/st/stm32cubeide_1.4.0/plugins/com.st.stm32cube.ide.mcu.externaltools.gnu-tools-for-stm32.7-2018-q2-update.linux64_1.4.0.202007081208/tools/bin/../lib/gcc/arm-none-eabi/7.3.1/thumb/v7-m/libgcc.a(_arm_unorddf2.o)
                0x00000000080009fc                __aeabi_dcmpun
                0x00000000080009fc                __unorddf2
 .text          0x0000000008000a28       0x40 /mnt/mydisk/Augusto/Programs/st/stm32cubeide_1.4.0/plugins/com.st.stm32cube.ide.mcu.externaltools.gnu-tools-for-stm32.7-2018-q2-update.linux64_1.4.0.202007081208/tools/bin/../lib/gcc/arm-none-eabi/7.3.1/thumb/v7-m/libgcc.a(_arm_fixunsdfsi.o)
                0x0000000008000a28                __fixunsdfsi
                0x0000000008000a28                __aeabi_d2uiz
 .text          0x0000000008000a68       0xa0 /mnt/mydisk/Augusto/Programs/st/stm32cubeide_1.4.0/plugins/com.st.stm32cube.ide.mcu.externaltools.gnu-tools-for-stm32.7-2018-q2-update.linux64_1.4.0.202007081208/tools/bin/../lib/gcc/arm-none-eabi/7.3.1/thumb/v7-m/libgcc.a(_arm_truncdfsf2.o)
                0x0000000008000a68                __aeabi_d2f
                0x0000000008000a68                __truncdfsf2
 .text          0x0000000008000b08      0x21c /mnt/mydisk/Augusto/Programs/st/stm32cubeide_1.4.0/plugins/com.st.stm32cube.ide.mcu.externaltools.gnu-tools-for-stm32.7-2018-q2-update.linux64_1.4.0.202007081208/tools/bin/../lib/gcc/arm-none-eabi/7.3.1/thumb/v7-m/libgcc.a(_arm_addsubsf3.o)
                0x0000000008000b08                __aeabi_frsub
                0x0000000008000b10                __subsf3
                0x0000000008000b10                __aeabi_fsub
                0x0000000008000b14                __aeabi_fadd
                0x0000000008000b14                __addsf3
                0x0000000008000c74                __aeabi_ui2f
                0x0000000008000c74                __floatunsisf
                0x0000000008000c7c                __aeabi_i2f
                0x0000000008000c7c                __floatsisf
                0x0000000008000c98                __floatundisf
                0x0000000008000c98                __aeabi_ul2f
                0x0000000008000ca8                __floatdisf
                0x0000000008000ca8                __aeabi_l2f
 .text          0x0000000008000d24      0x2a0 /mnt/mydisk/Augusto/Programs/st/stm32cubeide_1.4.0/plugins/com.st.stm32cube.ide.mcu.externaltools.gnu-tools-for-stm32.7-2018-q2-update.linux64_1.4.0.202007081208/tools/bin/../lib/gcc/arm-none-eabi/7.3.1/thumb/v7-m/libgcc.a(_arm_muldivsf3.o)
                0x0000000008000d24                __mulsf3
                0x0000000008000d24                __aeabi_fmul
                0x0000000008000e8c                __divsf3
                0x0000000008000e8c                __aeabi_fdiv
 .text          0x0000000008000fc4       0xec /mnt/mydisk/Augusto/Programs/st/stm32cubeide_1.4.0/plugins/com.st.stm32cube.ide.mcu.externaltools.gnu-tools-for-stm32.7-2018-q2-update.linux64_1.4.0.202007081208/tools/bin/../lib/gcc/arm-none-eabi/7.3.1/thumb/v7-m/libgcc.a(_arm_cmpsf2.o)
                0x0000000008000fc4                __gtsf2
                0x0000000008000fc4                __gesf2
                0x0000000008000fcc                __lesf2
                0x0000000008000fcc                __ltsf2
                0x0000000008000fd4                __nesf2
                0x0000000008000fd4                __eqsf2
                0x0000000008000fd4                __cmpsf2
                0x0000000008001034                __aeabi_cfrcmple
                0x000000000800103c                __aeabi_cfcmple
                0x000000000800103c                __aeabi_cfcmpeq
                0x000000000800104c                __aeabi_fcmpeq
                0x0000000008001060                __aeabi_fcmplt
                0x0000000008001074                __aeabi_fcmple
                0x0000000008001088                __aeabi_fcmpge
                0x000000000800109c                __aeabi_fcmpgt
 .text          0x00000000080010b0       0x4c /mnt/mydisk/Augusto/Programs/st/stm32cubeide_1.4.0/plugins/com.st.stm32cube.ide.mcu.externaltools.gnu-tools-for-stm32.7-2018-q2-update.linux64_1.4.0.202007081208/tools/bin/../lib/gcc/arm-none-eabi/7.3.1/thumb/v7-m/libgcc.a(_arm_fixsfsi.o)
                0x00000000080010b0                __fixsfsi
                0x00000000080010b0                __aeabi_f2iz
 .text          0x00000000080010fc       0x40 /mnt/mydisk/Augusto/Programs/st/stm32cubeide_1.4.0/plugins/com.st.stm32cube.ide.mcu.externaltools.gnu-tools-for-stm32.7-2018-q2-update.linux64_1.4.0.202007081208/tools/bin/../lib/gcc/arm-none-eabi/7.3.1/thumb/v7-m/libgcc.a(_arm_fixunssfsi.o)
                0x00000000080010fc                __aeabi_f2uiz
                0x00000000080010fc                __fixunssfsi
 *(.text*)
 .text.MX_DMA_Init
                0x000000000800113c       0x3c Core/Src/dma.o
                0x000000000800113c                MX_DMA_Init
 .text.MX_GPIO_Init
                0x0000000008001178       0xe0 Core/Src/gpio.o
                0x0000000008001178                MX_GPIO_Init
 .text.MX_I2C1_Init
                0x0000000008001258       0x5c Core/Src/i2c.o
                0x0000000008001258                MX_I2C1_Init
 .text.HAL_I2C_MspInit
                0x00000000080012b4       0x7c Core/Src/i2c.o
                0x00000000080012b4                HAL_I2C_MspInit
 .text.main     0x0000000008001330      0x10c Core/Src/main.o
                0x0000000008001330                main
 .text.SystemClock_Config
                0x000000000800143c       0x8a Core/Src/main.o
                0x000000000800143c                SystemClock_Config
 .text.MX_NVIC_Init
                0x00000000080014c6       0x58 Core/Src/main.o
 *fill*         0x000000000800151e        0x2 
 .text.InterpretCmd
                0x0000000008001520      0x1f4 Core/Src/main.o
                0x0000000008001520                InterpretCmd
 .text.HAL_UART_RxCpltCallback
                0x0000000008001714       0xc0 Core/Src/main.o
                0x0000000008001714                HAL_UART_RxCpltCallback
 .text.HAL_TIM_PeriodElapsedCallback
                0x00000000080017d4       0xb8 Core/Src/main.o
                0x00000000080017d4                HAL_TIM_PeriodElapsedCallback
 .text.HAL_GPIO_EXTI_Callback
                0x000000000800188c       0x38 Core/Src/main.o
                0x000000000800188c                HAL_GPIO_EXTI_Callback
 .text.Error_Handler
                0x00000000080018c4        0xc Core/Src/main.o
                0x00000000080018c4                Error_Handler
 .text.PCA9685_SetBit
                0x00000000080018d0       0xb4 Core/Src/pca9685.o
                0x00000000080018d0                PCA9685_SetBit
 .text.PCA9685_SoftwareReset
                0x0000000008001984       0x34 Core/Src/pca9685.o
                0x0000000008001984                PCA9685_SoftwareReset
 .text.PCA9685_SleepMode
                0x00000000080019b8       0x20 Core/Src/pca9685.o
                0x00000000080019b8                PCA9685_SleepMode
 .text.PCA9685_RestartMode
                0x00000000080019d8       0x20 Core/Src/pca9685.o
                0x00000000080019d8                PCA9685_RestartMode
 .text.PCA9685_AutoIncrement
                0x00000000080019f8       0x20 Core/Src/pca9685.o
                0x00000000080019f8                PCA9685_AutoIncrement
 .text.PCA9685_SetPWMFrequency
                0x0000000008001a18       0xf8 Core/Src/pca9685.o
                0x0000000008001a18                PCA9685_SetPWMFrequency
 .text.PCA9685_SetPWM
                0x0000000008001b10       0x74 Core/Src/pca9685.o
                0x0000000008001b10                PCA9685_SetPWM
 .text.PCA9685_SetPin
                0x0000000008001b84       0xbc Core/Src/pca9685.o
                0x0000000008001b84                PCA9685_SetPin
 .text.PCA9685_SetServoAngle
                0x0000000008001c40       0x70 Core/Src/pca9685.o
                0x0000000008001c40                PCA9685_SetServoAngle
 .text.PCA9685_Init
                0x0000000008001cb0       0x40 Core/Src/pca9685.o
                0x0000000008001cb0                PCA9685_Init
 .text.homing   0x0000000008001cf0       0x4e Core/Src/spider.o
                0x0000000008001cf0                homing
 .text.stop     0x0000000008001d3e       0x38 Core/Src/spider.o
                0x0000000008001d3e                stop
 .text.servoControl
                0x0000000008001d76       0x30 Core/Src/spider.o
                0x0000000008001d76                servoControl
 .text.legControl
                0x0000000008001da6      0x2be Core/Src/spider.o
                0x0000000008001da6                legControl
 .text.forward_walk
                0x0000000008002064      0x19c Core/Src/spider.o
                0x0000000008002064                forward_walk
 .text.servoService
                0x0000000008002200      0x178 Core/Src/spider.o
                0x0000000008002200                servoService
 .text.setPosition
                0x0000000008002378      0x224 Core/Src/spider.o
                0x0000000008002378                setPosition
 .text.waitReach
                0x000000000800259c       0xa8 Core/Src/spider.o
                0x000000000800259c                waitReach
 .text.waitAllReach
                0x0000000008002644       0x26 Core/Src/spider.o
                0x0000000008002644                waitAllReach
 *fill*         0x000000000800266a        0x6 
 .text.cartesian_to_polar
                0x0000000008002670      0x38c Core/Src/spider.o
                0x0000000008002670                cartesian_to_polar
 .text.polar_to_servo
                0x00000000080029fc      0x120 Core/Src/spider.o
                0x00000000080029fc                polar_to_servo
 .text.HAL_MspInit
                0x0000000008002b1c       0x64 Core/Src/stm32f1xx_hal_msp.o
                0x0000000008002b1c                HAL_MspInit
 .text.NMI_Handler
                0x0000000008002b80        0xc Core/Src/stm32f1xx_it.o
                0x0000000008002b80                NMI_Handler
 .text.HardFault_Handler
                0x0000000008002b8c        0x6 Core/Src/stm32f1xx_it.o
                0x0000000008002b8c                HardFault_Handler
 .text.MemManage_Handler
                0x0000000008002b92        0x6 Core/Src/stm32f1xx_it.o
                0x0000000008002b92                MemManage_Handler
 .text.BusFault_Handler
                0x0000000008002b98        0x6 Core/Src/stm32f1xx_it.o
                0x0000000008002b98                BusFault_Handler
 .text.UsageFault_Handler
                0x0000000008002b9e        0x6 Core/Src/stm32f1xx_it.o
                0x0000000008002b9e                UsageFault_Handler
 .text.SVC_Handler
                0x0000000008002ba4        0xc Core/Src/stm32f1xx_it.o
                0x0000000008002ba4                SVC_Handler
 .text.DebugMon_Handler
                0x0000000008002bb0        0xc Core/Src/stm32f1xx_it.o
                0x0000000008002bb0                DebugMon_Handler
 .text.PendSV_Handler
                0x0000000008002bbc        0xc Core/Src/stm32f1xx_it.o
                0x0000000008002bbc                PendSV_Handler
 .text.SysTick_Handler
                0x0000000008002bc8        0xc Core/Src/stm32f1xx_it.o
                0x0000000008002bc8                SysTick_Handler
 .text.DMA1_Channel5_IRQHandler
                0x0000000008002bd4       0x14 Core/Src/stm32f1xx_it.o
                0x0000000008002bd4                DMA1_Channel5_IRQHandler
 .text.TIM2_IRQHandler
                0x0000000008002be8       0x14 Core/Src/stm32f1xx_it.o
                0x0000000008002be8                TIM2_IRQHandler
 .text.TIM3_IRQHandler
                0x0000000008002bfc       0x14 Core/Src/stm32f1xx_it.o
                0x0000000008002bfc                TIM3_IRQHandler
 .text.I2C1_ER_IRQHandler
                0x0000000008002c10       0x14 Core/Src/stm32f1xx_it.o
                0x0000000008002c10                I2C1_ER_IRQHandler
 .text.USART1_IRQHandler
                0x0000000008002c24       0x14 Core/Src/stm32f1xx_it.o
                0x0000000008002c24                USART1_IRQHandler
 .text.EXTI15_10_IRQHandler
                0x0000000008002c38       0x10 Core/Src/stm32f1xx_it.o
                0x0000000008002c38                EXTI15_10_IRQHandler
 .text.SystemInit
                0x0000000008002c48        0xc Core/Src/system_stm32f1xx.o
                0x0000000008002c48                SystemInit
 .text.MX_TIM2_Init
                0x0000000008002c54       0xe8 Core/Src/tim.o
                0x0000000008002c54                MX_TIM2_Init
 .text.MX_TIM3_Init
                0x0000000008002d3c       0xe8 Core/Src/tim.o
                0x0000000008002d3c                MX_TIM3_Init
 .text.HAL_TIM_Base_MspInit
                0x0000000008002e24       0x80 Core/Src/tim.o
                0x0000000008002e24                HAL_TIM_Base_MspInit
 .text.resetTimer
                0x0000000008002ea4       0x1a Core/Src/tim.o
                0x0000000008002ea4                resetTimer
 *fill*         0x0000000008002ebe        0x2 
 .text.MX_USART1_UART_Init
                0x0000000008002ec0       0x54 Core/Src/usart.o
                0x0000000008002ec0                MX_USART1_UART_Init
 .text.HAL_UART_MspInit
                0x0000000008002f14       0xec Core/Src/usart.o
                0x0000000008002f14                HAL_UART_MspInit
 .text.Reset_Handler
                0x0000000008003000       0x48 Core/Startup/startup_stm32f103c8tx.o
                0x0000000008003000                Reset_Handler
 .text.Default_Handler
                0x0000000008003048        0x2 Core/Startup/startup_stm32f103c8tx.o
                0x0000000008003048                RTC_Alarm_IRQHandler
                0x0000000008003048                EXTI2_IRQHandler
                0x0000000008003048                TIM1_CC_IRQHandler
                0x0000000008003048                PVD_IRQHandler
                0x0000000008003048                EXTI3_IRQHandler
                0x0000000008003048                EXTI0_IRQHandler
                0x0000000008003048                I2C2_EV_IRQHandler
                0x0000000008003048                ADC1_2_IRQHandler
                0x0000000008003048                SPI1_IRQHandler
                0x0000000008003048                TAMPER_IRQHandler
                0x0000000008003048                DMA1_Channel4_IRQHandler
                0x0000000008003048                USART3_IRQHandler
                0x0000000008003048                RTC_IRQHandler
                0x0000000008003048                DMA1_Channel7_IRQHandler
                0x0000000008003048                CAN1_RX1_IRQHandler
                0x0000000008003048                TIM4_IRQHandler
                0x0000000008003048                I2C1_EV_IRQHandler
                0x0000000008003048                DMA1_Channel6_IRQHandler
                0x0000000008003048                RCC_IRQHandler
                0x0000000008003048                TIM1_TRG_COM_IRQHandler
                0x0000000008003048                DMA1_Channel1_IRQHandler
                0x0000000008003048                Default_Handler
                0x0000000008003048                EXTI9_5_IRQHandler
                0x0000000008003048                SPI2_IRQHandler
                0x0000000008003048                EXTI4_IRQHandler
                0x0000000008003048                USB_LP_CAN1_RX0_IRQHandler
                0x0000000008003048                USB_HP_CAN1_TX_IRQHandler
                0x0000000008003048                DMA1_Channel3_IRQHandler
                0x0000000008003048                TIM1_UP_IRQHandler
                0x0000000008003048                WWDG_IRQHandler
                0x0000000008003048                TIM1_BRK_IRQHandler
                0x0000000008003048                EXTI1_IRQHandler
                0x0000000008003048                USART2_IRQHandler
                0x0000000008003048                I2C2_ER_IRQHandler
                0x0000000008003048                DMA1_Channel2_IRQHandler
                0x0000000008003048                CAN1_SCE_IRQHandler
                0x0000000008003048                FLASH_IRQHandler
                0x0000000008003048                USBWakeUp_IRQHandler
 *fill*         0x000000000800304a        0x2 
 .text.HAL_Init
                0x000000000800304c       0x2c Drivers/STM32F1xx_HAL_Driver/Src/stm32f1xx_hal.o
                0x000000000800304c                HAL_Init
 .text.HAL_InitTick
                0x0000000008003078       0x60 Drivers/STM32F1xx_HAL_Driver/Src/stm32f1xx_hal.o
                0x0000000008003078                HAL_InitTick
 .text.HAL_IncTick
                0x00000000080030d8       0x24 Drivers/STM32F1xx_HAL_Driver/Src/stm32f1xx_hal.o
                0x00000000080030d8                HAL_IncTick
 .text.HAL_GetTick
                0x00000000080030fc       0x14 Drivers/STM32F1xx_HAL_Driver/Src/stm32f1xx_hal.o
                0x00000000080030fc                HAL_GetTick
 .text.__NVIC_SetPriorityGrouping
                0x0000000008003110       0x48 Drivers/STM32F1xx_HAL_Driver/Src/stm32f1xx_hal_cortex.o
 .text.__NVIC_GetPriorityGrouping
                0x0000000008003158       0x1c Drivers/STM32F1xx_HAL_Driver/Src/stm32f1xx_hal_cortex.o
 .text.__NVIC_EnableIRQ
                0x0000000008003174       0x38 Drivers/STM32F1xx_HAL_Driver/Src/stm32f1xx_hal_cortex.o
 .text.__NVIC_SetPriority
                0x00000000080031ac       0x54 Drivers/STM32F1xx_HAL_Driver/Src/stm32f1xx_hal_cortex.o
 .text.NVIC_EncodePriority
                0x0000000008003200       0x64 Drivers/STM32F1xx_HAL_Driver/Src/stm32f1xx_hal_cortex.o
 .text.SysTick_Config
                0x0000000008003264       0x44 Drivers/STM32F1xx_HAL_Driver/Src/stm32f1xx_hal_cortex.o
 .text.HAL_NVIC_SetPriorityGrouping
                0x00000000080032a8       0x16 Drivers/STM32F1xx_HAL_Driver/Src/stm32f1xx_hal_cortex.o
                0x00000000080032a8                HAL_NVIC_SetPriorityGrouping
 .text.HAL_NVIC_SetPriority
                0x00000000080032be       0x38 Drivers/STM32F1xx_HAL_Driver/Src/stm32f1xx_hal_cortex.o
                0x00000000080032be                HAL_NVIC_SetPriority
 .text.HAL_NVIC_EnableIRQ
                0x00000000080032f6       0x1c Drivers/STM32F1xx_HAL_Driver/Src/stm32f1xx_hal_cortex.o
                0x00000000080032f6                HAL_NVIC_EnableIRQ
 .text.HAL_SYSTICK_Config
                0x0000000008003312       0x18 Drivers/STM32F1xx_HAL_Driver/Src/stm32f1xx_hal_cortex.o
                0x0000000008003312                HAL_SYSTICK_Config
 *fill*         0x000000000800332a        0x2 
 .text.HAL_DMA_Init
                0x000000000800332c       0xb4 Drivers/STM32F1xx_HAL_Driver/Src/stm32f1xx_hal_dma.o
                0x000000000800332c                HAL_DMA_Init
 .text.HAL_DMA_Start_IT
                0x00000000080033e0       0xbe Drivers/STM32F1xx_HAL_Driver/Src/stm32f1xx_hal_dma.o
                0x00000000080033e0                HAL_DMA_Start_IT
 *fill*         0x000000000800349e        0x2 
 .text.HAL_DMA_Abort_IT
                0x00000000080034a0       0xec Drivers/STM32F1xx_HAL_Driver/Src/stm32f1xx_hal_dma.o
                0x00000000080034a0                HAL_DMA_Abort_IT
 .text.HAL_DMA_IRQHandler
                0x000000000800358c      0x20c Drivers/STM32F1xx_HAL_Driver/Src/stm32f1xx_hal_dma.o
                0x000000000800358c                HAL_DMA_IRQHandler
 .text.DMA_SetConfig
                0x0000000008003798       0x5a Drivers/STM32F1xx_HAL_Driver/Src/stm32f1xx_hal_dma.o
 *fill*         0x00000000080037f2        0x2 
 .text.HAL_GPIO_Init
                0x00000000080037f4      0x2b4 Drivers/STM32F1xx_HAL_Driver/Src/stm32f1xx_hal_gpio.o
                0x00000000080037f4                HAL_GPIO_Init
 .text.HAL_GPIO_WritePin
                0x0000000008003aa8       0x30 Drivers/STM32F1xx_HAL_Driver/Src/stm32f1xx_hal_gpio.o
                0x0000000008003aa8                HAL_GPIO_WritePin
 .text.HAL_GPIO_TogglePin
                0x0000000008003ad8       0x32 Drivers/STM32F1xx_HAL_Driver/Src/stm32f1xx_hal_gpio.o
                0x0000000008003ad8                HAL_GPIO_TogglePin
 *fill*         0x0000000008003b0a        0x2 
 .text.HAL_GPIO_EXTI_IRQHandler
                0x0000000008003b0c       0x30 Drivers/STM32F1xx_HAL_Driver/Src/stm32f1xx_hal_gpio.o
                0x0000000008003b0c                HAL_GPIO_EXTI_IRQHandler
 .text.HAL_I2C_Init
                0x0000000008003b3c      0x270 Drivers/STM32F1xx_HAL_Driver/Src/stm32f1xx_hal_i2c.o
                0x0000000008003b3c                HAL_I2C_Init
 .text.HAL_I2C_Master_Transmit
                0x0000000008003dac      0x1fc Drivers/STM32F1xx_HAL_Driver/Src/stm32f1xx_hal_i2c.o
                0x0000000008003dac                HAL_I2C_Master_Transmit
 .text.HAL_I2C_Mem_Write
                0x0000000008003fa8      0x1f4 Drivers/STM32F1xx_HAL_Driver/Src/stm32f1xx_hal_i2c.o
                0x0000000008003fa8                HAL_I2C_Mem_Write
 .text.HAL_I2C_Mem_Read
                0x000000000800419c      0x4c4 Drivers/STM32F1xx_HAL_Driver/Src/stm32f1xx_hal_i2c.o
                0x000000000800419c                HAL_I2C_Mem_Read
 .text.HAL_I2C_ER_IRQHandler
                0x0000000008004660      0x15e Drivers/STM32F1xx_HAL_Driver/Src/stm32f1xx_hal_i2c.o
                0x0000000008004660                HAL_I2C_ER_IRQHandler
 .text.HAL_I2C_SlaveTxCpltCallback
                0x00000000080047be       0x12 Drivers/STM32F1xx_HAL_Driver/Src/stm32f1xx_hal_i2c.o
                0x00000000080047be                HAL_I2C_SlaveTxCpltCallback
 .text.HAL_I2C_ListenCpltCallback
                0x00000000080047d0       0x12 Drivers/STM32F1xx_HAL_Driver/Src/stm32f1xx_hal_i2c.o
                0x00000000080047d0                HAL_I2C_ListenCpltCallback
 .text.HAL_I2C_ErrorCallback
                0x00000000080047e2       0x12 Drivers/STM32F1xx_HAL_Driver/Src/stm32f1xx_hal_i2c.o
                0x00000000080047e2                HAL_I2C_ErrorCallback
 .text.HAL_I2C_AbortCpltCallback
                0x00000000080047f4       0x12 Drivers/STM32F1xx_HAL_Driver/Src/stm32f1xx_hal_i2c.o
                0x00000000080047f4                HAL_I2C_AbortCpltCallback
 *fill*         0x0000000008004806        0x2 
 .text.I2C_Slave_AF
                0x0000000008004808       0xe0 Drivers/STM32F1xx_HAL_Driver/Src/stm32f1xx_hal_i2c.o
 .text.I2C_ITError
                0x00000000080048e8      0x264 Drivers/STM32F1xx_HAL_Driver/Src/stm32f1xx_hal_i2c.o
 .text.I2C_MasterRequestWrite
                0x0000000008004b4c      0x104 Drivers/STM32F1xx_HAL_Driver/Src/stm32f1xx_hal_i2c.o
 .text.I2C_RequestMemoryWrite
                0x0000000008004c50      0x12c Drivers/STM32F1xx_HAL_Driver/Src/stm32f1xx_hal_i2c.o
 .text.I2C_RequestMemoryRead
                0x0000000008004d7c      0x1d0 Drivers/STM32F1xx_HAL_Driver/Src/stm32f1xx_hal_i2c.o
 .text.I2C_DMAAbort
                0x0000000008004f4c      0x150 Drivers/STM32F1xx_HAL_Driver/Src/stm32f1xx_hal_i2c.o
 .text.I2C_WaitOnFlagUntilTimeout
                0x000000000800509c       0xae Drivers/STM32F1xx_HAL_Driver/Src/stm32f1xx_hal_i2c.o
 .text.I2C_WaitOnMasterAddressFlagUntilTimeout
                0x000000000800514a       0xfe Drivers/STM32F1xx_HAL_Driver/Src/stm32f1xx_hal_i2c.o
 .text.I2C_WaitOnTXEFlagUntilTimeout
                0x0000000008005248       0x82 Drivers/STM32F1xx_HAL_Driver/Src/stm32f1xx_hal_i2c.o
 .text.I2C_WaitOnBTFFlagUntilTimeout
                0x00000000080052ca       0x82 Drivers/STM32F1xx_HAL_Driver/Src/stm32f1xx_hal_i2c.o
 .text.I2C_WaitOnRXNEFlagUntilTimeout
                0x000000000800534c       0xac Drivers/STM32F1xx_HAL_Driver/Src/stm32f1xx_hal_i2c.o
 .text.I2C_IsAcknowledgeFailed
                0x00000000080053f8       0x5c Drivers/STM32F1xx_HAL_Driver/Src/stm32f1xx_hal_i2c.o
 .text.HAL_RCC_OscConfig
                0x0000000008005454      0x500 Drivers/STM32F1xx_HAL_Driver/Src/stm32f1xx_hal_rcc.o
                0x0000000008005454                HAL_RCC_OscConfig
 .text.HAL_RCC_ClockConfig
                0x0000000008005954      0x1d4 Drivers/STM32F1xx_HAL_Driver/Src/stm32f1xx_hal_rcc.o
                0x0000000008005954                HAL_RCC_ClockConfig
 .text.HAL_RCC_GetSysClockFreq
                0x0000000008005b28       0xc4 Drivers/STM32F1xx_HAL_Driver/Src/stm32f1xx_hal_rcc.o
                0x0000000008005b28                HAL_RCC_GetSysClockFreq
 .text.HAL_RCC_GetHCLKFreq
                0x0000000008005bec       0x14 Drivers/STM32F1xx_HAL_Driver/Src/stm32f1xx_hal_rcc.o
                0x0000000008005bec                HAL_RCC_GetHCLKFreq
 .text.HAL_RCC_GetPCLK1Freq
                0x0000000008005c00       0x28 Drivers/STM32F1xx_HAL_Driver/Src/stm32f1xx_hal_rcc.o
                0x0000000008005c00                HAL_RCC_GetPCLK1Freq
 .text.HAL_RCC_GetPCLK2Freq
                0x0000000008005c28       0x28 Drivers/STM32F1xx_HAL_Driver/Src/stm32f1xx_hal_rcc.o
                0x0000000008005c28                HAL_RCC_GetPCLK2Freq
 .text.RCC_Delay
                0x0000000008005c50       0x3c Drivers/STM32F1xx_HAL_Driver/Src/stm32f1xx_hal_rcc.o
 .text.HAL_TIM_Base_Init
                0x0000000008005c8c       0x9e Drivers/STM32F1xx_HAL_Driver/Src/stm32f1xx_hal_tim.o
                0x0000000008005c8c                HAL_TIM_Base_Init
 *fill*         0x0000000008005d2a        0x2 
 .text.HAL_TIM_Base_Start_IT
                0x0000000008005d2c       0xa4 Drivers/STM32F1xx_HAL_Driver/Src/stm32f1xx_hal_tim.o
                0x0000000008005d2c                HAL_TIM_Base_Start_IT
 .text.HAL_TIM_OC_Init
                0x0000000008005dd0       0x9e Drivers/STM32F1xx_HAL_Driver/Src/stm32f1xx_hal_tim.o
                0x0000000008005dd0                HAL_TIM_OC_Init
 .text.HAL_TIM_OC_MspInit
                0x0000000008005e6e       0x12 Drivers/STM32F1xx_HAL_Driver/Src/stm32f1xx_hal_tim.o
                0x0000000008005e6e                HAL_TIM_OC_MspInit
 .text.HAL_TIM_IRQHandler
                0x0000000008005e80      0x210 Drivers/STM32F1xx_HAL_Driver/Src/stm32f1xx_hal_tim.o
                0x0000000008005e80                HAL_TIM_IRQHandler
 .text.HAL_TIM_OC_ConfigChannel
                0x0000000008006090       0xb0 Drivers/STM32F1xx_HAL_Driver/Src/stm32f1xx_hal_tim.o
                0x0000000008006090                HAL_TIM_OC_ConfigChannel
 .text.HAL_TIM_ConfigClockSource
                0x0000000008006140      0x16e Drivers/STM32F1xx_HAL_Driver/Src/stm32f1xx_hal_tim.o
                0x0000000008006140                HAL_TIM_ConfigClockSource
 .text.HAL_TIM_OC_DelayElapsedCallback
                0x00000000080062ae       0x12 Drivers/STM32F1xx_HAL_Driver/Src/stm32f1xx_hal_tim.o
                0x00000000080062ae                HAL_TIM_OC_DelayElapsedCallback
 .text.HAL_TIM_IC_CaptureCallback
                0x00000000080062c0       0x12 Drivers/STM32F1xx_HAL_Driver/Src/stm32f1xx_hal_tim.o
                0x00000000080062c0                HAL_TIM_IC_CaptureCallback
 .text.HAL_TIM_PWM_PulseFinishedCallback
                0x00000000080062d2       0x12 Drivers/STM32F1xx_HAL_Driver/Src/stm32f1xx_hal_tim.o
                0x00000000080062d2                HAL_TIM_PWM_PulseFinishedCallback
 .text.HAL_TIM_TriggerCallback
                0x00000000080062e4       0x12 Drivers/STM32F1xx_HAL_Driver/Src/stm32f1xx_hal_tim.o
                0x00000000080062e4                HAL_TIM_TriggerCallback
 *fill*         0x00000000080062f6        0x2 
 .text.TIM_Base_SetConfig
                0x00000000080062f8       0xc4 Drivers/STM32F1xx_HAL_Driver/Src/stm32f1xx_hal_tim.o
                0x00000000080062f8                TIM_Base_SetConfig
 .text.TIM_OC1_SetConfig
                0x00000000080063bc       0xcc Drivers/STM32F1xx_HAL_Driver/Src/stm32f1xx_hal_tim.o
 .text.TIM_OC2_SetConfig
                0x0000000008006488       0xd4 Drivers/STM32F1xx_HAL_Driver/Src/stm32f1xx_hal_tim.o
                0x0000000008006488                TIM_OC2_SetConfig
 .text.TIM_OC3_SetConfig
                0x000000000800655c       0xd4 Drivers/STM32F1xx_HAL_Driver/Src/stm32f1xx_hal_tim.o
 .text.TIM_OC4_SetConfig
                0x0000000008006630       0x9c Drivers/STM32F1xx_HAL_Driver/Src/stm32f1xx_hal_tim.o
 .text.TIM_TI1_ConfigInputStage
                0x00000000080066cc       0x5c Drivers/STM32F1xx_HAL_Driver/Src/stm32f1xx_hal_tim.o
 .text.TIM_TI2_ConfigInputStage
                0x0000000008006728       0x5e Drivers/STM32F1xx_HAL_Driver/Src/stm32f1xx_hal_tim.o
 .text.TIM_ITRx_SetConfig
                0x0000000008006786       0x34 Drivers/STM32F1xx_HAL_Driver/Src/stm32f1xx_hal_tim.o
 .text.TIM_ETR_SetConfig
                0x00000000080067ba       0x3e Drivers/STM32F1xx_HAL_Driver/Src/stm32f1xx_hal_tim.o
                0x00000000080067ba                TIM_ETR_SetConfig
 .text.HAL_TIMEx_MasterConfigSynchronization
                0x00000000080067f8       0xbc Drivers/STM32F1xx_HAL_Driver/Src/stm32f1xx_hal_tim_ex.o
                0x00000000080067f8                HAL_TIMEx_MasterConfigSynchronization
 .text.HAL_TIMEx_CommutCallback
                0x00000000080068b4       0x12 Drivers/STM32F1xx_HAL_Driver/Src/stm32f1xx_hal_tim_ex.o
                0x00000000080068b4                HAL_TIMEx_CommutCallback
 .text.HAL_TIMEx_BreakCallback
                0x00000000080068c6       0x12 Drivers/STM32F1xx_HAL_Driver/Src/stm32f1xx_hal_tim_ex.o
                0x00000000080068c6                HAL_TIMEx_BreakCallback
 .text.HAL_UART_Init
                0x00000000080068d8       0x9a Drivers/STM32F1xx_HAL_Driver/Src/stm32f1xx_hal_uart.o
                0x00000000080068d8                HAL_UART_Init
 .text.HAL_UART_Transmit
                0x0000000008006972      0x124 Drivers/STM32F1xx_HAL_Driver/Src/stm32f1xx_hal_uart.o
                0x0000000008006972                HAL_UART_Transmit
 *fill*         0x0000000008006a96        0x2 
 .text.HAL_UART_Receive_DMA
                0x0000000008006a98      0x100 Drivers/STM32F1xx_HAL_Driver/Src/stm32f1xx_hal_uart.o
                0x0000000008006a98                HAL_UART_Receive_DMA
 .text.HAL_UART_IRQHandler
                0x0000000008006b98      0x200 Drivers/STM32F1xx_HAL_Driver/Src/stm32f1xx_hal_uart.o
                0x0000000008006b98                HAL_UART_IRQHandler
 .text.HAL_UART_TxCpltCallback
                0x0000000008006d98       0x12 Drivers/STM32F1xx_HAL_Driver/Src/stm32f1xx_hal_uart.o
                0x0000000008006d98                HAL_UART_TxCpltCallback
 .text.HAL_UART_RxHalfCpltCallback
                0x0000000008006daa       0x12 Drivers/STM32F1xx_HAL_Driver/Src/stm32f1xx_hal_uart.o
                0x0000000008006daa                HAL_UART_RxHalfCpltCallback
 .text.HAL_UART_ErrorCallback
                0x0000000008006dbc       0x12 Drivers/STM32F1xx_HAL_Driver/Src/stm32f1xx_hal_uart.o
                0x0000000008006dbc                HAL_UART_ErrorCallback
 .text.UART_DMAReceiveCplt
                0x0000000008006dce       0x68 Drivers/STM32F1xx_HAL_Driver/Src/stm32f1xx_hal_uart.o
 .text.UART_DMARxHalfCplt
                0x0000000008006e36       0x1c Drivers/STM32F1xx_HAL_Driver/Src/stm32f1xx_hal_uart.o
 .text.UART_DMAError
                0x0000000008006e52       0x94 Drivers/STM32F1xx_HAL_Driver/Src/stm32f1xx_hal_uart.o
 .text.UART_WaitOnFlagUntilTimeout
                0x0000000008006ee6       0x94 Drivers/STM32F1xx_HAL_Driver/Src/stm32f1xx_hal_uart.o
 .text.UART_EndTxTransfer
                0x0000000008006f7a       0x2a Drivers/STM32F1xx_HAL_Driver/Src/stm32f1xx_hal_uart.o
 .text.UART_EndRxTransfer
                0x0000000008006fa4       0x3a Drivers/STM32F1xx_HAL_Driver/Src/stm32f1xx_hal_uart.o
 .text.UART_DMAAbortOnError
                0x0000000008006fde       0x28 Drivers/STM32F1xx_HAL_Driver/Src/stm32f1xx_hal_uart.o
 .text.UART_Transmit_IT
                0x0000000008007006       0x9e Drivers/STM32F1xx_HAL_Driver/Src/stm32f1xx_hal_uart.o
 .text.UART_EndTransmit_IT
                0x00000000080070a4       0x30 Drivers/STM32F1xx_HAL_Driver/Src/stm32f1xx_hal_uart.o
 .text.UART_Receive_IT
                0x00000000080070d4      0x100 Drivers/STM32F1xx_HAL_Driver/Src/stm32f1xx_hal_uart.o
 .text.UART_SetConfig
                0x00000000080071d4      0x11c Drivers/STM32F1xx_HAL_Driver/Src/stm32f1xx_hal_uart.o
 .text.atoi     0x00000000080072f0        0x8 /mnt/mydisk/Augusto/Programs/st/stm32cubeide_1.4.0/plugins/com.st.stm32cube.ide.mcu.externaltools.gnu-tools-for-stm32.7-2018-q2-update.linux64_1.4.0.202007081208/tools/bin/../lib/gcc/arm-none-eabi/7.3.1/../../../../arm-none-eabi/lib/thumb/v7-m/libc_nano.a(lib_a-atoi.o)
                0x00000000080072f0                atoi
 .text.__errno  0x00000000080072f8        0xc /mnt/mydisk/Augusto/Programs/st/stm32cubeide_1.4.0/plugins/com.st.stm32cube.ide.mcu.externaltools.gnu-tools-for-stm32.7-2018-q2-update.linux64_1.4.0.202007081208/tools/bin/../lib/gcc/arm-none-eabi/7.3.1/../../../../arm-none-eabi/lib/thumb/v7-m/libc_nano.a(lib_a-errno.o)
                0x00000000080072f8                __errno
 .text.__libc_init_array
                0x0000000008007304       0x48 /mnt/mydisk/Augusto/Programs/st/stm32cubeide_1.4.0/plugins/com.st.stm32cube.ide.mcu.externaltools.gnu-tools-for-stm32.7-2018-q2-update.linux64_1.4.0.202007081208/tools/bin/../lib/gcc/arm-none-eabi/7.3.1/../../../../arm-none-eabi/lib/thumb/v7-m/libc_nano.a(lib_a-init.o)
                0x0000000008007304                __libc_init_array
 .text.memset   0x000000000800734c       0x10 /mnt/mydisk/Augusto/Programs/st/stm32cubeide_1.4.0/plugins/com.st.stm32cube.ide.mcu.externaltools.gnu-tools-for-stm32.7-2018-q2-update.linux64_1.4.0.202007081208/tools/bin/../lib/gcc/arm-none-eabi/7.3.1/../../../../arm-none-eabi/lib/thumb/v7-m/libc_nano.a(lib_a-memset.o)
                0x000000000800734c                memset
 .text._strtol_l.isra.0
                0x000000000800735c       0xf6 /mnt/mydisk/Augusto/Programs/st/stm32cubeide_1.4.0/plugins/com.st.stm32cube.ide.mcu.externaltools.gnu-tools-for-stm32.7-2018-q2-update.linux64_1.4.0.202007081208/tools/bin/../lib/gcc/arm-none-eabi/7.3.1/../../../../arm-none-eabi/lib/thumb/v7-m/libc_nano.a(lib_a-strtol.o)
 *fill*         0x0000000008007452        0x2 
 .text.strtol   0x0000000008007454       0x2c /mnt/mydisk/Augusto/Programs/st/stm32cubeide_1.4.0/plugins/com.st.stm32cube.ide.mcu.externaltools.gnu-tools-for-stm32.7-2018-q2-update.linux64_1.4.0.202007081208/tools/bin/../lib/gcc/arm-none-eabi/7.3.1/../../../../arm-none-eabi/lib/thumb/v7-m/libc_nano.a(lib_a-strtol.o)
                0x0000000008007454                strtol
 .text.__locale_ctype_ptr_l
                0x0000000008007480        0x6 /mnt/mydisk/Augusto/Programs/st/stm32cubeide_1.4.0/plugins/com.st.stm32cube.ide.mcu.externaltools.gnu-tools-for-stm32.7-2018-q2-update.linux64_1.4.0.202007081208/tools/bin/../lib/gcc/arm-none-eabi/7.3.1/../../../../arm-none-eabi/lib/thumb/v7-m/libc_nano.a(lib_a-locale.o)
                0x0000000008007480                __locale_ctype_ptr_l
 .text.__ascii_mbtowc
                0x0000000008007486       0x24 /mnt/mydisk/Augusto/Programs/st/stm32cubeide_1.4.0/plugins/com.st.stm32cube.ide.mcu.externaltools.gnu-tools-for-stm32.7-2018-q2-update.linux64_1.4.0.202007081208/tools/bin/../lib/gcc/arm-none-eabi/7.3.1/../../../../arm-none-eabi/lib/thumb/v7-m/libc_nano.a(lib_a-mbtowc_r.o)
                0x0000000008007486                __ascii_mbtowc
 .text.__ascii_wctomb
                0x00000000080074aa       0x1a /mnt/mydisk/Augusto/Programs/st/stm32cubeide_1.4.0/plugins/com.st.stm32cube.ide.mcu.externaltools.gnu-tools-for-stm32.7-2018-q2-update.linux64_1.4.0.202007081208/tools/bin/../lib/gcc/arm-none-eabi/7.3.1/../../../../arm-none-eabi/lib/thumb/v7-m/libc_nano.a(lib_a-wctomb_r.o)
                0x00000000080074aa                __ascii_wctomb
 *fill*         0x00000000080074c4        0x4 
 .text.floor    0x00000000080074c8      0x108 /mnt/mydisk/Augusto/Programs/st/stm32cubeide_1.4.0/plugins/com.st.stm32cube.ide.mcu.externaltools.gnu-tools-for-stm32.7-2018-q2-update.linux64_1.4.0.202007081208/tools/bin/../lib/gcc/arm-none-eabi/7.3.1/../../../../arm-none-eabi/lib/thumb/v7-m/libm.a(lib_a-s_floor.o)
                0x00000000080074c8                floor
 .text.acos     0x00000000080075d0       0xa8 /mnt/mydisk/Augusto/Programs/st/stm32cubeide_1.4.0/plugins/com.st.stm32cube.ide.mcu.externaltools.gnu-tools-for-stm32.7-2018-q2-update.linux64_1.4.0.202007081208/tools/bin/../lib/gcc/arm-none-eabi/7.3.1/../../../../arm-none-eabi/lib/thumb/v7-m/libm.a(lib_a-w_acos.o)
                0x00000000080075d0                acos
 .text.atan2    0x0000000008007678        0x4 /mnt/mydisk/Augusto/Programs/st/stm32cubeide_1.4.0/plugins/com.st.stm32cube.ide.mcu.externaltools.gnu-tools-for-stm32.7-2018-q2-update.linux64_1.4.0.202007081208/tools/bin/../lib/gcc/arm-none-eabi/7.3.1/../../../../arm-none-eabi/lib/thumb/v7-m/libm.a(lib_a-w_atan2.o)
                0x0000000008007678                atan2
 .text.pow      0x000000000800767c      0x2b8 /mnt/mydisk/Augusto/Programs/st/stm32cubeide_1.4.0/plugins/com.st.stm32cube.ide.mcu.externaltools.gnu-tools-for-stm32.7-2018-q2-update.linux64_1.4.0.202007081208/tools/bin/../lib/gcc/arm-none-eabi/7.3.1/../../../../arm-none-eabi/lib/thumb/v7-m/libm.a(lib_a-w_pow.o)
                0x000000000800767c                pow
 .text.sqrt     0x0000000008007934       0xa8 /mnt/mydisk/Augusto/Programs/st/stm32cubeide_1.4.0/plugins/com.st.stm32cube.ide.mcu.externaltools.gnu-tools-for-stm32.7-2018-q2-update.linux64_1.4.0.202007081208/tools/bin/../lib/gcc/arm-none-eabi/7.3.1/../../../../arm-none-eabi/lib/thumb/v7-m/libm.a(lib_a-w_sqrt.o)
                0x0000000008007934                sqrt
 *fill*         0x00000000080079dc        0x4 
 .text.__ieee754_acos
                0x00000000080079e0      0x498 /mnt/mydisk/Augusto/Programs/st/stm32cubeide_1.4.0/plugins/com.st.stm32cube.ide.mcu.externaltools.gnu-tools-for-stm32.7-2018-q2-update.linux64_1.4.0.202007081208/tools/bin/../lib/gcc/arm-none-eabi/7.3.1/../../../../arm-none-eabi/lib/thumb/v7-m/libm.a(lib_a-e_acos.o)
                0x00000000080079e0                __ieee754_acos
 .text.__ieee754_atan2
                0x0000000008007e78      0x1bc /mnt/mydisk/Augusto/Programs/st/stm32cubeide_1.4.0/plugins/com.st.stm32cube.ide.mcu.externaltools.gnu-tools-for-stm32.7-2018-q2-update.linux64_1.4.0.202007081208/tools/bin/../lib/gcc/arm-none-eabi/7.3.1/../../../../arm-none-eabi/lib/thumb/v7-m/libm.a(lib_a-e_atan2.o)
                0x0000000008007e78                __ieee754_atan2
 *fill*         0x0000000008008034        0x4 
 .text.__ieee754_pow
                0x0000000008008038      0xa14 /mnt/mydisk/Augusto/Programs/st/stm32cubeide_1.4.0/plugins/com.st.stm32cube.ide.mcu.externaltools.gnu-tools-for-stm32.7-2018-q2-update.linux64_1.4.0.202007081208/tools/bin/../lib/gcc/arm-none-eabi/7.3.1/../../../../arm-none-eabi/lib/thumb/v7-m/libm.a(lib_a-e_pow.o)
                0x0000000008008038                __ieee754_pow
 .text.__ieee754_sqrt
                0x0000000008008a4c      0x158 /mnt/mydisk/Augusto/Programs/st/stm32cubeide_1.4.0/plugins/com.st.stm32cube.ide.mcu.externaltools.gnu-tools-for-stm32.7-2018-q2-update.linux64_1.4.0.202007081208/tools/bin/../lib/gcc/arm-none-eabi/7.3.1/../../../../arm-none-eabi/lib/thumb/v7-m/libm.a(lib_a-e_sqrt.o)
                0x0000000008008a4c                __ieee754_sqrt
 *fill*         0x0000000008008ba4        0x4 
 .text.atan     0x0000000008008ba8      0x314 /mnt/mydisk/Augusto/Programs/st/stm32cubeide_1.4.0/plugins/com.st.stm32cube.ide.mcu.externaltools.gnu-tools-for-stm32.7-2018-q2-update.linux64_1.4.0.202007081208/tools/bin/../lib/gcc/arm-none-eabi/7.3.1/../../../../arm-none-eabi/lib/thumb/v7-m/libm.a(lib_a-s_atan.o)
                0x0000000008008ba8                atan
 .text.fabs     0x0000000008008ebc        0x8 /mnt/mydisk/Augusto/Programs/st/stm32cubeide_1.4.0/plugins/com.st.stm32cube.ide.mcu.externaltools.gnu-tools-for-stm32.7-2018-q2-update.linux64_1.4.0.202007081208/tools/bin/../lib/gcc/arm-none-eabi/7.3.1/../../../../arm-none-eabi/lib/thumb/v7-m/libm.a(lib_a-s_fabs.o)
                0x0000000008008ebc                fabs
 .text.finite   0x0000000008008ec4        0xc /mnt/mydisk/Augusto/Programs/st/stm32cubeide_1.4.0/plugins/com.st.stm32cube.ide.mcu.externaltools.gnu-tools-for-stm32.7-2018-q2-update.linux64_1.4.0.202007081208/tools/bin/../lib/gcc/arm-none-eabi/7.3.1/../../../../arm-none-eabi/lib/thumb/v7-m/libm.a(lib_a-s_finite.o)
                0x0000000008008ec4                finite
 .text.matherr  0x0000000008008ed0        0x4 /mnt/mydisk/Augusto/Programs/st/stm32cubeide_1.4.0/plugins/com.st.stm32cube.ide.mcu.externaltools.gnu-tools-for-stm32.7-2018-q2-update.linux64_1.4.0.202007081208/tools/bin/../lib/gcc/arm-none-eabi/7.3.1/../../../../arm-none-eabi/lib/thumb/v7-m/libm.a(lib_a-s_matherr.o)
                0x0000000008008ed0                matherr
 .text.nan      0x0000000008008ed4        0xc /mnt/mydisk/Augusto/Programs/st/stm32cubeide_1.4.0/plugins/com.st.stm32cube.ide.mcu.externaltools.gnu-tools-for-stm32.7-2018-q2-update.linux64_1.4.0.202007081208/tools/bin/../lib/gcc/arm-none-eabi/7.3.1/../../../../arm-none-eabi/lib/thumb/v7-m/libm.a(lib_a-s_nan.o)
                0x0000000008008ed4                nan
 .text.rint     0x0000000008008ee0      0x114 /mnt/mydisk/Augusto/Programs/st/stm32cubeide_1.4.0/plugins/com.st.stm32cube.ide.mcu.externaltools.gnu-tools-for-stm32.7-2018-q2-update.linux64_1.4.0.202007081208/tools/bin/../lib/gcc/arm-none-eabi/7.3.1/../../../../arm-none-eabi/lib/thumb/v7-m/libm.a(lib_a-s_rint.o)
                0x0000000008008ee0                rint
 *fill*         0x0000000008008ff4        0x4 
 .text.scalbn   0x0000000008008ff8       0xdc /mnt/mydisk/Augusto/Programs/st/stm32cubeide_1.4.0/plugins/com.st.stm32cube.ide.mcu.externaltools.gnu-tools-for-stm32.7-2018-q2-update.linux64_1.4.0.202007081208/tools/bin/../lib/gcc/arm-none-eabi/7.3.1/../../../../arm-none-eabi/lib/thumb/v7-m/libm.a(lib_a-s_scalbn.o)
                0x0000000008008ff8                scalbn
 .text.copysign
                0x00000000080090d4       0x12 /mnt/mydisk/Augusto/Programs/st/stm32cubeide_1.4.0/plugins/com.st.stm32cube.ide.mcu.externaltools.gnu-tools-for-stm32.7-2018-q2-update.linux64_1.4.0.202007081208/tools/bin/../lib/gcc/arm-none-eabi/7.3.1/../../../../arm-none-eabi/lib/thumb/v7-m/libm.a(lib_a-s_copysign.o)
                0x00000000080090d4                copysign
 *(.glue_7)
 .glue_7        0x00000000080090e6        0x0 linker stubs
 *(.glue_7t)
 .glue_7t       0x00000000080090e6        0x0 linker stubs
 *(.eh_frame)
 *fill*         0x00000000080090e6        0x2 
 .eh_frame      0x00000000080090e8        0x0 /mnt/mydisk/Augusto/Programs/st/stm32cubeide_1.4.0/plugins/com.st.stm32cube.ide.mcu.externaltools.gnu-tools-for-stm32.7-2018-q2-update.linux64_1.4.0.202007081208/tools/bin/../lib/gcc/arm-none-eabi/7.3.1/thumb/v7-m/crtbegin.o
 *(.init)
 .init          0x00000000080090e8        0x4 /mnt/mydisk/Augusto/Programs/st/stm32cubeide_1.4.0/plugins/com.st.stm32cube.ide.mcu.externaltools.gnu-tools-for-stm32.7-2018-q2-update.linux64_1.4.0.202007081208/tools/bin/../lib/gcc/arm-none-eabi/7.3.1/thumb/v7-m/crti.o
                0x00000000080090e8                _init
 .init          0x00000000080090ec        0x8 /mnt/mydisk/Augusto/Programs/st/stm32cubeide_1.4.0/plugins/com.st.stm32cube.ide.mcu.externaltools.gnu-tools-for-stm32.7-2018-q2-update.linux64_1.4.0.202007081208/tools/bin/../lib/gcc/arm-none-eabi/7.3.1/thumb/v7-m/crtn.o
 *(.fini)
 .fini          0x00000000080090f4        0x4 /mnt/mydisk/Augusto/Programs/st/stm32cubeide_1.4.0/plugins/com.st.stm32cube.ide.mcu.externaltools.gnu-tools-for-stm32.7-2018-q2-update.linux64_1.4.0.202007081208/tools/bin/../lib/gcc/arm-none-eabi/7.3.1/thumb/v7-m/crti.o
                0x00000000080090f4                _fini
 .fini          0x00000000080090f8        0x8 /mnt/mydisk/Augusto/Programs/st/stm32cubeide_1.4.0/plugins/com.st.stm32cube.ide.mcu.externaltools.gnu-tools-for-stm32.7-2018-q2-update.linux64_1.4.0.202007081208/tools/bin/../lib/gcc/arm-none-eabi/7.3.1/thumb/v7-m/crtn.o
                0x0000000008009100                . = ALIGN (0x4)
                0x0000000008009100                _etext = .

.vfp11_veneer   0x0000000008009100        0x0
 .vfp11_veneer  0x0000000008009100        0x0 linker stubs

.v4_bx          0x0000000008009100        0x0
 .v4_bx         0x0000000008009100        0x0 linker stubs

.iplt           0x0000000008009100        0x0
 .iplt          0x0000000008009100        0x0 /mnt/mydisk/Augusto/Programs/st/stm32cubeide_1.4.0/plugins/com.st.stm32cube.ide.mcu.externaltools.gnu-tools-for-stm32.7-2018-q2-update.linux64_1.4.0.202007081208/tools/bin/../lib/gcc/arm-none-eabi/7.3.1/thumb/v7-m/crtbegin.o

.rodata         0x0000000008009100      0x1f0
                0x0000000008009100                . = ALIGN (0x4)
 *(.rodata)
 .rodata        0x0000000008009100       0x22 Core/Src/main.o
 *fill*         0x0000000008009122        0x2 
 .rodata        0x0000000008009124       0x12 Drivers/STM32F1xx_HAL_Driver/Src/stm32f1xx_hal_rcc.o
 *(.rodata*)
 *fill*         0x0000000008009136        0x2 
 .rodata.AHBPrescTable
                0x0000000008009138       0x10 Core/Src/system_stm32f1xx.o
                0x0000000008009138                AHBPrescTable
 .rodata.APBPrescTable
                0x0000000008009148        0x8 Core/Src/system_stm32f1xx.o
                0x0000000008009148                APBPrescTable
 .rodata._setlocale_r.str1.1
                0x0000000008009150        0x8 /mnt/mydisk/Augusto/Programs/st/stm32cubeide_1.4.0/plugins/com.st.stm32cube.ide.mcu.externaltools.gnu-tools-for-stm32.7-2018-q2-update.linux64_1.4.0.202007081208/tools/bin/../lib/gcc/arm-none-eabi/7.3.1/../../../../arm-none-eabi/lib/thumb/v7-m/libc_nano.a(lib_a-locale.o)
                                          0x9 (size before relaxing)
 .rodata.str1.1
                0x0000000008009158        0x2 /mnt/mydisk/Augusto/Programs/st/stm32cubeide_1.4.0/plugins/com.st.stm32cube.ide.mcu.externaltools.gnu-tools-for-stm32.7-2018-q2-update.linux64_1.4.0.202007081208/tools/bin/../lib/gcc/arm-none-eabi/7.3.1/../../../../arm-none-eabi/lib/thumb/v7-m/libc_nano.a(lib_a-locale.o)
 .rodata._ctype_
                0x000000000800915a      0x101 /mnt/mydisk/Augusto/Programs/st/stm32cubeide_1.4.0/plugins/com.st.stm32cube.ide.mcu.externaltools.gnu-tools-for-stm32.7-2018-q2-update.linux64_1.4.0.202007081208/tools/bin/../lib/gcc/arm-none-eabi/7.3.1/../../../../arm-none-eabi/lib/thumb/v7-m/libc_nano.a(lib_a-ctype_.o)
                0x000000000800915a                _ctype_
 .rodata.acos.str1.1
                0x000000000800925b        0x5 /mnt/mydisk/Augusto/Programs/st/stm32cubeide_1.4.0/plugins/com.st.stm32cube.ide.mcu.externaltools.gnu-tools-for-stm32.7-2018-q2-update.linux64_1.4.0.202007081208/tools/bin/../lib/gcc/arm-none-eabi/7.3.1/../../../../arm-none-eabi/lib/thumb/v7-m/libm.a(lib_a-w_acos.o)
                                          0x6 (size before relaxing)
 .rodata.pow.str1.1
                0x0000000008009260        0x4 /mnt/mydisk/Augusto/Programs/st/stm32cubeide_1.4.0/plugins/com.st.stm32cube.ide.mcu.externaltools.gnu-tools-for-stm32.7-2018-q2-update.linux64_1.4.0.202007081208/tools/bin/../lib/gcc/arm-none-eabi/7.3.1/../../../../arm-none-eabi/lib/thumb/v7-m/libm.a(lib_a-w_pow.o)
 .rodata.sqrt.str1.1
                0x0000000008009264        0x5 /mnt/mydisk/Augusto/Programs/st/stm32cubeide_1.4.0/plugins/com.st.stm32cube.ide.mcu.externaltools.gnu-tools-for-stm32.7-2018-q2-update.linux64_1.4.0.202007081208/tools/bin/../lib/gcc/arm-none-eabi/7.3.1/../../../../arm-none-eabi/lib/thumb/v7-m/libm.a(lib_a-w_sqrt.o)
 .rodata.__ieee754_pow.str1.1
                0x0000000008009269        0x1 /mnt/mydisk/Augusto/Programs/st/stm32cubeide_1.4.0/plugins/com.st.stm32cube.ide.mcu.externaltools.gnu-tools-for-stm32.7-2018-q2-update.linux64_1.4.0.202007081208/tools/bin/../lib/gcc/arm-none-eabi/7.3.1/../../../../arm-none-eabi/lib/thumb/v7-m/libm.a(lib_a-e_pow.o)
 *fill*         0x0000000008009269        0x7 
 .rodata.bp     0x0000000008009270       0x10 /mnt/mydisk/Augusto/Programs/st/stm32cubeide_1.4.0/plugins/com.st.stm32cube.ide.mcu.externaltools.gnu-tools-for-stm32.7-2018-q2-update.linux64_1.4.0.202007081208/tools/bin/../lib/gcc/arm-none-eabi/7.3.1/../../../../arm-none-eabi/lib/thumb/v7-m/libm.a(lib_a-e_pow.o)
 .rodata.dp_h   0x0000000008009280       0x10 /mnt/mydisk/Augusto/Programs/st/stm32cubeide_1.4.0/plugins/com.st.stm32cube.ide.mcu.externaltools.gnu-tools-for-stm32.7-2018-q2-update.linux64_1.4.0.202007081208/tools/bin/../lib/gcc/arm-none-eabi/7.3.1/../../../../arm-none-eabi/lib/thumb/v7-m/libm.a(lib_a-e_pow.o)
 .rodata.dp_l   0x0000000008009290       0x10 /mnt/mydisk/Augusto/Programs/st/stm32cubeide_1.4.0/plugins/com.st.stm32cube.ide.mcu.externaltools.gnu-tools-for-stm32.7-2018-q2-update.linux64_1.4.0.202007081208/tools/bin/../lib/gcc/arm-none-eabi/7.3.1/../../../../arm-none-eabi/lib/thumb/v7-m/libm.a(lib_a-e_pow.o)
 .rodata.atanhi
                0x00000000080092a0       0x20 /mnt/mydisk/Augusto/Programs/st/stm32cubeide_1.4.0/plugins/com.st.stm32cube.ide.mcu.externaltools.gnu-tools-for-stm32.7-2018-q2-update.linux64_1.4.0.202007081208/tools/bin/../lib/gcc/arm-none-eabi/7.3.1/../../../../arm-none-eabi/lib/thumb/v7-m/libm.a(lib_a-s_atan.o)
 .rodata.atanlo
                0x00000000080092c0       0x20 /mnt/mydisk/Augusto/Programs/st/stm32cubeide_1.4.0/plugins/com.st.stm32cube.ide.mcu.externaltools.gnu-tools-for-stm32.7-2018-q2-update.linux64_1.4.0.202007081208/tools/bin/../lib/gcc/arm-none-eabi/7.3.1/../../../../arm-none-eabi/lib/thumb/v7-m/libm.a(lib_a-s_atan.o)
 .rodata.TWO52  0x00000000080092e0       0x10 /mnt/mydisk/Augusto/Programs/st/stm32cubeide_1.4.0/plugins/com.st.stm32cube.ide.mcu.externaltools.gnu-tools-for-stm32.7-2018-q2-update.linux64_1.4.0.202007081208/tools/bin/../lib/gcc/arm-none-eabi/7.3.1/../../../../arm-none-eabi/lib/thumb/v7-m/libm.a(lib_a-s_rint.o)
                0x00000000080092f0                . = ALIGN (0x4)

.rel.dyn        0x00000000080092f0        0x0
 .rel.iplt      0x00000000080092f0        0x0 /mnt/mydisk/Augusto/Programs/st/stm32cubeide_1.4.0/plugins/com.st.stm32cube.ide.mcu.externaltools.gnu-tools-for-stm32.7-2018-q2-update.linux64_1.4.0.202007081208/tools/bin/../lib/gcc/arm-none-eabi/7.3.1/thumb/v7-m/crtbegin.o

.ARM.extab      0x00000000080092f0        0x0
                0x00000000080092f0                . = ALIGN (0x4)
 *(.ARM.extab* .gnu.linkonce.armextab.*)
                0x00000000080092f0                . = ALIGN (0x4)

.ARM            0x00000000080092f0        0x0
                0x00000000080092f0                . = ALIGN (0x4)
                0x00000000080092f0                __exidx_start = .
 *(.ARM.exidx*)
                0x00000000080092f0                __exidx_end = .
                0x00000000080092f0                . = ALIGN (0x4)

.preinit_array  0x00000000080092f0        0x0
                0x00000000080092f0                . = ALIGN (0x4)
                0x00000000080092f0                PROVIDE (__preinit_array_start = .)
 *(.preinit_array*)
                0x00000000080092f0                PROVIDE (__preinit_array_end = .)
                0x00000000080092f0                . = ALIGN (0x4)

.init_array     0x00000000080092f0        0x4
                0x00000000080092f0                . = ALIGN (0x4)
                0x00000000080092f0                PROVIDE (__init_array_start = .)
 *(SORT_BY_NAME(.init_array.*))
 *(.init_array*)
 .init_array    0x00000000080092f0        0x4 /mnt/mydisk/Augusto/Programs/st/stm32cubeide_1.4.0/plugins/com.st.stm32cube.ide.mcu.externaltools.gnu-tools-for-stm32.7-2018-q2-update.linux64_1.4.0.202007081208/tools/bin/../lib/gcc/arm-none-eabi/7.3.1/thumb/v7-m/crtbegin.o
                0x00000000080092f4                PROVIDE (__init_array_end = .)
                0x00000000080092f4                . = ALIGN (0x4)

.fini_array     0x00000000080092f4        0x4
                0x00000000080092f4                . = ALIGN (0x4)
                [!provide]                        PROVIDE (__fini_array_start = .)
 *(SORT_BY_NAME(.fini_array.*))
 *(.fini_array*)
 .fini_array    0x00000000080092f4        0x4 /mnt/mydisk/Augusto/Programs/st/stm32cubeide_1.4.0/plugins/com.st.stm32cube.ide.mcu.externaltools.gnu-tools-for-stm32.7-2018-q2-update.linux64_1.4.0.202007081208/tools/bin/../lib/gcc/arm-none-eabi/7.3.1/thumb/v7-m/crtbegin.o
                [!provide]                        PROVIDE (__fini_array_end = .)
                0x00000000080092f8                . = ALIGN (0x4)
                0x00000000080092f8                _sidata = LOADADDR (.data)

.data           0x0000000020000000      0x1f8 load address 0x00000000080092f8
                0x0000000020000000                . = ALIGN (0x4)
                0x0000000020000000                _sdata = .
 *(.data)
 *(.data*)
 .data.refAngles
                0x0000000020000000       0x18 Core/Src/main.o
                0x0000000020000000                refAngles
 .data.SystemCoreClock
                0x0000000020000018        0x4 Core/Src/system_stm32f1xx.o
                0x0000000020000018                SystemCoreClock
 .data.uwTickPrio
                0x000000002000001c        0x4 Drivers/STM32F1xx_HAL_Driver/Src/stm32f1xx_hal.o
                0x000000002000001c                uwTickPrio
 .data.uwTickFreq
                0x0000000020000020        0x1 Drivers/STM32F1xx_HAL_Driver/Src/stm32f1xx_hal.o
                0x0000000020000020                uwTickFreq
 *fill*         0x0000000020000021        0x3 
 .data._impure_ptr
                0x0000000020000024        0x4 /mnt/mydisk/Augusto/Programs/st/stm32cubeide_1.4.0/plugins/com.st.stm32cube.ide.mcu.externaltools.gnu-tools-for-stm32.7-2018-q2-update.linux64_1.4.0.202007081208/tools/bin/../lib/gcc/arm-none-eabi/7.3.1/../../../../arm-none-eabi/lib/thumb/v7-m/libc_nano.a(lib_a-impure.o)
                0x0000000020000024                _impure_ptr
 .data.impure_data
                0x0000000020000028       0x60 /mnt/mydisk/Augusto/Programs/st/stm32cubeide_1.4.0/plugins/com.st.stm32cube.ide.mcu.externaltools.gnu-tools-for-stm32.7-2018-q2-update.linux64_1.4.0.202007081208/tools/bin/../lib/gcc/arm-none-eabi/7.3.1/../../../../arm-none-eabi/lib/thumb/v7-m/libc_nano.a(lib_a-impure.o)
 .data.__global_locale
                0x0000000020000088      0x16c /mnt/mydisk/Augusto/Programs/st/stm32cubeide_1.4.0/plugins/com.st.stm32cube.ide.mcu.externaltools.gnu-tools-for-stm32.7-2018-q2-update.linux64_1.4.0.202007081208/tools/bin/../lib/gcc/arm-none-eabi/7.3.1/../../../../arm-none-eabi/lib/thumb/v7-m/libc_nano.a(lib_a-locale.o)
                0x0000000020000088                __global_locale
 .data.__fdlib_version
                0x00000000200001f4        0x1 /mnt/mydisk/Augusto/Programs/st/stm32cubeide_1.4.0/plugins/com.st.stm32cube.ide.mcu.externaltools.gnu-tools-for-stm32.7-2018-q2-update.linux64_1.4.0.202007081208/tools/bin/../lib/gcc/arm-none-eabi/7.3.1/../../../../arm-none-eabi/lib/thumb/v7-m/libm.a(lib_a-s_lib_ver.o)
                0x00000000200001f4                __fdlib_version
                0x00000000200001f8                . = ALIGN (0x4)
 *fill*         0x00000000200001f5        0x3 
                0x00000000200001f8                _edata = .

.igot.plt       0x00000000200001f8        0x0 load address 0x00000000080094f0
 .igot.plt      0x00000000200001f8        0x0 /mnt/mydisk/Augusto/Programs/st/stm32cubeide_1.4.0/plugins/com.st.stm32cube.ide.mcu.externaltools.gnu-tools-for-stm32.7-2018-q2-update.linux64_1.4.0.202007081208/tools/bin/../lib/gcc/arm-none-eabi/7.3.1/thumb/v7-m/crtbegin.o
                0x00000000200001f8                . = ALIGN (0x4)

.bss            0x00000000200001f8      0x2d0 load address 0x00000000080094f0
                0x00000000200001f8                _sbss = .
                0x00000000200001f8                __bss_start__ = _sbss
 *(.bss)
 .bss           0x00000000200001f8       0x1c /mnt/mydisk/Augusto/Programs/st/stm32cubeide_1.4.0/plugins/com.st.stm32cube.ide.mcu.externaltools.gnu-tools-for-stm32.7-2018-q2-update.linux64_1.4.0.202007081208/tools/bin/../lib/gcc/arm-none-eabi/7.3.1/thumb/v7-m/crtbegin.o
 *(.bss*)
 .bss.flagRx    0x0000000020000214        0x1 Core/Src/main.o
                0x0000000020000214                flagRx
 .bss.indRx     0x0000000020000215        0x1 Core/Src/main.o
                0x0000000020000215                indRx
 *fill*         0x0000000020000216        0x2 
 .bss.alpha.8993
                0x0000000020000218        0x4 Core/Src/spider.o
 .bss.beta.8994
                0x000000002000021c        0x4 Core/Src/spider.o
 .bss.gamma.8995
                0x0000000020000220        0x4 Core/Src/spider.o
 *(COMMON)
 COMMON         0x0000000020000224       0x54 Core/Src/i2c.o
                0x0000000020000224                hi2c1
 COMMON         0x0000000020000278      0x134 Core/Src/main.o
                0x0000000020000278                activeServo
                0x000000002000027c                expectedPos
                0x00000000200002ac                anglePos
                0x00000000200002c4                REF
                0x00000000200002c8                tempSpeed
                0x00000000200002f8                command
                0x0000000020000320                state
                0x0000000020000324                rest_counter
                0x0000000020000328                USART_RxStream
                0x0000000020000350                moveSpeed
                0x0000000020000354                actualPos
                0x0000000020000384                USART_TxStream
 COMMON         0x00000000200003ac        0x4 Core/Src/pca9685.o
                0x00000000200003ac                pca9685_i2c
 COMMON         0x00000000200003b0       0x90 Core/Src/tim.o
                0x00000000200003b0                htim3
                0x00000000200003f8                htim2
 COMMON         0x0000000020000440       0x84 Core/Src/usart.o
                0x0000000020000440                hdma_usart1_rx
                0x0000000020000484                huart1
 COMMON         0x00000000200004c4        0x4 Drivers/STM32F1xx_HAL_Driver/Src/stm32f1xx_hal.o
                0x00000000200004c4                uwTick
                0x00000000200004c8                . = ALIGN (0x4)
                0x00000000200004c8                _ebss = .
                0x00000000200004c8                __bss_end__ = _ebss

._user_heap_stack
                0x00000000200004c8      0x600 load address 0x00000000080094f0
                0x00000000200004c8                . = ALIGN (0x8)
                [!provide]                        PROVIDE (end = .)
                0x00000000200004c8                PROVIDE (_end = .)
                0x00000000200006c8                . = (. + _Min_Heap_Size)
 *fill*         0x00000000200004c8      0x200 
                0x0000000020000ac8                . = (. + _Min_Stack_Size)
 *fill*         0x00000000200006c8      0x400 
                0x0000000020000ac8                . = ALIGN (0x8)

/DISCARD/
 libc.a(*)
 libm.a(*)
 libgcc.a(*)

.ARM.attributes
                0x0000000000000000       0x29
 *(.ARM.attributes)
 .ARM.attributes
                0x0000000000000000       0x1d /mnt/mydisk/Augusto/Programs/st/stm32cubeide_1.4.0/plugins/com.st.stm32cube.ide.mcu.externaltools.gnu-tools-for-stm32.7-2018-q2-update.linux64_1.4.0.202007081208/tools/bin/../lib/gcc/arm-none-eabi/7.3.1/thumb/v7-m/crti.o
 .ARM.attributes
                0x000000000000001d       0x2d /mnt/mydisk/Augusto/Programs/st/stm32cubeide_1.4.0/plugins/com.st.stm32cube.ide.mcu.externaltools.gnu-tools-for-stm32.7-2018-q2-update.linux64_1.4.0.202007081208/tools/bin/../lib/gcc/arm-none-eabi/7.3.1/thumb/v7-m/crtbegin.o
 .ARM.attributes
                0x000000000000004a       0x33 Core/Src/dma.o
 .ARM.attributes
                0x000000000000007d       0x33 Core/Src/gpio.o
 .ARM.attributes
                0x00000000000000b0       0x33 Core/Src/i2c.o
 .ARM.attributes
                0x00000000000000e3       0x33 Core/Src/main.o
 .ARM.attributes
                0x0000000000000116       0x33 Core/Src/pca9685.o
 .ARM.attributes
                0x0000000000000149       0x33 Core/Src/spider.o
 .ARM.attributes
                0x000000000000017c       0x33 Core/Src/stm32f1xx_hal_msp.o
 .ARM.attributes
                0x00000000000001af       0x33 Core/Src/stm32f1xx_it.o
 .ARM.attributes
                0x00000000000001e2       0x33 Core/Src/system_stm32f1xx.o
 .ARM.attributes
                0x0000000000000215       0x33 Core/Src/tim.o
 .ARM.attributes
                0x0000000000000248       0x33 Core/Src/usart.o
 .ARM.attributes
                0x000000000000027b       0x21 Core/Startup/startup_stm32f103c8tx.o
 .ARM.attributes
                0x000000000000029c       0x33 Drivers/STM32F1xx_HAL_Driver/Src/stm32f1xx_hal.o
 .ARM.attributes
                0x00000000000002cf       0x33 Drivers/STM32F1xx_HAL_Driver/Src/stm32f1xx_hal_cortex.o
 .ARM.attributes
                0x0000000000000302       0x33 Drivers/STM32F1xx_HAL_Driver/Src/stm32f1xx_hal_dma.o
 .ARM.attributes
                0x0000000000000335       0x33 Drivers/STM32F1xx_HAL_Driver/Src/stm32f1xx_hal_gpio.o
 .ARM.attributes
                0x0000000000000368       0x33 Drivers/STM32F1xx_HAL_Driver/Src/stm32f1xx_hal_i2c.o
 .ARM.attributes
                0x000000000000039b       0x33 Drivers/STM32F1xx_HAL_Driver/Src/stm32f1xx_hal_rcc.o
 .ARM.attributes
                0x00000000000003ce       0x33 Drivers/STM32F1xx_HAL_Driver/Src/stm32f1xx_hal_tim.o
 .ARM.attributes
                0x0000000000000401       0x33 Drivers/STM32F1xx_HAL_Driver/Src/stm32f1xx_hal_tim_ex.o
 .ARM.attributes
                0x0000000000000434       0x33 Drivers/STM32F1xx_HAL_Driver/Src/stm32f1xx_hal_uart.o
 .ARM.attributes
                0x0000000000000467       0x2d /mnt/mydisk/Augusto/Programs/st/stm32cubeide_1.4.0/plugins/com.st.stm32cube.ide.mcu.externaltools.gnu-tools-for-stm32.7-2018-q2-update.linux64_1.4.0.202007081208/tools/bin/../lib/gcc/arm-none-eabi/7.3.1/../../../../arm-none-eabi/lib/thumb/v7-m/libc_nano.a(lib_a-atoi.o)
 .ARM.attributes
                0x0000000000000494       0x2d /mnt/mydisk/Augusto/Programs/st/stm32cubeide_1.4.0/plugins/com.st.stm32cube.ide.mcu.externaltools.gnu-tools-for-stm32.7-2018-q2-update.linux64_1.4.0.202007081208/tools/bin/../lib/gcc/arm-none-eabi/7.3.1/../../../../arm-none-eabi/lib/thumb/v7-m/libc_nano.a(lib_a-errno.o)
 .ARM.attributes
                0x00000000000004c1       0x2d /mnt/mydisk/Augusto/Programs/st/stm32cubeide_1.4.0/plugins/com.st.stm32cube.ide.mcu.externaltools.gnu-tools-for-stm32.7-2018-q2-update.linux64_1.4.0.202007081208/tools/bin/../lib/gcc/arm-none-eabi/7.3.1/../../../../arm-none-eabi/lib/thumb/v7-m/libc_nano.a(lib_a-impure.o)
 .ARM.attributes
                0x00000000000004ee       0x2d /mnt/mydisk/Augusto/Programs/st/stm32cubeide_1.4.0/plugins/com.st.stm32cube.ide.mcu.externaltools.gnu-tools-for-stm32.7-2018-q2-update.linux64_1.4.0.202007081208/tools/bin/../lib/gcc/arm-none-eabi/7.3.1/../../../../arm-none-eabi/lib/thumb/v7-m/libc_nano.a(lib_a-init.o)
 .ARM.attributes
                0x000000000000051b       0x2d /mnt/mydisk/Augusto/Programs/st/stm32cubeide_1.4.0/plugins/com.st.stm32cube.ide.mcu.externaltools.gnu-tools-for-stm32.7-2018-q2-update.linux64_1.4.0.202007081208/tools/bin/../lib/gcc/arm-none-eabi/7.3.1/../../../../arm-none-eabi/lib/thumb/v7-m/libc_nano.a(lib_a-memset.o)
 .ARM.attributes
                0x0000000000000548       0x2d /mnt/mydisk/Augusto/Programs/st/stm32cubeide_1.4.0/plugins/com.st.stm32cube.ide.mcu.externaltools.gnu-tools-for-stm32.7-2018-q2-update.linux64_1.4.0.202007081208/tools/bin/../lib/gcc/arm-none-eabi/7.3.1/../../../../arm-none-eabi/lib/thumb/v7-m/libc_nano.a(lib_a-strtol.o)
 .ARM.attributes
                0x0000000000000575       0x2d /mnt/mydisk/Augusto/Programs/st/stm32cubeide_1.4.0/plugins/com.st.stm32cube.ide.mcu.externaltools.gnu-tools-for-stm32.7-2018-q2-update.linux64_1.4.0.202007081208/tools/bin/../lib/gcc/arm-none-eabi/7.3.1/../../../../arm-none-eabi/lib/thumb/v7-m/libc_nano.a(lib_a-locale.o)
 .ARM.attributes
                0x00000000000005a2       0x2d /mnt/mydisk/Augusto/Programs/st/stm32cubeide_1.4.0/plugins/com.st.stm32cube.ide.mcu.externaltools.gnu-tools-for-stm32.7-2018-q2-update.linux64_1.4.0.202007081208/tools/bin/../lib/gcc/arm-none-eabi/7.3.1/../../../../arm-none-eabi/lib/thumb/v7-m/libc_nano.a(lib_a-mbtowc_r.o)
 .ARM.attributes
                0x00000000000005cf       0x2d /mnt/mydisk/Augusto/Programs/st/stm32cubeide_1.4.0/plugins/com.st.stm32cube.ide.mcu.externaltools.gnu-tools-for-stm32.7-2018-q2-update.linux64_1.4.0.202007081208/tools/bin/../lib/gcc/arm-none-eabi/7.3.1/../../../../arm-none-eabi/lib/thumb/v7-m/libc_nano.a(lib_a-wctomb_r.o)
 .ARM.attributes
                0x00000000000005fc       0x2d /mnt/mydisk/Augusto/Programs/st/stm32cubeide_1.4.0/plugins/com.st.stm32cube.ide.mcu.externaltools.gnu-tools-for-stm32.7-2018-q2-update.linux64_1.4.0.202007081208/tools/bin/../lib/gcc/arm-none-eabi/7.3.1/../../../../arm-none-eabi/lib/thumb/v7-m/libc_nano.a(lib_a-ctype_.o)
 .ARM.attributes
                0x0000000000000629       0x2d /mnt/mydisk/Augusto/Programs/st/stm32cubeide_1.4.0/plugins/com.st.stm32cube.ide.mcu.externaltools.gnu-tools-for-stm32.7-2018-q2-update.linux64_1.4.0.202007081208/tools/bin/../lib/gcc/arm-none-eabi/7.3.1/../../../../arm-none-eabi/lib/thumb/v7-m/libm.a(lib_a-s_floor.o)
 .ARM.attributes
                0x0000000000000656       0x2d /mnt/mydisk/Augusto/Programs/st/stm32cubeide_1.4.0/plugins/com.st.stm32cube.ide.mcu.externaltools.gnu-tools-for-stm32.7-2018-q2-update.linux64_1.4.0.202007081208/tools/bin/../lib/gcc/arm-none-eabi/7.3.1/../../../../arm-none-eabi/lib/thumb/v7-m/libm.a(lib_a-w_acos.o)
 .ARM.attributes
                0x0000000000000683       0x2d /mnt/mydisk/Augusto/Programs/st/stm32cubeide_1.4.0/plugins/com.st.stm32cube.ide.mcu.externaltools.gnu-tools-for-stm32.7-2018-q2-update.linux64_1.4.0.202007081208/tools/bin/../lib/gcc/arm-none-eabi/7.3.1/../../../../arm-none-eabi/lib/thumb/v7-m/libm.a(lib_a-w_atan2.o)
 .ARM.attributes
                0x00000000000006b0       0x2d /mnt/mydisk/Augusto/Programs/st/stm32cubeide_1.4.0/plugins/com.st.stm32cube.ide.mcu.externaltools.gnu-tools-for-stm32.7-2018-q2-update.linux64_1.4.0.202007081208/tools/bin/../lib/gcc/arm-none-eabi/7.3.1/../../../../arm-none-eabi/lib/thumb/v7-m/libm.a(lib_a-w_pow.o)
 .ARM.attributes
                0x00000000000006dd       0x2d /mnt/mydisk/Augusto/Programs/st/stm32cubeide_1.4.0/plugins/com.st.stm32cube.ide.mcu.externaltools.gnu-tools-for-stm32.7-2018-q2-update.linux64_1.4.0.202007081208/tools/bin/../lib/gcc/arm-none-eabi/7.3.1/../../../../arm-none-eabi/lib/thumb/v7-m/libm.a(lib_a-w_sqrt.o)
 .ARM.attributes
                0x000000000000070a       0x2d /mnt/mydisk/Augusto/Programs/st/stm32cubeide_1.4.0/plugins/com.st.stm32cube.ide.mcu.externaltools.gnu-tools-for-stm32.7-2018-q2-update.linux64_1.4.0.202007081208/tools/bin/../lib/gcc/arm-none-eabi/7.3.1/../../../../arm-none-eabi/lib/thumb/v7-m/libm.a(lib_a-e_acos.o)
 .ARM.attributes
                0x0000000000000737       0x2d /mnt/mydisk/Augusto/Programs/st/stm32cubeide_1.4.0/plugins/com.st.stm32cube.ide.mcu.externaltools.gnu-tools-for-stm32.7-2018-q2-update.linux64_1.4.0.202007081208/tools/bin/../lib/gcc/arm-none-eabi/7.3.1/../../../../arm-none-eabi/lib/thumb/v7-m/libm.a(lib_a-e_atan2.o)
 .ARM.attributes
                0x0000000000000764       0x2d /mnt/mydisk/Augusto/Programs/st/stm32cubeide_1.4.0/plugins/com.st.stm32cube.ide.mcu.externaltools.gnu-tools-for-stm32.7-2018-q2-update.linux64_1.4.0.202007081208/tools/bin/../lib/gcc/arm-none-eabi/7.3.1/../../../../arm-none-eabi/lib/thumb/v7-m/libm.a(lib_a-e_pow.o)
 .ARM.attributes
                0x0000000000000791       0x2d /mnt/mydisk/Augusto/Programs/st/stm32cubeide_1.4.0/plugins/com.st.stm32cube.ide.mcu.externaltools.gnu-tools-for-stm32.7-2018-q2-update.linux64_1.4.0.202007081208/tools/bin/../lib/gcc/arm-none-eabi/7.3.1/../../../../arm-none-eabi/lib/thumb/v7-m/libm.a(lib_a-e_sqrt.o)
 .ARM.attributes
                0x00000000000007be       0x2d /mnt/mydisk/Augusto/Programs/st/stm32cubeide_1.4.0/plugins/com.st.stm32cube.ide.mcu.externaltools.gnu-tools-for-stm32.7-2018-q2-update.linux64_1.4.0.202007081208/tools/bin/../lib/gcc/arm-none-eabi/7.3.1/../../../../arm-none-eabi/lib/thumb/v7-m/libm.a(lib_a-s_atan.o)
 .ARM.attributes
                0x00000000000007eb       0x2d /mnt/mydisk/Augusto/Programs/st/stm32cubeide_1.4.0/plugins/com.st.stm32cube.ide.mcu.externaltools.gnu-tools-for-stm32.7-2018-q2-update.linux64_1.4.0.202007081208/tools/bin/../lib/gcc/arm-none-eabi/7.3.1/../../../../arm-none-eabi/lib/thumb/v7-m/libm.a(lib_a-s_fabs.o)
 .ARM.attributes
                0x0000000000000818       0x2d /mnt/mydisk/Augusto/Programs/st/stm32cubeide_1.4.0/plugins/com.st.stm32cube.ide.mcu.externaltools.gnu-tools-for-stm32.7-2018-q2-update.linux64_1.4.0.202007081208/tools/bin/../lib/gcc/arm-none-eabi/7.3.1/../../../../arm-none-eabi/lib/thumb/v7-m/libm.a(lib_a-s_finite.o)
 .ARM.attributes
                0x0000000000000845       0x2d /mnt/mydisk/Augusto/Programs/st/stm32cubeide_1.4.0/plugins/com.st.stm32cube.ide.mcu.externaltools.gnu-tools-for-stm32.7-2018-q2-update.linux64_1.4.0.202007081208/tools/bin/../lib/gcc/arm-none-eabi/7.3.1/../../../../arm-none-eabi/lib/thumb/v7-m/libm.a(lib_a-s_lib_ver.o)
 .ARM.attributes
                0x0000000000000872       0x2d /mnt/mydisk/Augusto/Programs/st/stm32cubeide_1.4.0/plugins/com.st.stm32cube.ide.mcu.externaltools.gnu-tools-for-stm32.7-2018-q2-update.linux64_1.4.0.202007081208/tools/bin/../lib/gcc/arm-none-eabi/7.3.1/../../../../arm-none-eabi/lib/thumb/v7-m/libm.a(lib_a-s_matherr.o)
 .ARM.attributes
                0x000000000000089f       0x2d /mnt/mydisk/Augusto/Programs/st/stm32cubeide_1.4.0/plugins/com.st.stm32cube.ide.mcu.externaltools.gnu-tools-for-stm32.7-2018-q2-update.linux64_1.4.0.202007081208/tools/bin/../lib/gcc/arm-none-eabi/7.3.1/../../../../arm-none-eabi/lib/thumb/v7-m/libm.a(lib_a-s_nan.o)
 .ARM.attributes
                0x00000000000008cc       0x2d /mnt/mydisk/Augusto/Programs/st/stm32cubeide_1.4.0/plugins/com.st.stm32cube.ide.mcu.externaltools.gnu-tools-for-stm32.7-2018-q2-update.linux64_1.4.0.202007081208/tools/bin/../lib/gcc/arm-none-eabi/7.3.1/../../../../arm-none-eabi/lib/thumb/v7-m/libm.a(lib_a-s_rint.o)
 .ARM.attributes
                0x00000000000008f9       0x2d /mnt/mydisk/Augusto/Programs/st/stm32cubeide_1.4.0/plugins/com.st.stm32cube.ide.mcu.externaltools.gnu-tools-for-stm32.7-2018-q2-update.linux64_1.4.0.202007081208/tools/bin/../lib/gcc/arm-none-eabi/7.3.1/../../../../arm-none-eabi/lib/thumb/v7-m/libm.a(lib_a-s_scalbn.o)
 .ARM.attributes
                0x0000000000000926       0x2d /mnt/mydisk/Augusto/Programs/st/stm32cubeide_1.4.0/plugins/com.st.stm32cube.ide.mcu.externaltools.gnu-tools-for-stm32.7-2018-q2-update.linux64_1.4.0.202007081208/tools/bin/../lib/gcc/arm-none-eabi/7.3.1/../../../../arm-none-eabi/lib/thumb/v7-m/libm.a(lib_a-s_copysign.o)
 .ARM.attributes
                0x0000000000000953       0x1d /mnt/mydisk/Augusto/Programs/st/stm32cubeide_1.4.0/plugins/com.st.stm32cube.ide.mcu.externaltools.gnu-tools-for-stm32.7-2018-q2-update.linux64_1.4.0.202007081208/tools/bin/../lib/gcc/arm-none-eabi/7.3.1/thumb/v7-m/libgcc.a(_arm_addsubdf3.o)
 .ARM.attributes
                0x0000000000000970       0x1d /mnt/mydisk/Augusto/Programs/st/stm32cubeide_1.4.0/plugins/com.st.stm32cube.ide.mcu.externaltools.gnu-tools-for-stm32.7-2018-q2-update.linux64_1.4.0.202007081208/tools/bin/../lib/gcc/arm-none-eabi/7.3.1/thumb/v7-m/libgcc.a(_arm_muldivdf3.o)
 .ARM.attributes
                0x000000000000098d       0x1d /mnt/mydisk/Augusto/Programs/st/stm32cubeide_1.4.0/plugins/com.st.stm32cube.ide.mcu.externaltools.gnu-tools-for-stm32.7-2018-q2-update.linux64_1.4.0.202007081208/tools/bin/../lib/gcc/arm-none-eabi/7.3.1/thumb/v7-m/libgcc.a(_arm_cmpdf2.o)
 .ARM.attributes
                0x00000000000009aa       0x1d /mnt/mydisk/Augusto/Programs/st/stm32cubeide_1.4.0/plugins/com.st.stm32cube.ide.mcu.externaltools.gnu-tools-for-stm32.7-2018-q2-update.linux64_1.4.0.202007081208/tools/bin/../lib/gcc/arm-none-eabi/7.3.1/thumb/v7-m/libgcc.a(_arm_unorddf2.o)
 .ARM.attributes
                0x00000000000009c7       0x1d /mnt/mydisk/Augusto/Programs/st/stm32cubeide_1.4.0/plugins/com.st.stm32cube.ide.mcu.externaltools.gnu-tools-for-stm32.7-2018-q2-update.linux64_1.4.0.202007081208/tools/bin/../lib/gcc/arm-none-eabi/7.3.1/thumb/v7-m/libgcc.a(_arm_fixunsdfsi.o)
 .ARM.attributes
                0x00000000000009e4       0x1d /mnt/mydisk/Augusto/Programs/st/stm32cubeide_1.4.0/plugins/com.st.stm32cube.ide.mcu.externaltools.gnu-tools-for-stm32.7-2018-q2-update.linux64_1.4.0.202007081208/tools/bin/../lib/gcc/arm-none-eabi/7.3.1/thumb/v7-m/libgcc.a(_arm_truncdfsf2.o)
 .ARM.attributes
                0x0000000000000a01       0x1d /mnt/mydisk/Augusto/Programs/st/stm32cubeide_1.4.0/plugins/com.st.stm32cube.ide.mcu.externaltools.gnu-tools-for-stm32.7-2018-q2-update.linux64_1.4.0.202007081208/tools/bin/../lib/gcc/arm-none-eabi/7.3.1/thumb/v7-m/libgcc.a(_arm_addsubsf3.o)
 .ARM.attributes
                0x0000000000000a1e       0x1d /mnt/mydisk/Augusto/Programs/st/stm32cubeide_1.4.0/plugins/com.st.stm32cube.ide.mcu.externaltools.gnu-tools-for-stm32.7-2018-q2-update.linux64_1.4.0.202007081208/tools/bin/../lib/gcc/arm-none-eabi/7.3.1/thumb/v7-m/libgcc.a(_arm_muldivsf3.o)
 .ARM.attributes
                0x0000000000000a3b       0x1d /mnt/mydisk/Augusto/Programs/st/stm32cubeide_1.4.0/plugins/com.st.stm32cube.ide.mcu.externaltools.gnu-tools-for-stm32.7-2018-q2-update.linux64_1.4.0.202007081208/tools/bin/../lib/gcc/arm-none-eabi/7.3.1/thumb/v7-m/libgcc.a(_arm_cmpsf2.o)
 .ARM.attributes
                0x0000000000000a58       0x1d /mnt/mydisk/Augusto/Programs/st/stm32cubeide_1.4.0/plugins/com.st.stm32cube.ide.mcu.externaltools.gnu-tools-for-stm32.7-2018-q2-update.linux64_1.4.0.202007081208/tools/bin/../lib/gcc/arm-none-eabi/7.3.1/thumb/v7-m/libgcc.a(_arm_fixsfsi.o)
 .ARM.attributes
                0x0000000000000a75       0x1d /mnt/mydisk/Augusto/Programs/st/stm32cubeide_1.4.0/plugins/com.st.stm32cube.ide.mcu.externaltools.gnu-tools-for-stm32.7-2018-q2-update.linux64_1.4.0.202007081208/tools/bin/../lib/gcc/arm-none-eabi/7.3.1/thumb/v7-m/libgcc.a(_arm_fixunssfsi.o)
 .ARM.attributes
                0x0000000000000a92       0x1d /mnt/mydisk/Augusto/Programs/st/stm32cubeide_1.4.0/plugins/com.st.stm32cube.ide.mcu.externaltools.gnu-tools-for-stm32.7-2018-q2-update.linux64_1.4.0.202007081208/tools/bin/../lib/gcc/arm-none-eabi/7.3.1/thumb/v7-m/crtn.o
OUTPUT(Spider.elf elf32-littlearm)

.debug_info     0x0000000000000000    0x14cf5
 .debug_info    0x0000000000000000      0xc3d Core/Src/dma.o
 .debug_info    0x0000000000000c3d      0xd84 Core/Src/gpio.o
 .debug_info    0x00000000000019c1     0x124b Core/Src/i2c.o
 .debug_info    0x0000000000002c0c     0x1a53 Core/Src/main.o
 .debug_info    0x000000000000465f     0x123a Core/Src/pca9685.o
 .debug_info    0x0000000000005899      0xee7 Core/Src/spider.o
 .debug_info    0x0000000000006780      0xb9b Core/Src/stm32f1xx_hal_msp.o
 .debug_info    0x000000000000731b     0x15a0 Core/Src/stm32f1xx_it.o
 .debug_info    0x00000000000088bb      0x29a Core/Src/system_stm32f1xx.o
 .debug_info    0x0000000000008b55     0x137e Core/Src/tim.o
 .debug_info    0x0000000000009ed3     0x1272 Core/Src/usart.o
 .debug_info    0x000000000000b145       0x22 Core/Startup/startup_stm32f103c8tx.o
 .debug_info    0x000000000000b167      0x714 Drivers/STM32F1xx_HAL_Driver/Src/stm32f1xx_hal.o
 .debug_info    0x000000000000b87b      0xb51 Drivers/STM32F1xx_HAL_Driver/Src/stm32f1xx_hal_cortex.o
 .debug_info    0x000000000000c3cc      0x7b1 Drivers/STM32F1xx_HAL_Driver/Src/stm32f1xx_hal_dma.o
 .debug_info    0x000000000000cb7d      0x69b Drivers/STM32F1xx_HAL_Driver/Src/stm32f1xx_hal_gpio.o
 .debug_info    0x000000000000d218     0x2555 Drivers/STM32F1xx_HAL_Driver/Src/stm32f1xx_hal_i2c.o
 .debug_info    0x000000000000f76d      0x80f Drivers/STM32F1xx_HAL_Driver/Src/stm32f1xx_hal_rcc.o
 .debug_info    0x000000000000ff7c     0x27ef Drivers/STM32F1xx_HAL_Driver/Src/stm32f1xx_hal_tim.o
 .debug_info    0x000000000001276b     0x136f Drivers/STM32F1xx_HAL_Driver/Src/stm32f1xx_hal_tim_ex.o
 .debug_info    0x0000000000013ada     0x121b Drivers/STM32F1xx_HAL_Driver/Src/stm32f1xx_hal_uart.o

.debug_abbrev   0x0000000000000000     0x2b15
 .debug_abbrev  0x0000000000000000      0x1db Core/Src/dma.o
 .debug_abbrev  0x00000000000001db      0x1e6 Core/Src/gpio.o
 .debug_abbrev  0x00000000000003c1      0x21c Core/Src/i2c.o
 .debug_abbrev  0x00000000000005dd      0x2b1 Core/Src/main.o
 .debug_abbrev  0x000000000000088e      0x262 Core/Src/pca9685.o
 .debug_abbrev  0x0000000000000af0      0x2c8 Core/Src/spider.o
 .debug_abbrev  0x0000000000000db8      0x1e6 Core/Src/stm32f1xx_hal_msp.o
 .debug_abbrev  0x0000000000000f9e      0x211 Core/Src/stm32f1xx_it.o
 .debug_abbrev  0x00000000000011af      0x134 Core/Src/system_stm32f1xx.o
 .debug_abbrev  0x00000000000012e3      0x247 Core/Src/tim.o
 .debug_abbrev  0x000000000000152a      0x23c Core/Src/usart.o
 .debug_abbrev  0x0000000000001766       0x12 Core/Startup/startup_stm32f103c8tx.o
 .debug_abbrev  0x0000000000001778      0x1c7 Drivers/STM32F1xx_HAL_Driver/Src/stm32f1xx_hal.o
 .debug_abbrev  0x000000000000193f      0x2d5 Drivers/STM32F1xx_HAL_Driver/Src/stm32f1xx_hal_cortex.o
 .debug_abbrev  0x0000000000001c14      0x1fe Drivers/STM32F1xx_HAL_Driver/Src/stm32f1xx_hal_dma.o
 .debug_abbrev  0x0000000000001e12      0x1c0 Drivers/STM32F1xx_HAL_Driver/Src/stm32f1xx_hal_gpio.o
 .debug_abbrev  0x0000000000001fd2      0x258 Drivers/STM32F1xx_HAL_Driver/Src/stm32f1xx_hal_i2c.o
 .debug_abbrev  0x000000000000222a      0x243 Drivers/STM32F1xx_HAL_Driver/Src/stm32f1xx_hal_rcc.o
 .debug_abbrev  0x000000000000246d      0x230 Drivers/STM32F1xx_HAL_Driver/Src/stm32f1xx_hal_tim.o
 .debug_abbrev  0x000000000000269d      0x236 Drivers/STM32F1xx_HAL_Driver/Src/stm32f1xx_hal_tim_ex.o
 .debug_abbrev  0x00000000000028d3      0x242 Drivers/STM32F1xx_HAL_Driver/Src/stm32f1xx_hal_uart.o

.debug_aranges  0x0000000000000000     0x1048
 .debug_aranges
                0x0000000000000000       0x20 Core/Src/dma.o
 .debug_aranges
                0x0000000000000020       0x20 Core/Src/gpio.o
 .debug_aranges
                0x0000000000000040       0x30 Core/Src/i2c.o
 .debug_aranges
                0x0000000000000070       0x58 Core/Src/main.o
 .debug_aranges
                0x00000000000000c8       0x78 Core/Src/pca9685.o
 .debug_aranges
                0x0000000000000140       0x88 Core/Src/spider.o
 .debug_aranges
                0x00000000000001c8       0x20 Core/Src/stm32f1xx_hal_msp.o
 .debug_aranges
                0x00000000000001e8       0x90 Core/Src/stm32f1xx_it.o
 .debug_aranges
                0x0000000000000278       0x28 Core/Src/system_stm32f1xx.o
 .debug_aranges
                0x00000000000002a0       0x40 Core/Src/tim.o
 .debug_aranges
                0x00000000000002e0       0x50 Core/Src/usart.o
 .debug_aranges
                0x0000000000000330       0x28 Core/Startup/startup_stm32f103c8tx.o
 .debug_aranges
                0x0000000000000358       0xe0 Drivers/STM32F1xx_HAL_Driver/Src/stm32f1xx_hal.o
 .debug_aranges
                0x0000000000000438      0x100 Drivers/STM32F1xx_HAL_Driver/Src/stm32f1xx_hal_cortex.o
 .debug_aranges
                0x0000000000000538       0x80 Drivers/STM32F1xx_HAL_Driver/Src/stm32f1xx_hal_dma.o
 .debug_aranges
                0x00000000000005b8       0x58 Drivers/STM32F1xx_HAL_Driver/Src/stm32f1xx_hal_gpio.o
 .debug_aranges
                0x0000000000000610      0x2a0 Drivers/STM32F1xx_HAL_Driver/Src/stm32f1xx_hal_i2c.o
 .debug_aranges
                0x00000000000008b0       0x90 Drivers/STM32F1xx_HAL_Driver/Src/stm32f1xx_hal_rcc.o
 .debug_aranges
                0x0000000000000940      0x3d0 Drivers/STM32F1xx_HAL_Driver/Src/stm32f1xx_hal_tim.o
 .debug_aranges
                0x0000000000000d10      0x168 Drivers/STM32F1xx_HAL_Driver/Src/stm32f1xx_hal_tim_ex.o
 .debug_aranges
                0x0000000000000e78      0x1d0 Drivers/STM32F1xx_HAL_Driver/Src/stm32f1xx_hal_uart.o

.debug_ranges   0x0000000000000000      0xf28
 .debug_ranges  0x0000000000000000       0x10 Core/Src/dma.o
 .debug_ranges  0x0000000000000010       0x10 Core/Src/gpio.o
 .debug_ranges  0x0000000000000020       0x20 Core/Src/i2c.o
 .debug_ranges  0x0000000000000040       0x48 Core/Src/main.o
 .debug_ranges  0x0000000000000088       0x68 Core/Src/pca9685.o
 .debug_ranges  0x00000000000000f0       0x78 Core/Src/spider.o
 .debug_ranges  0x0000000000000168       0x10 Core/Src/stm32f1xx_hal_msp.o
 .debug_ranges  0x0000000000000178       0x80 Core/Src/stm32f1xx_it.o
 .debug_ranges  0x00000000000001f8       0x18 Core/Src/system_stm32f1xx.o
 .debug_ranges  0x0000000000000210       0x30 Core/Src/tim.o
 .debug_ranges  0x0000000000000240       0x40 Core/Src/usart.o
 .debug_ranges  0x0000000000000280       0x20 Core/Startup/startup_stm32f103c8tx.o
 .debug_ranges  0x00000000000002a0       0xd0 Drivers/STM32F1xx_HAL_Driver/Src/stm32f1xx_hal.o
 .debug_ranges  0x0000000000000370       0xf0 Drivers/STM32F1xx_HAL_Driver/Src/stm32f1xx_hal_cortex.o
 .debug_ranges  0x0000000000000460       0x70 Drivers/STM32F1xx_HAL_Driver/Src/stm32f1xx_hal_dma.o
 .debug_ranges  0x00000000000004d0       0x48 Drivers/STM32F1xx_HAL_Driver/Src/stm32f1xx_hal_gpio.o
 .debug_ranges  0x0000000000000518      0x2b8 Drivers/STM32F1xx_HAL_Driver/Src/stm32f1xx_hal_i2c.o
 .debug_ranges  0x00000000000007d0       0x80 Drivers/STM32F1xx_HAL_Driver/Src/stm32f1xx_hal_rcc.o
 .debug_ranges  0x0000000000000850      0x3c0 Drivers/STM32F1xx_HAL_Driver/Src/stm32f1xx_hal_tim.o
 .debug_ranges  0x0000000000000c10      0x158 Drivers/STM32F1xx_HAL_Driver/Src/stm32f1xx_hal_tim_ex.o
 .debug_ranges  0x0000000000000d68      0x1c0 Drivers/STM32F1xx_HAL_Driver/Src/stm32f1xx_hal_uart.o

.debug_macro    0x0000000000000000    0x1ad40
 .debug_macro   0x0000000000000000      0x3ea Core/Src/dma.o
 .debug_macro   0x00000000000003ea      0xa5a Core/Src/dma.o
 .debug_macro   0x0000000000000e44      0x227 Core/Src/dma.o
 .debug_macro   0x000000000000106b       0x2e Core/Src/dma.o
 .debug_macro   0x0000000000001099       0x22 Core/Src/dma.o
 .debug_macro   0x00000000000010bb       0x22 Core/Src/dma.o
 .debug_macro   0x00000000000010dd       0x8e Core/Src/dma.o
 .debug_macro   0x000000000000116b       0x51 Core/Src/dma.o
 .debug_macro   0x00000000000011bc       0xef Core/Src/dma.o
 .debug_macro   0x00000000000012ab       0x6a Core/Src/dma.o
 .debug_macro   0x0000000000001315      0x1df Core/Src/dma.o
 .debug_macro   0x00000000000014f4       0x1c Core/Src/dma.o
 .debug_macro   0x0000000000001510       0x22 Core/Src/dma.o
 .debug_macro   0x0000000000001532       0xc3 Core/Src/dma.o
 .debug_macro   0x00000000000015f5      0xd23 Core/Src/dma.o
 .debug_macro   0x0000000000002318     0xe097 Core/Src/dma.o
 .debug_macro   0x00000000000103af       0x43 Core/Src/dma.o
 .debug_macro   0x00000000000103f2     0x3468 Core/Src/dma.o
 .debug_macro   0x000000000001385a      0x174 Core/Src/dma.o
 .debug_macro   0x00000000000139ce       0x5c Core/Src/dma.o
 .debug_macro   0x0000000000013a2a      0x5be Core/Src/dma.o
 .debug_macro   0x0000000000013fe8      0x289 Core/Src/dma.o
 .debug_macro   0x0000000000014271      0x1cb Core/Src/dma.o
 .debug_macro   0x000000000001443c      0x114 Core/Src/dma.o
 .debug_macro   0x0000000000014550      0x1b2 Core/Src/dma.o
 .debug_macro   0x0000000000014702       0x27 Core/Src/dma.o
 .debug_macro   0x0000000000014729      0x136 Core/Src/dma.o
 .debug_macro   0x000000000001485f      0x1bc Core/Src/dma.o
 .debug_macro   0x0000000000014a1b       0x34 Core/Src/dma.o
 .debug_macro   0x0000000000014a4f       0x3c Core/Src/dma.o
 .debug_macro   0x0000000000014a8b       0x57 Core/Src/dma.o
 .debug_macro   0x0000000000014ae2       0x88 Core/Src/dma.o
 .debug_macro   0x0000000000014b6a      0x241 Core/Src/dma.o
 .debug_macro   0x0000000000014dab      0x287 Core/Src/dma.o
 .debug_macro   0x0000000000015032      0x141 Core/Src/dma.o
 .debug_macro   0x0000000000015173      0x8d1 Core/Src/dma.o
 .debug_macro   0x0000000000015a44      0x26b Core/Src/dma.o
 .debug_macro   0x0000000000015caf       0x83 Core/Src/dma.o
 .debug_macro   0x0000000000015d32       0x46 Core/Src/dma.o
 .debug_macro   0x0000000000015d78       0x18 Core/Src/dma.o
 .debug_macro   0x0000000000015d90       0x3c Core/Src/dma.o
 .debug_macro   0x0000000000015dcc       0x34 Core/Src/dma.o
 .debug_macro   0x0000000000015e00       0x16 Core/Src/dma.o
 .debug_macro   0x0000000000015e16       0x35 Core/Src/dma.o
 .debug_macro   0x0000000000015e4b      0x32a Core/Src/dma.o
 .debug_macro   0x0000000000016175       0x10 Core/Src/dma.o
 .debug_macro   0x0000000000016185       0x52 Core/Src/dma.o
 .debug_macro   0x00000000000161d7       0x1f Core/Src/dma.o
 .debug_macro   0x00000000000161f6       0x43 Core/Src/dma.o
 .debug_macro   0x0000000000016239       0x20 Core/Src/dma.o
 .debug_macro   0x0000000000016259      0x1a3 Core/Src/dma.o
 .debug_macro   0x00000000000163fc       0x10 Core/Src/dma.o
 .debug_macro   0x000000000001640c       0x1c Core/Src/dma.o